[35m[1mScanning dependencies of target _message_pkg_generate_messages_check_deps_Keyboard_command[0m
[  0%] Built target std_msgs_generate_messages_lisp
[  0%] Built target geometry_msgs_generate_messages_lisp
[  0%] Built target _message_pkg_generate_messages_check_deps_Keyboard_command
[  0%] Built target std_msgs_generate_messages_py
[  0%] Built target _message_pkg_generate_messages_check_deps_Vel_msg
[  0%] Built target std_msgs_generate_messages_cpp
[  0%] Built target geometry_msgs_generate_messages_py
[  0%] Built target _message_pkg_generate_messages_check_deps_App_request
[  0%] Built target geometry_msgs_generate_messages_cpp
[  0%] Built target geometry_msgs_generate_messages_nodejs
[  0%] Built target std_msgs_generate_messages_eus
[  0%] Built target std_msgs_generate_messages_nodejs
[  0%] Built target geometry_msgs_generate_messages_eus
[  5%] [34m[1mGenerating Lisp code from message_pkg/Keyboard_command.msg[0m
[ 11%] [34m[1mGenerating Python from MSG message_pkg/Keyboard_command[0m
[ 17%] [34m[1mGenerating C++ code from message_pkg/Keyboard_command.msg[0m
[ 23%] [34m[1mGenerating Javascript code from message_pkg/Keyboard_command.msg[0m
[ 35%] Built target message_pkg_generate_messages_lisp
[ 41%] [34m[1mGenerating EusLisp code from message_pkg/Keyboard_command.msg[0m
[ 52%] Built target message_pkg_generate_messages_nodejs
[ 70%] Built target message_pkg_generate_messages_eus
[ 82%] Built target message_pkg_generate_messages_cpp
[ 88%] [34m[1mGenerating Python msg __init__.py for message_pkg[0m
[100%] Built target message_pkg_generate_messages_py
[100%] Built target message_pkg_generate_messages
