[35m[1mScanning dependencies of target _message_pkg_generate_messages_check_deps_Vel_msg[0m
[35m[1mScanning dependencies of target geometry_msgs_generate_messages_lisp[0m
[35m[1mScanning dependencies of target std_msgs_generate_messages_lisp[0m
[35m[1mScanning dependencies of target _message_pkg_generate_messages_check_deps_App_request[0m
[  0%] Built target std_msgs_generate_messages_lisp
[  0%] Built target geometry_msgs_generate_messages_lisp
[35m[1mScanning dependencies of target std_msgs_generate_messages_py[0m
[35m[1mScanning dependencies of target geometry_msgs_generate_messages_py[0m
[  0%] Built target std_msgs_generate_messages_py
[  0%] Built target geometry_msgs_generate_messages_py
[35m[1mScanning dependencies of target std_msgs_generate_messages_cpp[0m
[35m[1mScanning dependencies of target geometry_msgs_generate_messages_cpp[0m
[  0%] Built target std_msgs_generate_messages_cpp
[  0%] Built target _message_pkg_generate_messages_check_deps_Vel_msg
[  0%] Built target geometry_msgs_generate_messages_cpp
[  0%] Built target _message_pkg_generate_messages_check_deps_App_request
[35m[1mScanning dependencies of target geometry_msgs_generate_messages_nodejs[0m
[35m[1mScanning dependencies of target std_msgs_generate_messages_nodejs[0m
[35m[1mScanning dependencies of target std_msgs_generate_messages_eus[0m
[35m[1mScanning dependencies of target geometry_msgs_generate_messages_eus[0m
[  0%] Built target geometry_msgs_generate_messages_nodejs
[  0%] Built target std_msgs_generate_messages_eus
[  0%] Built target std_msgs_generate_messages_nodejs
[  0%] Built target geometry_msgs_generate_messages_eus
[35m[1mScanning dependencies of target message_pkg_generate_messages_lisp[0m
[35m[1mScanning dependencies of target message_pkg_generate_messages_py[0m
[35m[1mScanning dependencies of target message_pkg_generate_messages_cpp[0m
[35m[1mScanning dependencies of target message_pkg_generate_messages_nodejs[0m
[  8%] [34m[1mGenerating Lisp code from message_pkg/App_request.msg[0m
[ 16%] [34m[1mGenerating Python from MSG message_pkg/App_request[0m
[ 25%] [34m[1mGenerating C++ code from message_pkg/App_request.msg[0m
[ 33%] [34m[1mGenerating Javascript code from message_pkg/App_request.msg[0m
[ 41%] [34m[1mGenerating Lisp code from message_pkg/Vel_msg.msg[0m
[ 50%] [34m[1mGenerating Javascript code from message_pkg/Vel_msg.msg[0m
[ 50%] Built target message_pkg_generate_messages_lisp
[ 58%] [34m[1mGenerating C++ code from message_pkg/Vel_msg.msg[0m
[ 66%] [34m[1mGenerating Python from MSG message_pkg/Vel_msg[0m
[ 66%] Built target message_pkg_generate_messages_nodejs
[35m[1mScanning dependencies of target message_pkg_generate_messages_eus[0m
[ 75%] [34m[1mGenerating EusLisp code from message_pkg/App_request.msg[0m
[ 75%] Built target message_pkg_generate_messages_cpp
[ 91%] [34m[1mGenerating EusLisp manifest code for message_pkg[0m
[ 91%] [34m[1mGenerating EusLisp code from message_pkg/Vel_msg.msg[0m
[100%] [34m[1mGenerating Python msg __init__.py for message_pkg[0m
[100%] Built target message_pkg_generate_messages_py
[100%] Built target message_pkg_generate_messages_eus
[35m[1mScanning dependencies of target message_pkg_generate_messages[0m
[100%] Built target message_pkg_generate_messages
