Symlinking /home/thanh/catkin_ws/devel/include/message_pkg/App_request.h
Symlinking /home/thanh/catkin_ws/devel/include/message_pkg/Vel_msg.h
Symlinking /home/thanh/catkin_ws/devel/lib/pkgconfig/message_pkg.pc
Symlinking /home/thanh/catkin_ws/devel/lib/python3/dist-packages/message_pkg/__init__.py
Symlinking /home/thanh/catkin_ws/devel/lib/python3/dist-packages/message_pkg/msg/_App_request.py
Symlinking /home/thanh/catkin_ws/devel/lib/python3/dist-packages/message_pkg/msg/__init__.py
Symlinking /home/thanh/catkin_ws/devel/lib/python3/dist-packages/message_pkg/msg/_Vel_msg.py
Symlinking /home/thanh/catkin_ws/devel/share/roseus/ros/message_pkg/manifest.l
Symlinking /home/thanh/catkin_ws/devel/share/roseus/ros/message_pkg/msg/App_request.l
Symlinking /home/thanh/catkin_ws/devel/share/roseus/ros/message_pkg/msg/Vel_msg.l
Symlinking /home/thanh/catkin_ws/devel/share/common-lisp/ros/message_pkg/msg/App_request.lisp
Symlinking /home/thanh/catkin_ws/devel/share/common-lisp/ros/message_pkg/msg/_package_App_request.lisp
Symlinking /home/thanh/catkin_ws/devel/share/common-lisp/ros/message_pkg/msg/Vel_msg.lisp
Symlinking /home/thanh/catkin_ws/devel/share/common-lisp/ros/message_pkg/msg/_package_Vel_msg.lisp
Symlinking /home/thanh/catkin_ws/devel/share/common-lisp/ros/message_pkg/msg/_package.lisp
Symlinking /home/thanh/catkin_ws/devel/share/common-lisp/ros/message_pkg/msg/message_pkg-msg.asd
Symlinking /home/thanh/catkin_ws/devel/share/message_pkg/cmake/message_pkg-msg-extras.cmake
Symlinking /home/thanh/catkin_ws/devel/share/message_pkg/cmake/message_pkgConfig.cmake
Symlinking /home/thanh/catkin_ws/devel/share/message_pkg/cmake/message_pkg-msg-paths.cmake
Symlinking /home/thanh/catkin_ws/devel/share/message_pkg/cmake/message_pkgConfig-version.cmake
Symlinking /home/thanh/catkin_ws/devel/share/gennodejs/ros/message_pkg/_index.js
Symlinking /home/thanh/catkin_ws/devel/share/gennodejs/ros/message_pkg/msg/_index.js
Symlinking /home/thanh/catkin_ws/devel/share/gennodejs/ros/message_pkg/msg/Vel_msg.js
Symlinking /home/thanh/catkin_ws/devel/share/gennodejs/ros/message_pkg/msg/App_request.js
