Linked: (/home/thanh/catkin_ws/devel/.private/message_pkg/include/message_pkg/App_request.h, /home/thanh/catkin_ws/devel/include/message_pkg/App_request.h)
Symlinking /home/thanh/catkin_ws/devel/include/message_pkg/Keyboard_command.h
Linked: (/home/thanh/catkin_ws/devel/.private/message_pkg/include/message_pkg/Vel_msg.h, /home/thanh/catkin_ws/devel/include/message_pkg/Vel_msg.h)
Linked: (/home/thanh/catkin_ws/devel/.private/message_pkg/lib/pkgconfig/message_pkg.pc, /home/thanh/catkin_ws/devel/lib/pkgconfig/message_pkg.pc)
Linked: (/home/thanh/catkin_ws/devel/.private/message_pkg/lib/python3/dist-packages/message_pkg/__init__.py, /home/thanh/catkin_ws/devel/lib/python3/dist-packages/message_pkg/__init__.py)
Linked: (/home/thanh/catkin_ws/devel/.private/message_pkg/lib/python3/dist-packages/message_pkg/msg/_App_request.py, /home/thanh/catkin_ws/devel/lib/python3/dist-packages/message_pkg/msg/_App_request.py)
Symlinking /home/thanh/catkin_ws/devel/lib/python3/dist-packages/message_pkg/msg/_Keyboard_command.py
Linked: (/home/thanh/catkin_ws/devel/.private/message_pkg/lib/python3/dist-packages/message_pkg/msg/__init__.py, /home/thanh/catkin_ws/devel/lib/python3/dist-packages/message_pkg/msg/__init__.py)
Linked: (/home/thanh/catkin_ws/devel/.private/message_pkg/lib/python3/dist-packages/message_pkg/msg/_Vel_msg.py, /home/thanh/catkin_ws/devel/lib/python3/dist-packages/message_pkg/msg/_Vel_msg.py)
Linked: (/home/thanh/catkin_ws/devel/.private/message_pkg/share/roseus/ros/message_pkg/manifest.l, /home/thanh/catkin_ws/devel/share/roseus/ros/message_pkg/manifest.l)
Linked: (/home/thanh/catkin_ws/devel/.private/message_pkg/share/roseus/ros/message_pkg/msg/App_request.l, /home/thanh/catkin_ws/devel/share/roseus/ros/message_pkg/msg/App_request.l)
Linked: (/home/thanh/catkin_ws/devel/.private/message_pkg/share/roseus/ros/message_pkg/msg/Vel_msg.l, /home/thanh/catkin_ws/devel/share/roseus/ros/message_pkg/msg/Vel_msg.l)
Symlinking /home/thanh/catkin_ws/devel/share/roseus/ros/message_pkg/msg/Keyboard_command.l
Symlinking /home/thanh/catkin_ws/devel/share/common-lisp/ros/message_pkg/msg/Keyboard_command.lisp
Linked: (/home/thanh/catkin_ws/devel/.private/message_pkg/share/common-lisp/ros/message_pkg/msg/App_request.lisp, /home/thanh/catkin_ws/devel/share/common-lisp/ros/message_pkg/msg/App_request.lisp)
Linked: (/home/thanh/catkin_ws/devel/.private/message_pkg/share/common-lisp/ros/message_pkg/msg/_package_App_request.lisp, /home/thanh/catkin_ws/devel/share/common-lisp/ros/message_pkg/msg/_package_App_request.lisp)
Linked: (/home/thanh/catkin_ws/devel/.private/message_pkg/share/common-lisp/ros/message_pkg/msg/Vel_msg.lisp, /home/thanh/catkin_ws/devel/share/common-lisp/ros/message_pkg/msg/Vel_msg.lisp)
Linked: (/home/thanh/catkin_ws/devel/.private/message_pkg/share/common-lisp/ros/message_pkg/msg/_package_Vel_msg.lisp, /home/thanh/catkin_ws/devel/share/common-lisp/ros/message_pkg/msg/_package_Vel_msg.lisp)
Linked: (/home/thanh/catkin_ws/devel/.private/message_pkg/share/common-lisp/ros/message_pkg/msg/_package.lisp, /home/thanh/catkin_ws/devel/share/common-lisp/ros/message_pkg/msg/_package.lisp)
Linked: (/home/thanh/catkin_ws/devel/.private/message_pkg/share/common-lisp/ros/message_pkg/msg/message_pkg-msg.asd, /home/thanh/catkin_ws/devel/share/common-lisp/ros/message_pkg/msg/message_pkg-msg.asd)
Symlinking /home/thanh/catkin_ws/devel/share/common-lisp/ros/message_pkg/msg/_package_Keyboard_command.lisp
Linked: (/home/thanh/catkin_ws/devel/.private/message_pkg/share/message_pkg/cmake/message_pkg-msg-extras.cmake, /home/thanh/catkin_ws/devel/share/message_pkg/cmake/message_pkg-msg-extras.cmake)
Linked: (/home/thanh/catkin_ws/devel/.private/message_pkg/share/message_pkg/cmake/message_pkgConfig.cmake, /home/thanh/catkin_ws/devel/share/message_pkg/cmake/message_pkgConfig.cmake)
Linked: (/home/thanh/catkin_ws/devel/.private/message_pkg/share/message_pkg/cmake/message_pkg-msg-paths.cmake, /home/thanh/catkin_ws/devel/share/message_pkg/cmake/message_pkg-msg-paths.cmake)
Linked: (/home/thanh/catkin_ws/devel/.private/message_pkg/share/message_pkg/cmake/message_pkgConfig-version.cmake, /home/thanh/catkin_ws/devel/share/message_pkg/cmake/message_pkgConfig-version.cmake)
Linked: (/home/thanh/catkin_ws/devel/.private/message_pkg/share/gennodejs/ros/message_pkg/_index.js, /home/thanh/catkin_ws/devel/share/gennodejs/ros/message_pkg/_index.js)
Linked: (/home/thanh/catkin_ws/devel/.private/message_pkg/share/gennodejs/ros/message_pkg/msg/_index.js, /home/thanh/catkin_ws/devel/share/gennodejs/ros/message_pkg/msg/_index.js)
Linked: (/home/thanh/catkin_ws/devel/.private/message_pkg/share/gennodejs/ros/message_pkg/msg/Vel_msg.js, /home/thanh/catkin_ws/devel/share/gennodejs/ros/message_pkg/msg/Vel_msg.js)
Symlinking /home/thanh/catkin_ws/devel/share/gennodejs/ros/message_pkg/msg/Keyboard_command.js
Linked: (/home/thanh/catkin_ws/devel/.private/message_pkg/share/gennodejs/ros/message_pkg/msg/App_request.js, /home/thanh/catkin_ws/devel/share/gennodejs/ros/message_pkg/msg/App_request.js)
