Component: ARM Compiler 6.14 Tool: armlink [5db06800]

==============================================================================

Section Cross References

    mainpp.o(.text.__cxx_global_var_init) refers to mainpp.o(.bss.nh) for nh
    mainpp.o(.text.__cxx_global_var_init) refers to mainpp.o(.text._ZN3ros11NodeHandle_I13STM32HardwareLi25ELi25ELi512ELi512EEC2Ev) for ros::NodeHandle_<STM32Hardware, (int)25, (int)25, (int)512, (int)512>::NodeHandle___sub_object()
    mainpp.o(.ARM.exidx.text.__cxx_global_var_init) refers to mainpp.o(.text.__cxx_global_var_init) for [Anonymous Symbol]
    mainpp.o(.text.__cxx_global_var_init.1) refers to mainpp.o(.bss.right_wheel_tick_count) for right_wheel_tick_count
    mainpp.o(.text.__cxx_global_var_init.1) refers to mainpp.o(.text._ZN8std_msgs5Int16C2Ev) for std_msgs::Int16::Int16__sub_object()
    mainpp.o(.ARM.exidx.text.__cxx_global_var_init.1) refers to mainpp.o(.text.__cxx_global_var_init.1) for [Anonymous Symbol]
    mainpp.o(.text.__cxx_global_var_init.2) refers to mainpp.o(.bss.left_wheel_tick_count) for left_wheel_tick_count
    mainpp.o(.text.__cxx_global_var_init.2) refers to mainpp.o(.text._ZN8std_msgs5Int16C2Ev) for std_msgs::Int16::Int16__sub_object()
    mainpp.o(.ARM.exidx.text.__cxx_global_var_init.2) refers to mainpp.o(.text.__cxx_global_var_init.2) for [Anonymous Symbol]
    mainpp.o(.text.__cxx_global_var_init.3) refers to mainpp.o(.bss.left_vel_data) for left_vel_data
    mainpp.o(.text.__cxx_global_var_init.3) refers to mainpp.o(.text._ZN8std_msgs5Int16C2Ev) for std_msgs::Int16::Int16__sub_object()
    mainpp.o(.ARM.exidx.text.__cxx_global_var_init.3) refers to mainpp.o(.text.__cxx_global_var_init.3) for [Anonymous Symbol]
    mainpp.o(.text.__cxx_global_var_init.4) refers to mainpp.o(.bss.right_vel_data) for right_vel_data
    mainpp.o(.text.__cxx_global_var_init.4) refers to mainpp.o(.text._ZN8std_msgs5Int16C2Ev) for std_msgs::Int16::Int16__sub_object()
    mainpp.o(.ARM.exidx.text.__cxx_global_var_init.4) refers to mainpp.o(.text.__cxx_global_var_init.4) for [Anonymous Symbol]
    mainpp.o(.text._Z17USART2_IRQHandlerv) refers to mainpp.o(.bss.nh) for nh
    mainpp.o(.text._Z17USART2_IRQHandlerv) refers to mainpp.o(.text._ZN3ros11NodeHandle_I13STM32HardwareLi25ELi25ELi512ELi512EE11getHardwareEv) for ros::NodeHandle_<STM32Hardware, (int)25, (int)25, (int)512, (int)512>::getHardware()
    mainpp.o(.text._Z17USART2_IRQHandlerv) refers to mainpp.o(.text._ZN13STM32Hardware10reset_rbufEv) for STM32Hardware::reset_rbuf()
    mainpp.o(.text._Z17USART2_IRQHandlerv) refers to mainpp.o(.text._ZN13STM32Hardware5flushEv) for STM32Hardware::flush()
    mainpp.o(.ARM.exidx.text._Z17USART2_IRQHandlerv) refers to mainpp.o(.text._Z17USART2_IRQHandlerv) for [Anonymous Symbol]
    mainpp.o(.text.Encoder_Turnleft) refers to dio.o(.text.readEncoder1) for readEncoder1
    mainpp.o(.text.Encoder_Turnleft) refers to mainpp.o(.data.Direction_left) for Direction_left
    mainpp.o(.text.Encoder_Turnleft) refers to mainpp.o(.bss.pos_left) for pos_left
    mainpp.o(.ARM.exidx.text.Encoder_Turnleft) refers to mainpp.o(.text.Encoder_Turnleft) for [Anonymous Symbol]
    mainpp.o(.text.Encoder_Turnright) refers to dio.o(.text.readEncoder2) for readEncoder2
    mainpp.o(.text.Encoder_Turnright) refers to mainpp.o(.data.Direction_right) for Direction_right
    mainpp.o(.text.Encoder_Turnright) refers to mainpp.o(.bss.pos_right) for pos_right
    mainpp.o(.text.Encoder_Turnright) refers to mainpp.o(.bss.pos_left) for pos_left
    mainpp.o(.ARM.exidx.text.Encoder_Turnright) refers to mainpp.o(.text.Encoder_Turnright) for [Anonymous Symbol]
    mainpp.o(.text._Z19calc_vel_left_wheelv) refers to mainpp.o(.bss.left_wheel_tick_count) for left_wheel_tick_count
    mainpp.o(.text._Z19calc_vel_left_wheelv) refers to mainpp.o(.bss._ZZ19calc_vel_left_wheelvE13prevLeftCount) for calc_vel_left_wheel()::prevLeftCount
    mainpp.o(.text._Z19calc_vel_left_wheelv) refers to dflt_clz.o(x$fpl$dflt) for __aeabi_i2d
    mainpp.o(.text._Z19calc_vel_left_wheelv) refers to ddiv.o(x$fpl$ddiv) for __aeabi_ddiv
    mainpp.o(.text._Z19calc_vel_left_wheelv) refers to systick.o(.text.get_tick) for get_tick
    mainpp.o(.text._Z19calc_vel_left_wheelv) refers to dflt_clz.o(x$fpl$dfltu) for __aeabi_ui2d
    mainpp.o(.text._Z19calc_vel_left_wheelv) refers to mainpp.o(.bss._ZZ19calc_vel_left_wheelvE8prevTime) for calc_vel_left_wheel()::prevTime
    mainpp.o(.text._Z19calc_vel_left_wheelv) refers to daddsub_clz.o(x$fpl$dsub) for __aeabi_dsub
    mainpp.o(.text._Z19calc_vel_left_wheelv) refers to mainpp.o(.bss.velLeftWheel) for velLeftWheel
    mainpp.o(.text._Z19calc_vel_left_wheelv) refers to dmul.o(x$fpl$dmul) for __aeabi_dmul
    mainpp.o(.text._Z19calc_vel_left_wheelv) refers to d2f.o(x$fpl$d2f) for __aeabi_d2f
    mainpp.o(.text._Z19calc_vel_left_wheelv) refers to mainpp.o(.bss.left_wheel_vel) for left_wheel_vel
[...]
    x$fpl$d2f                                0x08003c44   Section       98  d2f.o(x$fpl$d2f)
    $v0                                      0x08003ca8   Number         0  daddsub_clz.o(x$fpl$dadd)
    x$fpl$dadd                               0x08003ca8   Section      336  daddsub_clz.o(x$fpl$dadd)
    _dadd1                                   0x08003cb9   Thumb Code     0  daddsub_clz.o(x$fpl$dadd)
    $v0                                      0x08003df8   Number         0  dcmpi.o(x$fpl$dcmpinf)
    x$fpl$dcmpinf                            0x08003df8   Section       24  dcmpi.o(x$fpl$dcmpinf)
    $v0                                      0x08003e10   Number         0  ddiv.o(x$fpl$ddiv)
    x$fpl$ddiv                               0x08003e10   Section      688  ddiv.o(x$fpl$ddiv)
    ddiv_entry                               0x08003e17   Thumb Code     0  ddiv.o(x$fpl$ddiv)
    $v0                                      0x080040c0   Number         0  deqf.o(x$fpl$deqf)
    x$fpl$deqf                               0x080040c0   Section      120  deqf.o(x$fpl$deqf)
    $v0                                      0x08004138   Number         0  dfix.o(x$fpl$dfix)
    x$fpl$dfix                               0x08004138   Section       94  dfix.o(x$fpl$dfix)
    $v0                                      0x08004196   Number         0  dflt_clz.o(x$fpl$dflt)
    x$fpl$dflt                               0x08004196   Section       46  dflt_clz.o(x$fpl$dflt)
    $v0                                      0x080041c4   Number         0  dflt_clz.o(x$fpl$dfltu)
    x$fpl$dfltu                              0x080041c4   Section       38  dflt_clz.o(x$fpl$dfltu)
    $v0                                      0x080041ec   Number         0  dgeqf.o(x$fpl$dgeqf)
    x$fpl$dgeqf                              0x080041ec   Section      120  dgeqf.o(x$fpl$dgeqf)
    $v0                                      0x08004264   Number         0  dleqf.o(x$fpl$dleqf)
    x$fpl$dleqf                              0x08004264   Section      120  dleqf.o(x$fpl$dleqf)
    $v0                                      0x080042dc   Number         0  dmul.o(x$fpl$dmul)
    x$fpl$dmul                               0x080042dc   Section      340  dmul.o(x$fpl$dmul)
    $v0                                      0x08004430   Number         0  dnaninf.o(x$fpl$dnaninf)
    x$fpl$dnaninf                            0x08004430   Section      156  dnaninf.o(x$fpl$dnaninf)
    $v0                                      0x080044cc   Number         0  dretinf.o(x$fpl$dretinf)
    x$fpl$dretinf                            0x080044cc   Section       12  dretinf.o(x$fpl$dretinf)
    $v0                                      0x080044d8   Number         0  daddsub_clz.o(x$fpl$dsub)
    x$fpl$dsub                               0x080044d8   Section      468  daddsub_clz.o(x$fpl$dsub)
    _dsub1                                   0x080044e9   Thumb Code     0  daddsub_clz.o(x$fpl$dsub)
    $v0                                      0x080046ac   Number         0  f2d.o(x$fpl$f2d)
    x$fpl$f2d                                0x080046ac   Section       86  f2d.o(x$fpl$f2d)
    $v0                                      0x08004702   Number         0  dcmp.o(x$fpl$fcmp)
    x$fpl$fcmp                               0x08004702   Section       84  dcmp.o(x$fpl$fcmp)
    $v0                                      0x08004756   Number         0  fnaninf.o(x$fpl$fnaninf)
    x$fpl$fnaninf                            0x08004756   Section      140  fnaninf.o(x$fpl$fnaninf)
    $v0                                      0x080047e2   Number         0  fpinit.o(x$fpl$fpinit)
    x$fpl$fpinit                             0x080047e2   Section       26  fpinit.o(x$fpl$fpinit)
    $v0                                      0x080047fc   Number         0  fretinf.o(x$fpl$fretinf)
    x$fpl$fretinf                            0x080047fc   Section       10  fretinf.o(x$fpl$fretinf)
    x$fpl$usenofp                            0x08004806   Section        0  usenofp.o(x$fpl$usenofp)
    .L__const.setup.system                   0x08004808   Data          40  mainpp.o(.rodata..L__const.setup.system)
    _ZN14rosserial_msgsL12REQUESTPARAME      0x08004830   Data          28  mainpp.o(.rodata._ZN14rosserial_msgsL12REQUESTPARAME)
    [Anonymous Symbol]                       0x08004830   Section        0  mainpp.o(.rodata._ZN14rosserial_msgsL12REQUESTPARAME)
    .L.str.9                                 0x08004934   Data          57  mainpp.o(.rodata.str1.1)
    [Anonymous Symbol]                       0x08004934   Section        0  mainpp.o(.rodata.str1.1)
    .L.str.18                                0x0800496d   Data          33  mainpp.o(.rodata.str1.1)
    .L.str.12                                0x0800498e   Data          33  mainpp.o(.rodata.str1.1)
    .L.str.13                                0x080049af   Data          15  mainpp.o(.rodata.str1.1)
    .L.str.14                                0x080049be   Data          33  mainpp.o(.rodata.str1.1)
    .L.str.8                                 0x080049df   Data          33  mainpp.o(.rodata.str1.1)
    .L.str.16                                0x08004a00   Data          33  mainpp.o(.rodata.str1.1)
    .L.str.15                                0x08004a21   Data          14  mainpp.o(.rodata.str1.1)
    .L.str.11                                0x08004a2f   Data          19  mainpp.o(.rodata.str1.1)
    .L.str.17                                0x08004a42   Data          25  mainpp.o(.rodata.str1.1)
    .L.str                                   0x08004a5b   Data          17  mainpp.o(.rodata.str1.1)
    .L.str.7                                 0x08004a6c   Data          18  mainpp.o(.rodata.str1.1)
    .L.str.10                                0x08004a7d   Data           1  mainpp.o(.rodata.str1.1)
    .L.str                                   0x08004a7e   Data          29  bts7960.o(.rodata.str1.1)
    [Anonymous Symbol]                       0x08004a7e   Section        0  bts7960.o(.rodata.str1.1)
    .L.str.1                                 0x08004a9b   Data          10  bts7960.o(.rodata.str1.1)
    .init_array                              0x08004acc   Section        0  init_aeabi.o(.init_array)
    .bss                                     0x20000010   Section       96  libspace.o(.bss)
    Set_Values_Pwm(int, double, double)::pwmLeftOut 0x20000524   Data           4  mainpp.o(.bss._ZZ14Set_Values_PwmiddE10pwmLeftOut)
    [Anonymous Symbol]                       0x20000524   Section        0  mainpp.o(.bss._ZZ14Set_Values_PwmiddE10pwmLeftOut)
    Set_Values_Pwm(int, double, double)::pwmRightOut 0x20000528   Data           4  mainpp.o(.bss._ZZ14Set_Values_PwmiddE11pwmRightOut)
    [Anonymous Symbol]                       0x20000528   Section        0  mainpp.o(.bss._ZZ14Set_Values_PwmiddE11pwmRightOut)
    calc_vel_left_wheel()::prevLeftCount     0x2000052c   Data           4  mainpp.o(.bss._ZZ19calc_vel_left_wheelvE13prevLeftCount)
    [Anonymous Symbol]                       0x2000052c   Section        0  mainpp.o(.bss._ZZ19calc_vel_left_wheelvE13prevLeftCount)
    calc_vel_left_wheel()::prevTime          0x20000530   Data           8  mainpp.o(.bss._ZZ19calc_vel_left_wheelvE8prevTime)
    [Anonymous Symbol]                       0x20000530   Section        0  mainpp.o(.bss._ZZ19calc_vel_left_wheelvE8prevTime)
    calc_vel_right_wheel()::prevRightCount   0x20000538   Data           4  mainpp.o(.bss._ZZ20calc_vel_right_wheelvE14prevRightCount)
    [Anonymous Symbol]                       0x20000538   Section        0  mainpp.o(.bss._ZZ20calc_vel_right_wheelvE14prevRightCount)
    calc_vel_right_wheel()::prevTime         0x20000540   Data           8  mainpp.o(.bss._ZZ20calc_vel_right_wheelvE8prevTime)
    [Anonymous Symbol]                       0x20000540   Section        0  mainpp.o(.bss._ZZ20calc_vel_right_wheelvE8prevTime)
    Heap_Mem                                 0x20000f80   Data         512  startup_stm32f411xe.o(HEAP)
    HEAP                                     0x20000f80   Section      512  startup_stm32f411xe.o(HEAP)
    Stack_Mem                                0x20001180   Data        1024  startup_stm32f411xe.o(STACK)
    STACK                                    0x20001180   Section     1024  startup_stm32f411xe.o(STACK)
    __initial_sp                             0x20001580   Data           0  startup_stm32f411xe.o(STACK)

    Global Symbols

    Symbol Name                              Value     Ov Type        Size  Object(Section)

    BuildAttributes$$THM_ISAv4$E$P$D$K$B$S$7EM$VFPi3$EXTD16$VFPS$VFMA$PE$A:L22UL41UL21$X:L11$S22US41US21$IEEE1$IW$~IW$USESV6$~STKCKD$USESV7$~SHL$OTIME$ROPI$EBA8$UX$STANDARDLIB$REQ8$EABIv2 0x00000000   Number         0  anon$$obj.o ABSOLUTE
    __ARM_exceptions_init                     - Undefined Weak Reference
    __alloca_initialize                       - Undefined Weak Reference
    __arm_preinit_                            - Undefined Weak Reference
    __cxa_finalize                            - Undefined Weak Reference
    __rt_locale                               - Undefined Weak Reference
    __sigvec_lookup                           - Undefined Weak Reference
    __user_heap_extent                        - Undefined Weak Reference
    _atexit_init                              - Undefined Weak Reference
    _call_atexit_fns                          - Undefined Weak Reference
    _clock_init                               - Undefined Weak Reference
    _fp_trap_init                             - Undefined Weak Reference
    _fp_trap_shutdown                         - Undefined Weak Reference
    _get_lc_collate                           - Undefined Weak Reference
    _get_lc_ctype                             - Undefined Weak Reference
    _get_lc_monetary                          - Undefined Weak Reference
    _get_lc_numeric                           - Undefined Weak Reference
    _get_lc_time                              - Undefined Weak Reference
    _getenv_init                              - Undefined Weak Reference
    _handle_redirection                       - Undefined Weak Reference
    _initio                                   - Undefined Weak Reference
    _mutex_acquire                            - Undefined Weak Reference
    _mutex_free                               - Undefined Weak Reference
    _mutex_release                            - Undefined Weak Reference
    _rand_init                                - Undefined Weak Reference
    _signal_finish                            - Undefined Weak Reference
    _signal_init                              - Undefined Weak Reference
    _terminateio                              - Undefined Weak Reference
    __Vectors_Size                           0x00000198   Number         0  startup_stm32f411xe.o ABSOLUTE
    __Vectors                                0x08000000   Data           4  startup_stm32f411xe.o(RESET)
    __Vectors_End                            0x08000198   Data           0  startup_stm32f411xe.o(RESET)
    __main                                   0x08000199   Thumb Code     8  __main.o(!!!main)
    __scatterload                            0x080001a1   Thumb Code     0  __scatter.o(!!!scatter)
    __scatterload_rt2                        0x080001a1   Thumb Code    44  __scatter.o(!!!scatter)
    __scatterload_rt2_thumb_only             0x080001a1   Thumb Code     0  __scatter.o(!!!scatter)
    __scatterload_null                       0x080001af   Thumb Code     0  __scatter.o(!!!scatter)
    __scatterload_copy                       0x080001d5   Thumb Code    26  __scatter_copy.o(!!handler_copy)
    __scatterload_zeroinit                   0x080001f1   Thumb Code    28  __scatter_zi.o(!!handler_zi)
    __rt_lib_init                            0x0800020d   Thumb Code     0  libinit.o(.ARM.Collect$$libinit$$00000000)
    __rt_lib_init_fp_1                       0x0800020f   Thumb Code     0  libinit2.o(.ARM.Collect$$libinit$$00000001)
    __rt_lib_init_heap_2                     0x08000213   Thumb Code     0  libinit2.o(.ARM.Collect$$libinit$$00000005)
    __rt_lib_init_preinit_1                  0x08000213   Thumb Code     0  libinit2.o(.ARM.Collect$$libinit$$00000004)
    __rt_lib_init_argv_1                     0x0800021b   Thumb Code     0  libinit2.o(.ARM.Collect$$libinit$$00000026)
    __rt_lib_init_atexit_1                   0x0800021b   Thumb Code     0  libinit2.o(.ARM.Collect$$libinit$$0000001B)
    __rt_lib_init_clock_1                    0x0800021b   Thumb Code     0  libinit2.o(.ARM.Collect$$libinit$$00000021)
    __rt_lib_init_fp_trap_1                  0x0800021b   Thumb Code     0  libinit2.o(.ARM.Collect$$libinit$$0000001F)
    __rt_lib_init_getenv_1                   0x0800021b   Thumb Code     0  libinit2.o(.ARM.Collect$$libinit$$00000023)
    __rt_lib_init_heap_1                     0x0800021b   Thumb Code     0  libinit2.o(.ARM.Collect$$libinit$$0000000A)
    __rt_lib_init_lc_collate_1               0x0800021b   Thumb Code     0  libinit2.o(.ARM.Collect$$libinit$$00000011)
    __rt_lib_init_lc_ctype_1                 0x0800021b   Thumb Code     0  libinit2.o(.ARM.Collect$$libinit$$00000013)
    __rt_lib_init_lc_monetary_1              0x0800021b   Thumb Code     0  libinit2.o(.ARM.Collect$$libinit$$00000015)
    __rt_lib_init_lc_numeric_1               0x0800021b   Thumb Code     0  libinit2.o(.ARM.Collect$$libinit$$00000017)
    __rt_lib_init_lc_time_1                  0x0800021b   Thumb Code     0  libinit2.o(.ARM.Collect$$libinit$$00000019)
    __rt_lib_init_rand_1                     0x0800021b   Thumb Code     0  libinit2.o(.ARM.Collect$$libinit$$0000000E)
    __rt_lib_init_signal_1                   0x0800021b   Thumb Code     0  libinit2.o(.ARM.Collect$$libinit$$0000001D)
    __rt_lib_init_stdio_1                    0x0800021b   Thumb Code     0  libinit2.o(.ARM.Collect$$libinit$$00000025)
    __rt_lib_init_user_alloc_1               0x0800021b   Thumb Code     0  libinit2.o(.ARM.Collect$$libinit$$0000000C)
    __rt_lib_init_alloca_1                   0x08000223   Thumb Code     0  libinit2.o(.ARM.Collect$$libinit$$0000002E)
    __rt_lib_init_cpp_2                      0x08000223   Thumb Code     0  libinit2.o(.ARM.Collect$$libinit$$00000031)
    __rt_lib_init_exceptions_1               0x08000223   Thumb Code     0  libinit2.o(.ARM.Collect$$libinit$$00000030)
    __rt_lib_init_cpp_1                      0x08000227   Thumb Code     0  libinit2.o(.ARM.Collect$$libinit$$00000032)
    __rt_lib_init_return                     0x08000227   Thumb Code     0  libinit2.o(.ARM.Collect$$libinit$$00000033)
    __rt_lib_shutdown                        0x08000229   Thumb Code     0  libshutdown.o(.ARM.Collect$$libshutdown$$00000000)
    __rt_lib_shutdown_cpp_1                  0x0800022b   Thumb Code     0  libshutdown2.o(.ARM.Collect$$libshutdown$$00000002)
    __rt_lib_shutdown_fp_trap_1              0x0800022b   Thumb Code     0  libshutdown2.o(.ARM.Collect$$libshutdown$$00000007)
    __rt_lib_shutdown_heap_1                 0x0800022b   Thumb Code     0  libshutdown2.o(.ARM.Collect$$libshutdown$$0000000F)
    __rt_lib_shutdown_return                 0x0800022b   Thumb Code     0  libshutdown2.o(.ARM.Collect$$libshutdown$$00000010)
    __rt_lib_shutdown_signal_1               0x0800022b   Thumb Code     0  libshutdown2.o(.ARM.Collect$$libshutdown$$0000000A)
    __rt_lib_shutdown_stdio_1                0x0800022b   Thumb Code     0  libshutdown2.o(.ARM.Collect$$libshutdown$$00000004)
    __rt_lib_shutdown_user_alloc_1           0x0800022b   Thumb Code     0  libshutdown2.o(.ARM.Collect$$libshutdown$$0000000C)
    __rt_entry                               0x0800022d   Thumb Code     0  __rtentry.o(.ARM.Collect$$rtentry$$00000000)
    __rt_entry_presh_1                       0x0800022d   Thumb Code     0  __rtentry2.o(.ARM.Collect$$rtentry$$00000002)
    __rt_entry_sh                            0x0800022d   Thumb Code     0  __rtentry4.o(.ARM.Collect$$rtentry$$00000004)
    __rt_entry_li                            0x08000233   Thumb Code     0  __rtentry2.o(.ARM.Collect$$rtentry$$0000000A)
    __rt_entry_postsh_1                      0x08000233   Thumb Code     0  __rtentry2.o(.ARM.Collect$$rtentry$$00000009)
    __rt_entry_main                          0x08000237   Thumb Code     0  __rtentry2.o(.ARM.Collect$$rtentry$$0000000D)
    __rt_entry_postli_1                      0x08000237   Thumb Code     0  __rtentry2.o(.ARM.Collect$$rtentry$$0000000C)
    __rt_exit                                0x0800023f   Thumb Code     0  rtexit.o(.ARM.Collect$$rtexit$$00000000)
    __rt_exit_ls                             0x08000241   Thumb Code     0  rtexit2.o(.ARM.Collect$$rtexit$$00000003)
    __rt_exit_prels_1                        0x08000241   Thumb Code     0  rtexit2.o(.ARM.Collect$$rtexit$$00000002)
    __rt_exit_exit                           0x08000245   Thumb Code     0  rtexit2.o(.ARM.Collect$$rtexit$$00000004)
    osSchedulerLaunch                        0x0800024d   Thumb Code     0  kernel_1.o(.TEXT)
    SysTick_Handler1                         0x0800026b   Thumb Code     0  kernel_1.o(.TEXT)
    __ARM_argv_veneer                        0x0800028d   Thumb Code     4  argv_veneer.o(.emb_text)
    Reset_Handler                            0x08000291   Thumb Code     8  startup_stm32f411xe.o(.text)
    NMI_Handler                              0x08000299   Thumb Code     2  startup_stm32f411xe.o(.text)
    HardFault_Handler                        0x0800029b   Thumb Code     2  startup_stm32f411xe.o(.text)
    MemManage_Handler                        0x0800029d   Thumb Code     2  startup_stm32f411xe.o(.text)
    BusFault_Handler                         0x0800029f   Thumb Code     2  startup_stm32f411xe.o(.text)
    UsageFault_Handler                       0x080002a1   Thumb Code     2  startup_stm32f411xe.o(.text)
    SVC_Handler                              0x080002a3   Thumb Code     2  startup_stm32f411xe.o(.text)
    DebugMon_Handler                         0x080002a5   Thumb Code     2  startup_stm32f411xe.o(.text)
    PendSV_Handler                           0x080002a7   Thumb Code     2  startup_stm32f411xe.o(.text)
    ADC_IRQHandler                           0x080002ab   Thumb Code     0  startup_stm32f411xe.o(.text)
    DMA1_Stream0_IRQHandler                  0x080002ab   Thumb Code     0  startup_stm32f411xe.o(.text)
    DMA1_Stream1_IRQHandler                  0x080002ab   Thumb Code     0  startup_stm32f411xe.o(.text)
    DMA1_Stream2_IRQHandler                  0x080002ab   Thumb Code     0  startup_stm32f411xe.o(.text)
    DMA1_Stream3_IRQHandler                  0x080002ab   Thumb Code     0  startup_stm32f411xe.o(.text)
    DMA1_Stream4_IRQHandler                  0x080002ab   Thumb Code     0  startup_stm32f411xe.o(.text)
    DMA1_Stream5_IRQHandler                  0x080002ab   Thumb Code     0  startup_stm32f411xe.o(.text)
    DMA1_Stream6_IRQHandler                  0x080002ab   Thumb Code     0  startup_stm32f411xe.o(.text)
    DMA1_Stream7_IRQHandler                  0x080002ab   Thumb Code     0  startup_stm32f411xe.o(.text)
    DMA2_Stream0_IRQHandler                  0x080002ab   Thumb Code     0  startup_stm32f411xe.o(.text)
    DMA2_Stream1_IRQHandler                  0x080002ab   Thumb Code     0  startup_stm32f411xe.o(.text)
    DMA2_Stream2_IRQHandler                  0x080002ab   Thumb Code     0  startup_stm32f411xe.o(.text)
    DMA2_Stream3_IRQHandler                  0x080002ab   Thumb Code     0  startup_stm32f411xe.o(.text)
    DMA2_Stream4_IRQHandler                  0x080002ab   Thumb Code     0  startup_stm32f411xe.o(.text)
    DMA2_Stream5_IRQHandler                  0x080002ab   Thumb Code     0  startup_stm32f411xe.o(.text)
    DMA2_Stream6_IRQHandler                  0x080002ab   Thumb Code     0  startup_stm32f411xe.o(.text)
    DMA2_Stream7_IRQHandler                  0x080002ab   Thumb Code     0  startup_stm32f411xe.o(.text)
    EXTI0_IRQHandler                         0x080002ab   Thumb Code     0  startup_stm32f411xe.o(.text)
    EXTI15_10_IRQHandler                     0x080002ab   Thumb Code     0  startup_stm32f411xe.o(.text)
    EXTI1_IRQHandler                         0x080002ab   Thumb Code     0  startup_stm32f411xe.o(.text)
    EXTI2_IRQHandler                         0x080002ab   Thumb Code     0  startup_stm32f411xe.o(.text)
    EXTI3_IRQHandler                         0x080002ab   Thumb Code     0  startup_stm32f411xe.o(.text)
    EXTI4_IRQHandler                         0x080002ab   Thumb Code     0  startup_stm32f411xe.o(.text)
    EXTI9_5_IRQHandler                       0x080002ab   Thumb Code     0  startup_stm32f411xe.o(.text)
    FLASH_IRQHandler                         0x080002ab   Thumb Code     0  startup_stm32f411xe.o(.text)
    FPU_IRQHandler                           0x080002ab   Thumb Code     0  startup_stm32f411xe.o(.text)
    I2C1_ER_IRQHandler                       0x080002ab   Thumb Code     0  startup_stm32f411xe.o(.text)
    I2C1_EV_IRQHandler                       0x080002ab   Thumb Code     0  startup_stm32f411xe.o(.text)
    I2C2_ER_IRQHandler                       0x080002ab   Thumb Code     0  startup_stm32f411xe.o(.text)
    I2C2_EV_IRQHandler                       0x080002ab   Thumb Code     0  startup_stm32f411xe.o(.text)
    I2C3_ER_IRQHandler                       0x080002ab   Thumb Code     0  startup_stm32f411xe.o(.text)
    I2C3_EV_IRQHandler                       0x080002ab   Thumb Code     0  startup_stm32f411xe.o(.text)
    OTG_FS_IRQHandler                        0x080002ab   Thumb Code     0  startup_stm32f411xe.o(.text)
    OTG_FS_WKUP_IRQHandler                   0x080002ab   Thumb Code     0  startup_stm32f411xe.o(.text)
    PVD_IRQHandler                           0x080002ab   Thumb Code     0  startup_stm32f411xe.o(.text)
    RCC_IRQHandler                           0x080002ab   Thumb Code     0  startup_stm32f411xe.o(.text)
    RTC_Alarm_IRQHandler                     0x080002ab   Thumb Code     0  startup_stm32f411xe.o(.text)
    RTC_WKUP_IRQHandler                      0x080002ab   Thumb Code     0  startup_stm32f411xe.o(.text)
    SDIO_IRQHandler                          0x080002ab   Thumb Code     0  startup_stm32f411xe.o(.text)
    SPI1_IRQHandler                          0x080002ab   Thumb Code     0  startup_stm32f411xe.o(.text)
    SPI2_IRQHandler                          0x080002ab   Thumb Code     0  startup_stm32f411xe.o(.text)
    SPI3_IRQHandler                          0x080002ab   Thumb Code     0  startup_stm32f411xe.o(.text)
    SPI4_IRQHandler                          0x080002ab   Thumb Code     0  startup_stm32f411xe.o(.text)
    SPI5_IRQHandler                          0x080002ab   Thumb Code     0  startup_stm32f411xe.o(.text)
    TAMP_STAMP_IRQHandler                    0x080002ab   Thumb Code     0  startup_stm32f411xe.o(.text)
    TIM1_BRK_TIM9_IRQHandler                 0x080002ab   Thumb Code     0  startup_stm32f411xe.o(.text)
    TIM1_CC_IRQHandler                       0x080002ab   Thumb Code     0  startup_stm32f411xe.o(.text)
    TIM1_TRG_COM_TIM11_IRQHandler            0x080002ab   Thumb Code     0  startup_stm32f411xe.o(.text)
    TIM1_UP_TIM10_IRQHandler                 0x080002ab   Thumb Code     0  startup_stm32f411xe.o(.text)
    TIM2_IRQHandler                          0x080002ab   Thumb Code     0  startup_stm32f411xe.o(.text)
    TIM3_IRQHandler                          0x080002ab   Thumb Code     0  startup_stm32f411xe.o(.text)
    TIM4_IRQHandler                          0x080002ab   Thumb Code     0  startup_stm32f411xe.o(.text)
    TIM5_IRQHandler                          0x080002ab   Thumb Code     0  startup_stm32f411xe.o(.text)
    USART1_IRQHandler                        0x080002ab   Thumb Code     0  startup_stm32f411xe.o(.text)
    USART2_IRQHandler                        0x080002ab   Thumb Code     0  startup_stm32f411xe.o(.text)
    USART6_IRQHandler                        0x080002ab   Thumb Code     0  startup_stm32f411xe.o(.text)
    WWDG_IRQHandler                          0x080002ab   Thumb Code     0  startup_stm32f411xe.o(.text)
    __user_initial_stackheap                 0x080002ad   Thumb Code     0  startup_stm32f411xe.o(.text)
    realloc                                  0x080002d1   Thumb Code   196  h1_realloc.o(.text)
    __aeabi_assert                           0x08000395   Thumb Code    86  assert.o(.text)
    __assert                                 0x08000395   Thumb Code     0  assert.o(.text)
    strlen                                   0x08000415   Thumb Code    62  strlen.o(.text)
    __aeabi_memcpy                           0x08000453   Thumb Code     0  rt_memcpy_v6.o(.text)
    __rt_memcpy                              0x08000453   Thumb Code   138  rt_memcpy_v6.o(.text)
    _memcpy_lastbytes                        0x080004b9   Thumb Code     0  rt_memcpy_v6.o(.text)
    __use_two_region_memory                  0x080004dd   Thumb Code     2  heapauxi.o(.text)
    __rt_heap_escrow                         0x080004df   Thumb Code     2  heapauxi.o(.text)
    __rt_heap_expand                         0x080004e1   Thumb Code     2  heapauxi.o(.text)
    __cpp_initialize__aeabi_                 0x080004e5   Thumb Code    28  init_aeabi.o(.text)
    __rt_heap_descriptor                     0x08000509   Thumb Code     8  rt_heap_descriptor_intlibspace.o(.text)
    __use_no_heap                            0x08000511   Thumb Code     2  hguard.o(.text)
    __heap$guard                             0x08000513   Thumb Code     2  hguard.o(.text)
    _terminate_user_alloc                    0x08000515   Thumb Code     2  init_alloc.o(.text)
    _init_user_alloc                         0x08000517   Thumb Code     2  init_alloc.o(.text)
    __Heap_Full                              0x08000519   Thumb Code    34  init_alloc.o(.text)
    __Heap_Broken                            0x0800053b   Thumb Code     6  init_alloc.o(.text)
    _init_alloc                              0x08000541   Thumb Code    94  init_alloc.o(.text)
    malloc                                   0x0800059f   Thumb Code    94  h1_alloc.o(.text)
    free                                     0x080005fd   Thumb Code    78  h1_free.o(.text)
    abort                                    0x0800064b   Thumb Code    22  abort.o(.text)
    __assert_puts                            0x08000661   Thumb Code    20  assert_puts.o(.text)
    __aeabi_memcpy4                          0x08000675   Thumb Code     0  rt_memcpy_w.o(.text)
    __aeabi_memcpy8                          0x08000675   Thumb Code     0  rt_memcpy_w.o(.text)
    __rt_memcpy_w                            0x08000675   Thumb Code   100  rt_memcpy_w.o(.text)
    _memcpy_lastbytes_aligned                0x080006bd   Thumb Code     0  rt_memcpy_w.o(.text)
    _ttywrch                                 0x080006d9   Thumb Code    14  sys_wrch.o(.text)
    _sys_exit                                0x080006e9   Thumb Code     8  sys_exit.o(.text)
    __user_libspace                          0x080006f5   Thumb Code     8  libspace.o(.text)
    __user_perproc_libspace                  0x080006f5   Thumb Code     0  libspace.o(.text)
    __user_perthread_libspace                0x080006f5   Thumb Code     0  libspace.o(.text)
    __Heap_Initialize                        0x080006fd   Thumb Code    10  h1_init.o(.text)
    _maybe_terminate_alloc                   0x080006fd   Thumb Code     0  maybetermalloc1.o(.text)
    __Heap_DescSize                          0x08000707   Thumb Code     4  h1_init.o(.text)
    __Heap_ProvideMemory                     0x0800070b   Thumb Code    52  h1_extend.o(.text)
    __rt_SIGABRT                             0x0800073f   Thumb Code    14  defsig_abrt_outer.o(.text)
    __rt_SIGRTMEM                            0x0800074d   Thumb Code    14  defsig_rtmem_outer.o(.text)
    __ARM_get_argv                           0x0800075b   Thumb Code   264  _get_argv.o(.text)
    _sys_command_string                      0x08000863   Thumb Code    24  sys_command.o(.text)
    __I$use$semihosting                      0x0800087b   Thumb Code     0  use_no_semi.o(.text)
    __use_no_semihosting_swi                 0x0800087b   Thumb Code     2  use_no_semi.o(.text)
    __semihosting_library_function           0x0800087d   Thumb Code     0  indicate_semi.o(.text)
    __user_setup_stackheap                   0x0800087d   Thumb Code    74  sys_stackheap_outer.o(.text)
    __use_no_heap_region                     0x080008c7   Thumb Code     2  hrguard.o(.text)
    __heap_region$guard                      0x080008c9   Thumb Code     2  hrguard.o(.text)
    exit                                     0x080008cb   Thumb Code    18  exit.o(.text)
    __sig_exit                               0x080008dd   Thumb Code    10  defsig_exit.o(.text)
    __rt_SIGABRT_inner                       0x080008e9   Thumb Code    14  defsig_abrt_inner.o(.text)
    __rt_SIGRTMEM_inner                      0x08000919   Thumb Code    22  defsig_rtmem_inner.o(.text)
    __default_signal_display                 0x08000969   Thumb Code    50  defsig_general.o(.text)
    BTS7960_MoveBackward                     0x08000a21   Thumb Code    66  bts7960.o(.text.BTS7960_MoveBackward)
    BTS7960_MoveForward                      0x08000a65   Thumb Code    66  bts7960.o(.text.BTS7960_MoveForward)
    BTS7960_PWMInit                          0x08000aa9   Thumb Code  1154  bts7960.o(.text.BTS7960_PWMInit)
    BTS7960_Stop                             0x08000f2d   Thumb Code    44  bts7960.o(.text.BTS7960_Stop)
    BTS7960_TurnLeft                         0x08000f59   Thumb Code    66  bts7960.o(.text.BTS7960_TurnLeft)
    DMA_UART_Receive                         0x08000f9d   Thumb Code   130  uart2.o(.text.DMA_UART_Receive)
    DMA_UART_Transmit                        0x08001021   Thumb Code   138  uart2.o(.text.DMA_UART_Transmit)
    Dio_Init                                 0x080010ad   Thumb Code    50  dio.o(.text.Dio_Init)
    Encoder_Turnleft                         0x080010e1   Thumb Code   300  mainpp.o(.text.Encoder_Turnleft)
    Encoder_Turnright                        0x0800120d   Thumb Code   300  mainpp.o(.text.Encoder_Turnright)
    Rcc_Clock_Init                           0x08001339   Thumb Code   190  rcc_cfg.o(.text.Rcc_Clock_Init)
    SysTick_Handler                          0x080013f9   Thumb Code     8  systick.o(.text.SysTick_Handler)
    SystemInit                               0x08001401   Thumb Code    18  system_stm32f4xx.o(.text.SystemInit)
    Systick_Init                             0x08001415   Thumb Code    24  systick.o(.text.Systick_Init)
    Tick_Increment                           0x0800143d   Thumb Code    26  systick.o(.text.Tick_Increment)
    Set_Values_Pwm(int, double, double)      0x08001479   Thumb Code   824  mainpp.o(.text._Z14Set_Values_Pwmidd)
    calc_vel_left_wheel()                    0x080017b1   Thumb Code   376  mainpp.o(.text._Z19calc_vel_left_wheelv)
    calc_vel_right_wheel()                   0x08001929   Thumb Code   376  mainpp.o(.text._Z20calc_vel_right_wheelv)
    STM32Hardware::getRdmaInd()              0x08001c0d   Thumb Code    26  mainpp.o(.text._ZN13STM32Hardware10getRdmaIndEv)
    STM32Hardware::reset_rbuf()              0x08001c29   Thumb Code    20  mainpp.o(.text._ZN13STM32Hardware10reset_rbufEv)
    STM32Hardware::init()                    0x08001c3d   Thumb Code    16  mainpp.o(.text._ZN13STM32Hardware4initEv)
    STM32Hardware::read()                    0x08001c4d   Thumb Code    70  mainpp.o(.text._ZN13STM32Hardware4readEv)
    STM32Hardware::time()                    0x08001c95   Thumb Code    14  mainpp.o(.text._ZN13STM32Hardware4timeEv)
    STM32Hardware::flush()                   0x08001ca5   Thumb Code   168  mainpp.o(.text._ZN13STM32Hardware5flushEv)
    STM32Hardware::write(unsigned char*, int) 0x08001d4d   Thumb Code   168  mainpp.o(.text._ZN13STM32Hardware5writeEPhi)
    STM32Hardware::STM32Hardware__sub_object() 0x08001df5   Thumb Code    24  mainpp.o(.text._ZN13STM32HardwareC2Ev)
    rosserial_msgs::RequestParamResponse::deserialize(unsigned char*) 0x08001e0d   Thumb Code   676  mainpp.o(.text._ZN14rosserial_msgs20RequestParamResponse11deserializeEPh)
    rosserial_msgs::RequestParamResponse::getMD5() 0x080020b1   Thumb Code    16  mainpp.o(.text._ZN14rosserial_msgs20RequestParamResponse6getMD5Ev)
    rosserial_msgs::RequestParamResponse::getType() 0x080020c1   Thumb Code    16  mainpp.o(.text._ZN14rosserial_msgs20RequestParamResponse7getTypeEv)
    rosserial_msgs::RequestParamResponse::RequestParamResponse__sub_object() 0x080020d1   Thumb Code    54  mainpp.o(.text._ZN14rosserial_msgs20RequestParamResponseC2Ev)
    rosserial_msgs::Log::deserialize(unsigned char*) 0x08002109   Thumb Code   134  mainpp.o(.text._ZN14rosserial_msgs3Log11deserializeEPh)
    rosserial_msgs::Log::getMD5()            0x08002191   Thumb Code    16  mainpp.o(.text._ZN14rosserial_msgs3Log6getMD5Ev)
    rosserial_msgs::Log::getType()           0x080021a1   Thumb Code    16  mainpp.o(.text._ZN14rosserial_msgs3Log7getTypeEv)
    rosserial_msgs::Log::Log__sub_object()   0x080021b1   Thumb Code    48  mainpp.o(.text._ZN14rosserial_msgs3LogC2Ev)
    rosserial_msgs::TopicInfo::deserialize(unsigned char*) 0x080021e1   Thumb Code   414  mainpp.o(.text._ZN14rosserial_msgs9TopicInfo11deserializeEPh)
    rosserial_msgs::TopicInfo::getMD5()      0x08002381   Thumb Code    16  mainpp.o(.text._ZN14rosserial_msgs9TopicInfo6getMD5Ev)
    rosserial_msgs::TopicInfo::getType()     0x08002391   Thumb Code    16  mainpp.o(.text._ZN14rosserial_msgs9TopicInfo7getTypeEv)
    rosserial_msgs::TopicInfo::TopicInfo__sub_object() 0x080023a1   Thumb Code    54  mainpp.o(.text._ZN14rosserial_msgs9TopicInfoC2Ev)
    ros::Subscriber<std_msgs::Int16, void>::getMsgType() 0x080023d9   Thumb Code    18  mainpp.o(.text._ZN3ros10SubscriberIN8std_msgs5Int16EvE10getMsgTypeEv)
    ros::Subscriber<std_msgs::Int16, void>::getEndpointType() 0x080023ed   Thumb Code    12  mainpp.o(.text._ZN3ros10SubscriberIN8std_msgs5Int16EvE15getEndpointTypeEv)
    ros::Subscriber<std_msgs::Int16, void>::callback(unsigned char*) 0x080023f9   Thumb Code    44  mainpp.o(.text._ZN3ros10SubscriberIN8std_msgs5Int16EvE8callbackEPh)
    ros::Subscriber<std_msgs::Int16, void>::getMsgMD5() 0x08002425   Thumb Code    18  mainpp.o(.text._ZN3ros10SubscriberIN8std_msgs5Int16EvE9getMsgMD5Ev)
    ros::Subscriber<std_msgs::Int16, void>::Subscriber__sub_object(const char*, void(*)(const std_msgs::Int16&), int) 0x08002439   Thumb Code    62  mainpp.o(.text._ZN3ros10SubscriberIN8std_msgs5Int16EvEC2EPKcPFvRKS2_Ei)
    ros::NodeHandle_<STM32Hardware, (int)25, (int)25, (int)512, (int)512>::negotiateTopics() 0x08002479   Thumb Code   328  mainpp.o(.text._ZN3ros11NodeHandle_I13STM32HardwareLi25ELi25ELi512ELi512EE15negotiateTopicsEv)
    ros::NodeHandle_<STM32Hardware, (int)25, (int)25, (int)512, (int)512>::requestSyncTime() 0x080025c1   Thumb Code    60  mainpp.o(.text._ZN3ros11NodeHandle_I13STM32HardwareLi25ELi25ELi512ELi512EE15requestSyncTimeEv)
    ros::NodeHandle_<STM32Hardware, (int)25, (int)25, (int)512, (int)512>::log(char, const char*) 0x080025fd   Thumb Code    64  mainpp.o(.text._ZN3ros11NodeHandle_I13STM32HardwareLi25ELi25ELi512ELi512EE3logEcPKc)
    ros::NodeHandle_<STM32Hardware, (int)25, (int)25, (int)512, (int)512>::setNow(const ros::Time&) 0x0800263d   Thumb Code   124  mainpp.o(.text._ZN3ros11NodeHandle_I13STM32HardwareLi25ELi25ELi512ELi512EE6setNowERKNS_4TimeE)
    ros::NodeHandle_<STM32Hardware, (int)25, (int)25, (int)512, (int)512>::publish(int, const ros::Msg*) 0x080026b9   Thumb Code   248  mainpp.o(.text._ZN3ros11NodeHandle_I13STM32HardwareLi25ELi25ELi512ELi512EE7publishEiPKNS_3MsgE)
    ros::NodeHandle_<STM32Hardware, (int)25, (int)25, (int)512, (int)512>::initNode() 0x080027b1   Thumb Code    42  mainpp.o(.text._ZN3ros11NodeHandle_I13STM32HardwareLi25ELi25ELi512ELi512EE8initNodeEv)
    ros::NodeHandle_<STM32Hardware, (int)25, (int)25, (int)512, (int)512>::logerror(const char*) 0x080027dd   Thumb Code    22  mainpp.o(.text._ZN3ros11NodeHandle_I13STM32HardwareLi25ELi25ELi512ELi512EE8logerrorEPKc)
    ros::NodeHandle_<STM32Hardware, (int)25, (int)25, (int)512, (int)512>::spinOnce() 0x080027f5   Thumb Code   938  mainpp.o(.text._ZN3ros11NodeHandle_I13STM32HardwareLi25ELi25ELi512ELi512EE8spinOnceEv)
    ros::NodeHandle_<STM32Hardware, (int)25, (int)25, (int)512, (int)512>::syncTime(unsigned char*) 0x08002ba1   Thumb Code   144  mainpp.o(.text._ZN3ros11NodeHandle_I13STM32HardwareLi25ELi25ELi512ELi512EE8syncTimeEPh)
    ros::NodeHandle_<STM32Hardware, (int)25, (int)25, (int)512, (int)512>::connected() 0x08002c31   Thumb Code    18  mainpp.o(.text._ZN3ros11NodeHandle_I13STM32HardwareLi25ELi25ELi512ELi512EE9connectedEv)
    ros::NodeHandle_<STM32Hardware, (int)25, (int)25, (int)512, (int)512>::subscribe(ros::Subscriber_&) 0x08002c45   Thumb Code    98  mainpp.o(.text._ZN3ros11NodeHandle_I13STM32HardwareLi25ELi25ELi512ELi512EE9subscribeERNS_11Subscriber_E)
    ros::NodeHandle_<STM32Hardware, (int)25, (int)25, (int)512, (int)512>::NodeHandle___sub_object() 0x08002ca9   Thumb Code   278  mainpp.o(.text._ZN3ros11NodeHandle_I13STM32HardwareLi25ELi25ELi512ELi512EEC2Ev)
    ros::Subscriber_::Subscriber___sub_object() 0x08002dc1   Thumb Code    22  mainpp.o(.text._ZN3ros11Subscriber_C2Ev)
    ros::NodeHandleBase_::NodeHandleBase___sub_object() 0x08002dd9   Thumb Code    22  mainpp.o(.text._ZN3ros15NodeHandleBase_C2Ev)
    ros::normalizeSecNSec(unsigned&, unsigned&) 0x08002df1   Thumb Code    56  ros.o(.text._ZN3ros16normalizeSecNSecERjS0_)
    void ros::Msg::arrToVar<unsigned, unsigned char*>(T1&, T2) 0x08002e29   Thumb Code    56  mainpp.o(.text._ZN3ros3Msg8arrToVarIjPhEEvRT_T0_)
    void ros::Msg::varToArr<unsigned char*, unsigned>(T1, T2) 0x08002e61   Thumb Code    46  mainpp.o(.text._ZN3ros3Msg8varToArrIPhjEEvT_T0_)
    ros::Msg::Msg__sub_object()              0x08002e91   Thumb Code    22  mainpp.o(.text._ZN3ros3MsgC2Ev)
    ros::Time::Time__sub_object()            0x08002ea9   Thumb Code    16  mainpp.o(.text._ZN3ros4TimeC2Ev)
    ros::Publisher::getEndpointType()        0x08002eb9   Thumb Code    12  mainpp.o(.text._ZN3ros9Publisher15getEndpointTypeEv)
    std_msgs::Time::deserialize(unsigned char*) 0x08002ec5   Thumb Code   142  mainpp.o(.text._ZN8std_msgs4Time11deserializeEPh)
    std_msgs::Time::getMD5()                 0x08002f55   Thumb Code    16  mainpp.o(.text._ZN8std_msgs4Time6getMD5Ev)
    std_msgs::Time::getType()                0x08002f65   Thumb Code    16  mainpp.o(.text._ZN8std_msgs4Time7getTypeEv)
    std_msgs::Time::Time__sub_object()       0x08002f75   Thumb Code    42  mainpp.o(.text._ZN8std_msgs4TimeC2Ev)
    std_msgs::Int16::deserialize(unsigned char*) 0x08002fa1   Thumb Code    70  mainpp.o(.text._ZN8std_msgs5Int1611deserializeEPh)
    std_msgs::Int16::getMD5()                0x08002fe9   Thumb Code    16  mainpp.o(.text._ZN8std_msgs5Int166getMD5Ev)
    std_msgs::Int16::getType()               0x08002ff9   Thumb Code    16  mainpp.o(.text._ZN8std_msgs5Int167getTypeEv)
    std_msgs::Int16::Int16__sub_object()     0x08003009   Thumb Code    38  mainpp.o(.text._ZN8std_msgs5Int16C2Ev)
    rosserial_msgs::RequestParamResponse::serialize(unsigned char*) const 0x08003031   Thumb Code   444  mainpp.o(.text._ZNK14rosserial_msgs20RequestParamResponse9serializeEPh)
    rosserial_msgs::Log::serialize(unsigned char*) const 0x080031ed   Thumb Code    92  mainpp.o(.text._ZNK14rosserial_msgs3Log9serializeEPh)
    rosserial_msgs::TopicInfo::serialize(unsigned char*) const 0x08003249   Thumb Code   280  mainpp.o(.text._ZNK14rosserial_msgs9TopicInfo9serializeEPh)
    std_msgs::Time::serialize(unsigned char*) const 0x08003361   Thumb Code   110  mainpp.o(.text._ZNK8std_msgs4Time9serializeEPh)
    std_msgs::Int16::serialize(unsigned char*) const 0x080033d1   Thumb Code    52  mainpp.o(.text._ZNK8std_msgs5Int169serializeEPh)
    __cxa_pure_virtual                       0x08003449   Thumb Code    40  cxa_virtual.cpp.o(.text.__cxa_pure_virtual)
    abort_message                            0x08003507   Thumb Code     4  abort_message.cpp.o(.text.abort_message)
    get_tick                                 0x0800350d   Thumb Code    28  systick.o(.text.get_tick)
    loop                                     0x08003529   Thumb Code  1068  mainpp.o(.text.loop)
    main                                     0x08003955   Thumb Code    24  main.o(.text.main)
    osKernelAddThread                        0x0800396d   Thumb Code   110  kernel.o(.text.osKernelAddThread)
    osKernelInit                             0x080039dd   Thumb Code    20  kernel.o(.text.osKernelInit)
    osKernelLaunch                           0x080039f1   Thumb Code    96  kernel.o(.text.osKernelLaunch)
    osKernelStackInit                        0x08003a51   Thumb Code   204  kernel.o(.text.osKernelStackInit)
    readEncoder1                             0x08003b1d   Thumb Code    24  dio.o(.text.readEncoder1)
    readEncoder2                             0x08003b35   Thumb Code    24  dio.o(.text.readEncoder2)
    setup                                    0x08003b4d   Thumb Code   184  mainpp.o(.text.setup)
    setupVectorTable                         0x08003c05   Thumb Code    64  encoder.o(.text.setupVectorTable)
    __aeabi_d2f                              0x08003c45   Thumb Code     0  d2f.o(x$fpl$d2f)
    _d2f                                     0x08003c45   Thumb Code    98  d2f.o(x$fpl$d2f)
    __aeabi_dadd                             0x08003ca9   Thumb Code     0  daddsub_clz.o(x$fpl$dadd)
    _dadd                                    0x08003ca9   Thumb Code   332  daddsub_clz.o(x$fpl$dadd)
    __fpl_dcmp_Inf                           0x08003df9   Thumb Code    24  dcmpi.o(x$fpl$dcmpinf)
    __aeabi_ddiv                             0x08003e11   Thumb Code     0  ddiv.o(x$fpl$ddiv)
    _ddiv                                    0x08003e11   Thumb Code   552  ddiv.o(x$fpl$ddiv)
    __aeabi_cdcmpeq                          0x080040c1   Thumb Code     0  deqf.o(x$fpl$deqf)
    _dcmpeq                                  0x080040c1   Thumb Code   120  deqf.o(x$fpl$deqf)
    __aeabi_d2iz                             0x08004139   Thumb Code     0  dfix.o(x$fpl$dfix)
    _dfix                                    0x08004139   Thumb Code    94  dfix.o(x$fpl$dfix)
    __aeabi_i2d                              0x08004197   Thumb Code     0  dflt_clz.o(x$fpl$dflt)
    _dflt                                    0x08004197   Thumb Code    46  dflt_clz.o(x$fpl$dflt)
    __aeabi_ui2d                             0x080041c5   Thumb Code     0  dflt_clz.o(x$fpl$dfltu)
    _dfltu                                   0x080041c5   Thumb Code    38  dflt_clz.o(x$fpl$dfltu)
    __aeabi_cdcmpge                          0x080041ed   Thumb Code     0  dgeqf.o(x$fpl$dgeqf)
    _dcmpge                                  0x080041ed   Thumb Code   120  dgeqf.o(x$fpl$dgeqf)
    __aeabi_cdcmple                          0x08004265   Thumb Code     0  dleqf.o(x$fpl$dleqf)
    _dcmple                                  0x08004265   Thumb Code   120  dleqf.o(x$fpl$dleqf)
    __fpl_dcmple_InfNaN                      0x080042c7   Thumb Code     0  dleqf.o(x$fpl$dleqf)
    __aeabi_dmul                             0x080042dd   Thumb Code     0  dmul.o(x$fpl$dmul)
    _dmul                                    0x080042dd   Thumb Code   332  dmul.o(x$fpl$dmul)
    __fpl_dnaninf                            0x08004431   Thumb Code   156  dnaninf.o(x$fpl$dnaninf)
    __fpl_dretinf                            0x080044cd   Thumb Code    12  dretinf.o(x$fpl$dretinf)
    __aeabi_dsub                             0x080044d9   Thumb Code     0  daddsub_clz.o(x$fpl$dsub)
    _dsub                                    0x080044d9   Thumb Code   464  daddsub_clz.o(x$fpl$dsub)
    __aeabi_f2d                              0x080046ad   Thumb Code     0  f2d.o(x$fpl$f2d)
    _f2d                                     0x080046ad   Thumb Code    86  f2d.o(x$fpl$f2d)
    __aeabi_dcmpeq                           0x08004703   Thumb Code     0  dcmp.o(x$fpl$fcmp)
    _deq                                     0x08004703   Thumb Code    14  dcmp.o(x$fpl$fcmp)
    _dneq                                    0x08004711   Thumb Code    14  dcmp.o(x$fpl$fcmp)
    __aeabi_dcmpgt                           0x0800471f   Thumb Code     0  dcmp.o(x$fpl$fcmp)
    _dgr                                     0x0800471f   Thumb Code    14  dcmp.o(x$fpl$fcmp)
    __aeabi_dcmpge                           0x0800472d   Thumb Code     0  dcmp.o(x$fpl$fcmp)
    _dgeq                                    0x0800472d   Thumb Code    14  dcmp.o(x$fpl$fcmp)
    __aeabi_dcmple                           0x0800473b   Thumb Code     0  dcmp.o(x$fpl$fcmp)
    _dleq                                    0x0800473b   Thumb Code    14  dcmp.o(x$fpl$fcmp)
    __aeabi_dcmplt                           0x08004749   Thumb Code     0  dcmp.o(x$fpl$fcmp)
    _dls                                     0x08004749   Thumb Code    14  dcmp.o(x$fpl$fcmp)
    __fpl_fnaninf                            0x08004757   Thumb Code   140  fnaninf.o(x$fpl$fnaninf)
    _fp_init                                 0x080047e3   Thumb Code    26  fpinit.o(x$fpl$fpinit)
    __fplib_config_fpu_vfp                   0x080047fb   Thumb Code     0  fpinit.o(x$fpl$fpinit)
    __fplib_config_pureend_doubles           0x080047fb   Thumb Code     0  fpinit.o(x$fpl$fpinit)
    __fpl_fretinf                            0x080047fd   Thumb Code    10  fretinf.o(x$fpl$fretinf)
    __I$use$fp                               0x08004806   Number         0  usenofp.o(x$fpl$usenofp)
    vtable for rosserial_msgs::RequestParamResponse 0x0800484c   Data          24  mainpp.o(.rodata._ZTVN14rosserial_msgs20RequestParamResponseE)
    vtable for rosserial_msgs::Log           0x08004864   Data          24  mainpp.o(.rodata._ZTVN14rosserial_msgs3LogE)
    vtable for rosserial_msgs::TopicInfo     0x0800487c   Data          24  mainpp.o(.rodata._ZTVN14rosserial_msgs9TopicInfoE)
    vtable for ros::Subscriber<std_msgs::Int16, void> 0x08004894   Data          24  mainpp.o(.rodata._ZTVN3ros10SubscriberIN8std_msgs5Int16EvEE)
    vtable for ros::NodeHandle_<STM32Hardware, (int)25, (int)25, (int)512, (int)512> 0x080048ac   Data          20  mainpp.o(.rodata._ZTVN3ros11NodeHandle_I13STM32HardwareLi25ELi25ELi512ELi512EEE)
    vtable for ros::Subscriber_              0x080048c0   Data          24  mainpp.o(.rodata._ZTVN3ros11Subscriber_E)
    vtable for ros::NodeHandleBase_          0x080048d8   Data          20  mainpp.o(.rodata._ZTVN3ros15NodeHandleBase_E)
    vtable for ros::Msg                      0x080048ec   Data          24  mainpp.o(.rodata._ZTVN3ros3MsgE)
    vtable for std_msgs::Time                0x08004904   Data          24  mainpp.o(.rodata._ZTVN8std_msgs4TimeE)
    vtable for std_msgs::Int16               0x0800491c   Data          24  mainpp.o(.rodata._ZTVN8std_msgs5Int16E)
    Region$$Table$$Base                      0x08004aa8   Number         0  anon$$obj.o(Region$$Table)
    Region$$Table$$Limit                     0x08004ac8   Number         0  anon$$obj.o(Region$$Table)
    SHT$$INIT_ARRAY$$Base                    0x08004ac8   Number         0  mainpp.o(.init_array)
    SHT$$INIT_ARRAY$$Limit                   0x08004acc   Number         0  init_aeabi.o(.init_array)
    Direction_left                           0x20000000   Data           4  mainpp.o(.data.Direction_left)
    Direction_right                          0x20000004   Data           4  mainpp.o(.data.Direction_right)
    tick_freq                                0x20000008   Data           4  systick.o(.data.tick_freq)
    __libspace_start                         0x20000010   Data          96  libspace.o(.bss)
    MILLIS_PRESCALER                         0x20000070   Data           4  kernel.o(.bss.MILLIS_PRESCALER)
    __temporary_stack_top$libspace           0x20000070   Data           0  libspace.o(.bss)
    TCB_STACK                                0x20000074   Data        1200  kernel.o(.bss.TCB_STACK)
    STM32Hardware::flush()::mutex            0x20000548   Data           1  mainpp.o(.bss._ZZN13STM32Hardware5flushEvE5mutex)
    currentMillis                            0x2000054c   Data           4  mainpp.o(.bss.currentMillis)
    currentPt                                0x20000550   Data           4  kernel.o(.bss.currentPt)
    eintegral_l                              0x20000554   Data           4  mainpp.o(.bss.eintegral_l)
    eintegral_r                              0x20000558   Data           4  mainpp.o(.bss.eintegral_r)
    g_curr_tick                              0x2000055c   Data           4  systick.o(.bss.g_curr_tick)
    g_curr_tick_p                            0x20000560   Data           4  systick.o(.bss.g_curr_tick_p)
    is_recv_left_wheel                       0x20000564   Data           4  mainpp.o(.bss.is_recv_left_wheel)
    is_recv_right_wheel                      0x20000568   Data           4  mainpp.o(.bss.is_recv_right_wheel)
    lastCmdVelReceived                       0x20000570   Data           8  mainpp.o(.bss.lastCmdVelReceived)
    left_vel_data                            0x20000578   Data           8  mainpp.o(.bss.left_vel_data)
    left_wheel_query                         0x20000580   Data          28  mainpp.o(.bss.left_wheel_query)
    left_wheel_tick_count                    0x2000059c   Data           8  mainpp.o(.bss.left_wheel_tick_count)
    left_wheel_vel                           0x200005a4   Data           4  mainpp.o(.bss.left_wheel_vel)
    nh                                       0x200005a8   Data        2360  mainpp.o(.bss.nh)
    pos_left                                 0x20000ee0   Data           4  mainpp.o(.bss.pos_left)
    pos_right                                0x20000ee4   Data           4  mainpp.o(.bss.pos_right)
    pre_robot_dir                            0x20000ee8   Data           4  mainpp.o(.bss.pre_robot_dir)
    prevT                                    0x20000eec   Data           4  mainpp.o(.bss.prevT)
    previousMillis                           0x20000ef0   Data           4  mainpp.o(.bss.previousMillis)
    pwmLeftReq                               0x20000ef8   Data           8  mainpp.o(.bss.pwmLeftReq)
    pwmRightReq                              0x20000f00   Data           8  mainpp.o(.bss.pwmRightReq)
    pwmout1                                  0x20000f08   Data           4  mainpp.o(.bss.pwmout1)
    pwmout2                                  0x20000f0c   Data           4  mainpp.o(.bss.pwmout2)
    right_vel_data                           0x20000f10   Data           8  mainpp.o(.bss.right_vel_data)
    right_wheel_query                        0x20000f18   Data          28  mainpp.o(.bss.right_wheel_query)
    right_wheel_tick_count                   0x20000f34   Data           8  mainpp.o(.bss.right_wheel_tick_count)
    right_wheel_vel                          0x20000f3c   Data           4  mainpp.o(.bss.right_wheel_vel)
    robot_dir                                0x20000f40   Data           4  mainpp.o(.bss.robot_dir)
    tcbs                                     0x20000f44   Data          24  kernel.o(.bss.tcbs)
    velLeftWheel                             0x20000f60   Data           8  mainpp.o(.bss.velLeftWheel)
    velRightWheel                            0x20000f68   Data           8  mainpp.o(.bss.velRightWheel)
    vel_left                                 0x20000f70   Data           8  mainpp.o(.bss.vel_left)
    vel_right                                0x20000f78   Data           8  mainpp.o(.bss.vel_right)



==============================================================================

Memory Map of the image

  Image Entry point : 0x08000291

  Load Region LR_1 (Base: 0x08000000, Size: 0x00004ad8, Max: 0xffffffff, ABSOLUTE)

    Execution Region ER_RO (Exec base: 0x08000000, Load base: 0x08000000, Size: 0x00004acc, Max: 0xffffffff, ABSOLUTE)

    Exec Addr    Load Addr    Size         Type   Attr      Idx    E Section Name        Object

    0x08000000   0x08000000   0x00000198   Data   RO          512    RESET               startup_stm32f411xe.o
    0x08000198   0x08000198   0x00000008   Code   RO          597  * !!!main             c_w.l(__main.o)
    0x080001a0   0x080001a0   0x00000034   Code   RO          889    !!!scatter          c_w.l(__scatter.o)
    0x080001d4   0x080001d4   0x0000001a   Code   RO          891    !!handler_copy      c_w.l(__scatter_copy.o)
    0x080001ee   0x080001ee   0x00000002   PAD
    0x080001f0   0x080001f0   0x0000001c   Code   RO          893    !!handler_zi        c_w.l(__scatter_zi.o)
    0x0800020c   0x0800020c   0x00000002   Code   RO          834    .ARM.Collect$$libinit$$00000000  c_w.l(libinit.o)
    0x0800020e   0x0800020e   0x00000004   Code   RO          679    .ARM.Collect$$libinit$$00000001  c_w.l(libinit2.o)
    0x08000212   0x08000212   0x00000000   Code   RO          682    .ARM.Collect$$libinit$$00000004  c_w.l(libinit2.o)
    0x08000212   0x08000212   0x00000008   Code   RO          683    .ARM.Collect$$libinit$$00000005  c_w.l(libinit2.o)
    0x0800021a   0x0800021a   0x00000000   Code   RO          685    .ARM.Collect$$libinit$$0000000A  c_w.l(libinit2.o)
    0x0800021a   0x0800021a   0x00000000   Code   RO          687    .ARM.Collect$$libinit$$0000000C  c_w.l(libinit2.o)
    0x0800021a   0x0800021a   0x00000000   Code   RO          689    .ARM.Collect$$libinit$$0000000E  c_w.l(libinit2.o)
    0x0800021a   0x0800021a   0x00000000   Code   RO          692    .ARM.Collect$$libinit$$00000011  c_w.l(libinit2.o)
    0x0800021a   0x0800021a   0x00000000   Code   RO          694    .ARM.Collect$$libinit$$00000013  c_w.l(libinit2.o)
    0x0800021a   0x0800021a   0x00000000   Code   RO          696    .ARM.Collect$$libinit$$00000015  c_w.l(libinit2.o)
    0x0800021a   0x0800021a   0x00000000   Code   RO          698    .ARM.Collect$$libinit$$00000017  c_w.l(libinit2.o)
    0x0800021a   0x0800021a   0x00000000   Code   RO          700    .ARM.Collect$$libinit$$00000019  c_w.l(libinit2.o)
    0x0800021a   0x0800021a   0x00000000   Code   RO          702    .ARM.Collect$$libinit$$0000001B  c_w.l(libinit2.o)
    0x0800021a   0x0800021a   0x00000000   Code   RO          704    .ARM.Collect$$libinit$$0000001D  c_w.l(libinit2.o)
    0x0800021a   0x0800021a   0x00000000   Code   RO          706    .ARM.Collect$$libinit$$0000001F  c_w.l(libinit2.o)
    0x0800021a   0x0800021a   0x00000000   Code   RO          708    .ARM.Collect$$libinit$$00000021  c_w.l(libinit2.o)
    0x0800021a   0x0800021a   0x00000000   Code   RO          710    .ARM.Collect$$libinit$$00000023  c_w.l(libinit2.o)
    0x0800021a   0x0800021a   0x00000000   Code   RO          712    .ARM.Collect$$libinit$$00000025  c_w.l(libinit2.o)
    0x0800021a   0x0800021a   0x00000008   Code   RO          713    .ARM.Collect$$libinit$$00000026  c_w.l(libinit2.o)
    0x08000222   0x08000222   0x00000000   Code   RO          718    .ARM.Collect$$libinit$$0000002E  c_w.l(libinit2.o)
    0x08000222   0x08000222   0x00000000   Code   RO          720    .ARM.Collect$$libinit$$00000030  c_w.l(libinit2.o)
    0x08000222   0x08000222   0x00000004   Code   RO          721    .ARM.Collect$$libinit$$00000031  c_w.l(libinit2.o)
    0x08000226   0x08000226   0x00000000   Code   RO          722    .ARM.Collect$$libinit$$00000032  c_w.l(libinit2.o)
    0x08000226   0x08000226   0x00000002   Code   RO          723    .ARM.Collect$$libinit$$00000033  c_w.l(libinit2.o)
    0x08000228   0x08000228   0x00000002   Code   RO          886    .ARM.Collect$$libshutdown$$00000000  c_w.l(libshutdown.o)
    0x0800022a   0x0800022a   0x00000000   Code   RO          846    .ARM.Collect$$libshutdown$$00000002  c_w.l(libshutdown2.o)
    0x0800022a   0x0800022a   0x00000000   Code   RO          848    .ARM.Collect$$libshutdown$$00000004  c_w.l(libshutdown2.o)
    0x0800022a   0x0800022a   0x00000000   Code   RO          851    .ARM.Collect$$libshutdown$$00000007  c_w.l(libshutdown2.o)
    0x0800022a   0x0800022a   0x00000000   Code   RO          854    .ARM.Collect$$libshutdown$$0000000A  c_w.l(libshutdown2.o)
    0x0800022a   0x0800022a   0x00000000   Code   RO          856    .ARM.Collect$$libshutdown$$0000000C  c_w.l(libshutdown2.o)
    0x0800022a   0x0800022a   0x00000000   Code   RO          859    .ARM.Collect$$libshutdown$$0000000F  c_w.l(libshutdown2.o)
    0x0800022a   0x0800022a   0x00000002   Code   RO          860    .ARM.Collect$$libshutdown$$00000010  c_w.l(libshutdown2.o)
    0x0800022c   0x0800022c   0x00000000   Code   RO          641    .ARM.Collect$$rtentry$$00000000  c_w.l(__rtentry.o)
    0x0800022c   0x0800022c   0x00000000   Code   RO          759    .ARM.Collect$$rtentry$$00000002  c_w.l(__rtentry2.o)
    0x0800022c   0x0800022c   0x00000006   Code   RO          771    .ARM.Collect$$rtentry$$00000004  c_w.l(__rtentry4.o)
    0x08000232   0x08000232   0x00000000   Code   RO          761    .ARM.Collect$$rtentry$$00000009  c_w.l(__rtentry2.o)
    0x08000232   0x08000232   0x00000004   Code   RO          762    .ARM.Collect$$rtentry$$0000000A  c_w.l(__rtentry2.o)
    0x08000236   0x08000236   0x00000000   Code   RO          764    .ARM.Collect$$rtentry$$0000000C  c_w.l(__rtentry2.o)
    0x08000236   0x08000236   0x00000008   Code   RO          765    .ARM.Collect$$rtentry$$0000000D  c_w.l(__rtentry2.o)
    0x0800023e   0x0800023e   0x00000002   Code   RO          835    .ARM.Collect$$rtexit$$00000000  c_w.l(rtexit.o)
    0x08000240   0x08000240   0x00000000   Code   RO          862    .ARM.Collect$$rtexit$$00000002  c_w.l(rtexit2.o)
    0x08000240   0x08000240   0x00000004   Code   RO          863    .ARM.Collect$$rtexit$$00000003  c_w.l(rtexit2.o)
    0x08000244   0x08000244   0x00000006   Code   RO          864    .ARM.Collect$$rtexit$$00000004  c_w.l(rtexit2.o)
    0x0800024a   0x0800024a   0x00000002   PAD
    0x0800024c   0x0800024c   0x00000040   Code   RO          485    .TEXT               kernel_1.o
    0x0800028c   0x0800028c   0x00000004   Code   RO          796    .emb_text           c_w.l(argv_veneer.o)
    0x08000290   0x08000290   0x00000040   Code   RO          513  * .text               startup_stm32f411xe.o
    0x080002d0   0x080002d0   0x000000c4   Code   RO          535    .text               c_w.l(h1_realloc.o)
    0x08000394   0x08000394   0x00000080   Code   RO          589    .text               c_w.l(assert.o)
    0x08000414   0x08000414   0x0000003e   Code   RO          591    .text               c_w.l(strlen.o)
    0x08000452   0x08000452   0x0000008a   Code   RO          593    .text               c_w.l(rt_memcpy_v6.o)
    0x080004dc   0x080004dc   0x00000006   Code   RO          595    .text               c_w.l(heapauxi.o)
    0x080004e2   0x080004e2   0x00000002   PAD
    0x080004e4   0x080004e4   0x00000024   Code   RO          602    .text               c_w.l(init_aeabi.o)
    0x08000508   0x08000508   0x00000008   Code   RO          645    .text               c_w.l(rt_heap_descriptor_intlibspace.o)
    0x08000510   0x08000510   0x00000004   Code   RO          647    .text               c_w.l(hguard.o)
    0x08000514   0x08000514   0x0000008a   Code   RO          649    .text               c_w.l(init_alloc.o)
    0x0800059e   0x0800059e   0x0000005e   Code   RO          657    .text               c_w.l(h1_alloc.o)
    0x080005fc   0x080005fc   0x0000004e   Code   RO          659    .text               c_w.l(h1_free.o)
    0x0800064a   0x0800064a   0x00000016   Code   RO          673    .text               c_w.l(abort.o)
    0x08000660   0x08000660   0x00000014   Code   RO          675    .text               c_w.l(assert_puts.o)
    0x08000674   0x08000674   0x00000064   Code   RO          677    .text               c_w.l(rt_memcpy_w.o)
    0x080006d8   0x080006d8   0x0000000e   Code   RO          747    .text               c_w.l(sys_wrch.o)
    0x080006e6   0x080006e6   0x00000002   PAD
    0x080006e8   0x080006e8   0x0000000c   Code   RO          749    .text               c_w.l(sys_exit.o)
    0x080006f4   0x080006f4   0x00000008   Code   RO          755    .text               c_w.l(libspace.o)
    0x080006fc   0x080006fc   0x00000000   Code   RO          773    .text               c_w.l(maybetermalloc1.o)
    0x080006fc   0x080006fc   0x0000000e   Code   RO          775    .text               c_w.l(h1_init.o)
    0x0800070a   0x0800070a   0x00000034   Code   RO          777    .text               c_w.l(h1_extend.o)
    0x0800073e   0x0800073e   0x0000000e   Code   RO          783    .text               c_w.l(defsig_abrt_outer.o)
    0x0800074c   0x0800074c   0x0000000e   Code   RO          787    .text               c_w.l(defsig_rtmem_outer.o)
    0x0800075a   0x0800075a   0x00000108   Code   RO          794    .text               c_w.l(_get_argv.o)
    0x08000862   0x08000862   0x00000018   Code   RO          802    .text               c_w.l(sys_command.o)
    0x0800087a   0x0800087a   0x00000002   Code   RO          806    .text               c_w.l(use_no_semi.o)
    0x0800087c   0x0800087c   0x00000000   Code   RO          808    .text               c_w.l(indicate_semi.o)
    0x0800087c   0x0800087c   0x0000004a   Code   RO          809    .text               c_w.l(sys_stackheap_outer.o)
    0x080008c6   0x080008c6   0x00000004   Code   RO          813    .text               c_w.l(hrguard.o)
    0x080008ca   0x080008ca   0x00000012   Code   RO          817    .text               c_w.l(exit.o)
    0x080008dc   0x080008dc   0x0000000a   Code   RO          819    .text               c_w.l(defsig_exit.o)
    0x080008e6   0x080008e6   0x00000002   PAD
    0x080008e8   0x080008e8   0x00000030   Code   RO          821    .text               c_w.l(defsig_abrt_inner.o)
    0x08000918   0x08000918   0x00000050   Code   RO          823    .text               c_w.l(defsig_rtmem_inner.o)
    0x08000968   0x08000968   0x00000032   Code   RO          843    .text               c_w.l(defsig_general.o)
    0x0800099a   0x0800099a   0x00000002   PAD
    0x0800099c   0x0800099c   0x00000082   Code   RO          413    .text.BTS7960_ClampPWM  bts7960.o
    0x08000a1e   0x08000a1e   0x00000002   PAD
    0x08000a20   0x08000a20   0x00000042   Code   RO          415    .text.BTS7960_MoveBackward  bts7960.o
    0x08000a62   0x08000a62   0x00000002   PAD
    0x08000a64   0x08000a64   0x00000042   Code   RO          411    .text.BTS7960_MoveForward  bts7960.o
    0x08000aa6   0x08000aa6   0x00000002   PAD
    0x08000aa8   0x08000aa8   0x00000482   Code   RO          409    .text.BTS7960_PWMInit  bts7960.o
    0x08000f2a   0x08000f2a   0x00000002   PAD
    0x08000f2c   0x08000f2c   0x0000002c   Code   RO          421    .text.BTS7960_Stop  bts7960.o
    0x08000f58   0x08000f58   0x00000042   Code   RO          417    .text.BTS7960_TurnLeft  bts7960.o
    0x08000f9a   0x08000f9a   0x00000002   PAD
    0x08000f9c   0x08000f9c   0x00000082   Code   RO          285    .text.DMA_UART_Receive  uart2.o
    0x0800101e   0x0800101e   0x00000002   PAD
    0x08001020   0x08001020   0x0000008a   Code   RO          283    .text.DMA_UART_Transmit  uart2.o
    0x080010aa   0x080010aa   0x00000002   PAD
    0x080010ac   0x080010ac   0x00000032   Code   RO          323    .text.Dio_Init      dio.o
    0x080010de   0x080010de   0x00000002   PAD
    0x080010e0   0x080010e0   0x0000012c   Code   RO           14    .text.Encoder_Turnleft  mainpp.o
    0x0800120c   0x0800120c   0x0000012c   Code   RO           16    .text.Encoder_Turnright  mainpp.o
    0x08001338   0x08001338   0x000000be   Code   RO          243    .text.Rcc_Clock_Init  rcc_cfg.o
    0x080013f6   0x080013f6   0x00000002   PAD
    0x080013f8   0x080013f8   0x00000008   Code   RO          494    .text.SysTick_Handler  systick.o
    0x08001400   0x08001400   0x00000012   Code   RO          518    .text.SystemInit    system_stm32f4xx.o
    0x08001412   0x08001412   0x00000002   PAD
    0x08001414   0x08001414   0x00000028   Code   RO          492    .text.Systick_Init  systick.o
    0x0800143c   0x0800143c   0x0000001a   Code   RO          490    .text.Tick_Increment  systick.o
    0x08001456   0x08001456   0x00000002   PAD
    0x08001458   0x08001458   0x00000020   Code   RO           38    .text._GLOBAL__sub_I_mainpp.cpp  mainpp.o
    0x08001478   0x08001478   0x00000338   Code   RO           22    .text._Z14Set_Values_Pwmidd  mainpp.o
    0x080017b0   0x080017b0   0x00000178   Code   RO           18    .text._Z19calc_vel_left_wheelv  mainpp.o
    0x08001928   0x08001928   0x00000178   Code   RO           20    .text._Z20calc_vel_right_wheelv  mainpp.o
    0x08001aa0   0x08001aa0   0x0000005a   Code   RO           26    .text._ZL21calc_left_wheel_queryRKN8std_msgs5Int16E  mainpp.o
    0x08001afa   0x08001afa   0x00000002   PAD
    0x08001afc   0x08001afc   0x0000005a   Code   RO           30    .text._ZL22calc_right_wheel_queryRKN8std_msgs5Int16E  mainpp.o
    0x08001b56   0x08001b56   0x00000002   PAD
    0x08001b58   0x08001b58   0x000000b4   Code   RO           36    .text._ZL8gain_dirii  mainpp.o
    0x08001c0c   0x08001c0c   0x0000001a   Code   RO          187    .text._ZN13STM32Hardware10getRdmaIndEv  mainpp.o
    0x08001c26   0x08001c26   0x00000002   PAD
    0x08001c28   0x08001c28   0x00000014   Code   RO          105    .text._ZN13STM32Hardware10reset_rbufEv  mainpp.o
    0x08001c3c   0x08001c3c   0x00000010   Code   RO          175    .text._ZN13STM32Hardware4initEv  mainpp.o
    0x08001c4c   0x08001c4c   0x00000046   Code   RO          179    .text._ZN13STM32Hardware4readEv  mainpp.o
    0x08001c92   0x08001c92   0x00000002   PAD
    0x08001c94   0x08001c94   0x0000000e   Code   RO          177    .text._ZN13STM32Hardware4timeEv  mainpp.o
    0x08001ca2   0x08001ca2   0x00000002   PAD
    0x08001ca4   0x08001ca4   0x000000a8   Code   RO          107    .text._ZN13STM32Hardware5flushEv  mainpp.o
    0x08001d4c   0x08001d4c   0x000000a8   Code   RO          141    .text._ZN13STM32Hardware5writeEPhi  mainpp.o
    0x08001df4   0x08001df4   0x00000018   Code   RO          119    .text._ZN13STM32HardwareC2Ev  mainpp.o
    0x08001e0c   0x08001e0c   0x000002a4   Code   RO          131    .text._ZN14rosserial_msgs20RequestParamResponse11deserializeEPh  mainpp.o
    0x080020b0   0x080020b0   0x00000010   Code   RO          135    .text._ZN14rosserial_msgs20RequestParamResponse6getMD5Ev  mainpp.o
    0x080020c0   0x080020c0   0x00000010   Code   RO          133    .text._ZN14rosserial_msgs20RequestParamResponse7getTypeEv  mainpp.o
    0x080020d0   0x080020d0   0x00000036   Code   RO          121    .text._ZN14rosserial_msgs20RequestParamResponseC2Ev  mainpp.o
    0x08002106   0x08002106   0x00000002   PAD
    0x08002108   0x08002108   0x00000086   Code   RO          151    .text._ZN14rosserial_msgs3Log11deserializeEPh  mainpp.o
    0x0800218e   0x0800218e   0x00000002   PAD
    0x08002190   0x08002190   0x00000010   Code   RO          155    .text._ZN14rosserial_msgs3Log6getMD5Ev  mainpp.o
    0x080021a0   0x080021a0   0x00000010   Code   RO          153    .text._ZN14rosserial_msgs3Log7getTypeEv  mainpp.o
    0x080021b0   0x080021b0   0x00000030   Code   RO          147    .text._ZN14rosserial_msgs3LogC2Ev  mainpp.o
    0x080021e0   0x080021e0   0x0000019e   Code   RO          207    .text._ZN14rosserial_msgs9TopicInfo11deserializeEPh  mainpp.o
    0x0800237e   0x0800237e   0x00000002   PAD
    0x08002380   0x08002380   0x00000010   Code   RO          211    .text._ZN14rosserial_msgs9TopicInfo6getMD5Ev  mainpp.o
    0x08002390   0x08002390   0x00000010   Code   RO          209    .text._ZN14rosserial_msgs9TopicInfo7getTypeEv  mainpp.o
    0x080023a0   0x080023a0   0x00000036   Code   RO          201    .text._ZN14rosserial_msgs9TopicInfoC2Ev  mainpp.o
    0x080023d6   0x080023d6   0x00000002   PAD
    0x080023d8   0x080023d8   0x00000012   Code   RO          171    .text._ZN3ros10SubscriberIN8std_msgs5Int16EvE10getMsgTypeEv  mainpp.o
    0x080023ea   0x080023ea   0x00000002   PAD
    0x080023ec   0x080023ec   0x0000000c   Code   RO          169    .text._ZN3ros10SubscriberIN8std_msgs5Int16EvE15getEndpointTypeEv  mainpp.o
    0x080023f8   0x080023f8   0x0000002c   Code   RO          167    .text._ZN3ros10SubscriberIN8std_msgs5Int16EvE8callbackEPh  mainpp.o
    0x08002424   0x08002424   0x00000012   Code   RO          173    .text._ZN3ros10SubscriberIN8std_msgs5Int16EvE9getMsgMD5Ev  mainpp.o
    0x08002436   0x08002436   0x00000002   PAD
    0x08002438   0x08002438   0x0000003e   Code   RO          109    .text._ZN3ros10SubscriberIN8std_msgs5Int16EvEC2EPKcPFvRKS2_Ei  mainpp.o
    0x08002476   0x08002476   0x00000002   PAD
    0x08002478   0x08002478   0x00000148   Code   RO          183    .text._ZN3ros11NodeHandle_I13STM32HardwareLi25ELi25ELi512ELi512EE15negotiateTopicsEv  mainpp.o
    0x080025c0   0x080025c0   0x0000003c   Code   RO          181    .text._ZN3ros11NodeHandle_I13STM32HardwareLi25ELi25ELi512ELi512EE15requestSyncTimeEv  mainpp.o
    0x080025fc   0x080025fc   0x00000040   Code   RO          145    .text._ZN3ros11NodeHandle_I13STM32HardwareLi25ELi25ELi512ELi512EE3logEcPKc  mainpp.o
    0x0800263c   0x0800263c   0x0000007c   Code   RO          213    .text._ZN3ros11NodeHandle_I13STM32HardwareLi25ELi25ELi512ELi512EE6setNowERKNS_4TimeE  mainpp.o
    0x080026b8   0x080026b8   0x000000f8   Code   RO          123    .text._ZN3ros11NodeHandle_I13STM32HardwareLi25ELi25ELi512ELi512EE7publishEiPKNS_3MsgE  mainpp.o
    0x080027b0   0x080027b0   0x0000002a   Code   RO          111    .text._ZN3ros11NodeHandle_I13STM32HardwareLi25ELi25ELi512ELi512EE8initNodeEv  mainpp.o
    0x080027da   0x080027da   0x00000002   PAD
    0x080027dc   0x080027dc   0x00000016   Code   RO          143    .text._ZN3ros11NodeHandle_I13STM32HardwareLi25ELi25ELi512ELi512EE8logerrorEPKc  mainpp.o
    0x080027f2   0x080027f2   0x00000002   PAD
    0x080027f4   0x080027f4   0x000003aa   Code   RO          115    .text._ZN3ros11NodeHandle_I13STM32HardwareLi25ELi25ELi512ELi512EE8spinOnceEv  mainpp.o
    0x08002b9e   0x08002b9e   0x00000002   PAD
    0x08002ba0   0x08002ba0   0x00000090   Code   RO          185    .text._ZN3ros11NodeHandle_I13STM32HardwareLi25ELi25ELi512ELi512EE8syncTimeEPh  mainpp.o
    0x08002c30   0x08002c30   0x00000012   Code   RO          125    .text._ZN3ros11NodeHandle_I13STM32HardwareLi25ELi25ELi512ELi512EE9connectedEv  mainpp.o
    0x08002c42   0x08002c42   0x00000002   PAD
    0x08002c44   0x08002c44   0x00000062   Code   RO          113    .text._ZN3ros11NodeHandle_I13STM32HardwareLi25ELi25ELi512ELi512EE9subscribeERNS_11Subscriber_E  mainpp.o
    0x08002ca6   0x08002ca6   0x00000002   PAD
    0x08002ca8   0x08002ca8   0x00000116   Code   RO           99    .text._ZN3ros11NodeHandle_I13STM32HardwareLi25ELi25ELi512ELi512EEC2Ev  mainpp.o
    0x08002dbe   0x08002dbe   0x00000002   PAD
    0x08002dc0   0x08002dc0   0x00000016   Code   RO          165    .text._ZN3ros11Subscriber_C2Ev  mainpp.o
    0x08002dd6   0x08002dd6   0x00000002   PAD
    0x08002dd8   0x08002dd8   0x00000016   Code   RO          117    .text._ZN3ros15NodeHandleBase_C2Ev  mainpp.o
    0x08002dee   0x08002dee   0x00000002   PAD
    0x08002df0   0x08002df0   0x00000038   Code   RO          235    .text._ZN3ros16normalizeSecNSecERjS0_  ros.o
    0x08002e28   0x08002e28   0x00000038   Code   RO          139    .text._ZN3ros3Msg8arrToVarIjPhEEvRT_T0_  mainpp.o
    0x08002e60   0x08002e60   0x0000002e   Code   RO          137    .text._ZN3ros3Msg8varToArrIPhjEEvT_T0_  mainpp.o
    0x08002e8e   0x08002e8e   0x00000002   PAD
    0x08002e90   0x08002e90   0x00000016   Code   RO          127    .text._ZN3ros3MsgC2Ev  mainpp.o
    0x08002ea6   0x08002ea6   0x00000002   PAD
    0x08002ea8   0x08002ea8   0x00000010   Code   RO          191    .text._ZN3ros4TimeC2Ev  mainpp.o
    0x08002eb8   0x08002eb8   0x0000000c   Code   RO          203    .text._ZN3ros9Publisher15getEndpointTypeEv  mainpp.o
    0x08002ec4   0x08002ec4   0x0000008e   Code   RO          195    .text._ZN8std_msgs4Time11deserializeEPh  mainpp.o
    0x08002f52   0x08002f52   0x00000002   PAD
    0x08002f54   0x08002f54   0x00000010   Code   RO          199    .text._ZN8std_msgs4Time6getMD5Ev  mainpp.o
    0x08002f64   0x08002f64   0x00000010   Code   RO          197    .text._ZN8std_msgs4Time7getTypeEv  mainpp.o
    0x08002f74   0x08002f74   0x0000002a   Code   RO          189    .text._ZN8std_msgs4TimeC2Ev  mainpp.o
    0x08002f9e   0x08002f9e   0x00000002   PAD
    0x08002fa0   0x08002fa0   0x00000046   Code   RO          159    .text._ZN8std_msgs5Int1611deserializeEPh  mainpp.o
    0x08002fe6   0x08002fe6   0x00000002   PAD
    0x08002fe8   0x08002fe8   0x00000010   Code   RO          163    .text._ZN8std_msgs5Int166getMD5Ev  mainpp.o
    0x08002ff8   0x08002ff8   0x00000010   Code   RO          161    .text._ZN8std_msgs5Int167getTypeEv  mainpp.o
    0x08003008   0x08003008   0x00000026   Code   RO          101    .text._ZN8std_msgs5Int16C2Ev  mainpp.o
    0x0800302e   0x0800302e   0x00000002   PAD
    0x08003030   0x08003030   0x000001bc   Code   RO          129    .text._ZNK14rosserial_msgs20RequestParamResponse9serializeEPh  mainpp.o
    0x080031ec   0x080031ec   0x0000005c   Code   RO          149    .text._ZNK14rosserial_msgs3Log9serializeEPh  mainpp.o
    0x08003248   0x08003248   0x00000118   Code   RO          205    .text._ZNK14rosserial_msgs9TopicInfo9serializeEPh  mainpp.o
    0x08003360   0x08003360   0x0000006e   Code   RO          193    .text._ZNK8std_msgs4Time9serializeEPh  mainpp.o
    0x080033ce   0x080033ce   0x00000002   PAD
    0x080033d0   0x080033d0   0x00000034   Code   RO          157    .text._ZNK8std_msgs5Int169serializeEPh  mainpp.o
    0x08003404   0x08003404   0x00000044   Code   RO          473    .text.__NVIC_SetPriority  kernel.o
    0x08003448   0x08003448   0x00000028   Code   RO          634    .text.__cxa_pure_virtual  libcppabi_w.l(cxa_virtual.cpp.o)
    0x08003470   0x08003470   0x00000010   Code   RO            2    .text.__cxx_global_var_init  mainpp.o
    0x08003480   0x08003480   0x00000010   Code   RO            4    .text.__cxx_global_var_init.1  mainpp.o
    0x08003490   0x08003490   0x00000010   Code   RO            6    .text.__cxx_global_var_init.2  mainpp.o
    0x080034a0   0x080034a0   0x00000010   Code   RO            8    .text.__cxx_global_var_init.3  mainpp.o
    0x080034b0   0x080034b0   0x00000010   Code   RO           10    .text.__cxx_global_var_init.4  mainpp.o
    0x080034c0   0x080034c0   0x00000022   Code   RO           24    .text.__cxx_global_var_init.5  mainpp.o
    0x080034e2   0x080034e2   0x00000002   PAD
    0x080034e4   0x080034e4   0x00000022   Code   RO           28    .text.__cxx_global_var_init.6  mainpp.o
    0x08003506   0x08003506   0x00000004   Code   RO          744    .text.abort_message  libcppabi_w.l(abort_message.cpp.o)
    0x0800350a   0x0800350a   0x00000002   PAD
    0x0800350c   0x0800350c   0x0000001c   Code   RO          496    .text.get_tick      systick.o
    0x08003528   0x08003528   0x0000042c   Code   RO           34    .text.loop          mainpp.o
    0x08003954   0x08003954   0x00000018   Code   RO          227    .text.main          main.o
    0x0800396c   0x0800396c   0x0000006e   Code   RO          467    .text.osKernelAddThread  kernel.o
    0x080039da   0x080039da   0x00000002   PAD
    0x080039dc   0x080039dc   0x00000014   Code   RO          469    .text.osKernelInit  kernel.o
    0x080039f0   0x080039f0   0x00000060   Code   RO          471    .text.osKernelLaunch  kernel.o
    0x08003a50   0x08003a50   0x000000cc   Code   RO          465    .text.osKernelStackInit  kernel.o
    0x08003b1c   0x08003b1c   0x00000018   Code   RO          325    .text.readEncoder1  dio.o
    0x08003b34   0x08003b34   0x00000018   Code   RO          327    .text.readEncoder2  dio.o
    0x08003b4c   0x08003b4c   0x000000b8   Code   RO           32    .text.setup         mainpp.o
    0x08003c04   0x08003c04   0x00000040   Code   RO          457    .text.setupVectorTable  encoder.o
    0x08003c44   0x08003c44   0x00000062   Code   RO          605    x$fpl$d2f           fz_wm.l(d2f.o)
    0x08003ca6   0x08003ca6   0x00000002   PAD
    0x08003ca8   0x08003ca8   0x00000150   Code   RO          607    x$fpl$dadd          fz_wm.l(daddsub_clz.o)
    0x08003df8   0x08003df8   0x00000018   Code   RO          798    x$fpl$dcmpinf       fz_wm.l(dcmpi.o)
    0x08003e10   0x08003e10   0x000002b0   Code   RO          616    x$fpl$ddiv          fz_wm.l(ddiv.o)
    0x080040c0   0x080040c0   0x00000078   Code   RO          728    x$fpl$deqf          fz_wm.l(deqf.o)
    0x08004138   0x08004138   0x0000005e   Code   RO          619    x$fpl$dfix          fz_wm.l(dfix.o)
    0x08004196   0x08004196   0x0000002e   Code   RO          624    x$fpl$dflt          fz_wm.l(dflt_clz.o)
    0x080041c4   0x080041c4   0x00000026   Code   RO          623    x$fpl$dfltu         fz_wm.l(dflt_clz.o)
    0x080041ea   0x080041ea   0x00000002   PAD
    0x080041ec   0x080041ec   0x00000078   Code   RO          730    x$fpl$dgeqf         fz_wm.l(dgeqf.o)
    0x08004264   0x08004264   0x00000078   Code   RO          732    x$fpl$dleqf         fz_wm.l(dleqf.o)
    0x080042dc   0x080042dc   0x00000154   Code   RO          629    x$fpl$dmul          fz_wm.l(dmul.o)
    0x08004430   0x08004430   0x0000009c   Code   RO          734    x$fpl$dnaninf       fz_wm.l(dnaninf.o)
    0x080044cc   0x080044cc   0x0000000c   Code   RO          736    x$fpl$dretinf       fz_wm.l(dretinf.o)
    0x080044d8   0x080044d8   0x000001d4   Code   RO          609    x$fpl$dsub          fz_wm.l(daddsub_clz.o)
    0x080046ac   0x080046ac   0x00000056   Code   RO          631    x$fpl$f2d           fz_wm.l(f2d.o)
    0x08004702   0x08004702   0x00000054   Code   RO          613    x$fpl$fcmp          fz_wm.l(dcmp.o)
    0x08004756   0x08004756   0x0000008c   Code   RO          738    x$fpl$fnaninf       fz_wm.l(fnaninf.o)
    0x080047e2   0x080047e2   0x0000001a   Code   RO          800    x$fpl$fpinit        fz_wm.l(fpinit.o)
    0x080047fc   0x080047fc   0x0000000a   Code   RO          740    x$fpl$fretinf       fz_wm.l(fretinf.o)
    0x08004806   0x08004806   0x00000000   Code   RO          742    x$fpl$usenofp       fz_wm.l(usenofp.o)
    0x08004806   0x08004806   0x00000002   PAD
    0x08004808   0x08004808   0x00000028   Data   RO           89    .rodata..L__const.setup.system  mainpp.o
    0x08004830   0x08004830   0x0000001c   Data   RO           90    .rodata._ZN14rosserial_msgsL12REQUESTPARAME  mainpp.o
    0x0800484c   0x0800484c   0x00000018   Data   RO          217    .rodata._ZTVN14rosserial_msgs20RequestParamResponseE  mainpp.o
    0x08004864   0x08004864   0x00000018   Data   RO          219    .rodata._ZTVN14rosserial_msgs3LogE  mainpp.o
    0x0800487c   0x0800487c   0x00000018   Data   RO          225    .rodata._ZTVN14rosserial_msgs9TopicInfoE  mainpp.o
    0x08004894   0x08004894   0x00000018   Data   RO          222    .rodata._ZTVN3ros10SubscriberIN8std_msgs5Int16EvEE  mainpp.o
    0x080048ac   0x080048ac   0x00000014   Data   RO          215    .rodata._ZTVN3ros11NodeHandle_I13STM32HardwareLi25ELi25ELi512ELi512EEE  mainpp.o
    0x080048c0   0x080048c0   0x00000018   Data   RO          223    .rodata._ZTVN3ros11Subscriber_E  mainpp.o
    0x080048d8   0x080048d8   0x00000014   Data   RO          216    .rodata._ZTVN3ros15NodeHandleBase_E  mainpp.o
    0x080048ec   0x080048ec   0x00000018   Data   RO          218    .rodata._ZTVN3ros3MsgE  mainpp.o
    0x08004904   0x08004904   0x00000018   Data   RO          224    .rodata._ZTVN8std_msgs4TimeE  mainpp.o
    0x0800491c   0x0800491c   0x00000018   Data   RO          220    .rodata._ZTVN8std_msgs5Int16E  mainpp.o
    0x08004934   0x08004934   0x0000014a   Data   RO           87    .rodata.str1.1      mainpp.o
    0x08004a7e   0x08004a7e   0x00000027   Data   RO          426    .rodata.str1.1      bts7960.o
    0x08004aa5   0x08004aa5   0x00000003   PAD
    0x08004aa8   0x08004aa8   0x00000020   Data   RO          888    Region$$Table       anon$$obj.o
    0x08004ac8   0x08004ac8   0x00000004   Data   RO           91    .init_array         mainpp.o
    0x08004acc   0x08004ac8   0x00000000   Data   RO          600    .init_array         c_w.l(init_aeabi.o)


    Execution Region ER_RW (Exec base: 0x20000000, Load base: 0x08004acc, Size: 0x0000000c, Max: 0xffffffff, ABSOLUTE)

    Exec Addr    Load Addr    Size         Type   Attr      Idx    E Section Name        Object

    0x20000000   0x08004acc   0x00000004   Data   RW           47    .data.Direction_left  mainpp.o
    0x20000004   0x08004ad0   0x00000004   Data   RW           48    .data.Direction_right  mainpp.o
    0x20000008   0x08004ad4   0x00000004   Data   RW          501    .data.tick_freq     systick.o


    Execution Region ER_ZI (Exec base: 0x20000010, Load base: 0x08004ad8, Size: 0x00001570, Max: 0xffffffff, ABSOLUTE)

    Exec Addr    Load Addr    Size         Type   Attr      Idx    E Section Name        Object

    0x20000010        -       0x00000060   Zero   RW          756    .bss                c_w.l(libspace.o)
    0x20000070        -       0x00000004   Zero   RW          478    .bss.MILLIS_PRESCALER  kernel.o
    0x20000074        -       0x000004b0   Zero   RW          475    .bss.TCB_STACK      kernel.o
    0x20000524        -       0x00000004   Zero   RW           84    .bss._ZZ14Set_Values_PwmiddE10pwmLeftOut  mainpp.o
    0x20000528        -       0x00000004   Zero   RW           85    .bss._ZZ14Set_Values_PwmiddE11pwmRightOut  mainpp.o
    0x2000052c        -       0x00000004   Zero   RW           81    .bss._ZZ19calc_vel_left_wheelvE13prevLeftCount  mainpp.o
    0x20000530        -       0x00000008   Zero   RW           80    .bss._ZZ19calc_vel_left_wheelvE8prevTime  mainpp.o
    0x20000538        -       0x00000004   Zero   RW           83    .bss._ZZ20calc_vel_right_wheelvE14prevRightCount  mainpp.o
    0x2000053c   0x08004ad8   0x00000004   PAD
    0x20000540        -       0x00000008   Zero   RW           82    .bss._ZZ20calc_vel_right_wheelvE8prevTime  mainpp.o
    0x20000548        -       0x00000001   Zero   RW          221    .bss._ZZN13STM32Hardware5flushEvE5mutex  mainpp.o
    0x20000549   0x08004ad8   0x00000003   PAD
    0x2000054c        -       0x00000004   Zero   RW           50    .bss.currentMillis  mainpp.o
    0x20000550        -       0x00000004   Zero   RW          477    .bss.currentPt      kernel.o
    0x20000554        -       0x00000004   Zero   RW           65    .bss.eintegral_l    mainpp.o
    0x20000558        -       0x00000004   Zero   RW           64    .bss.eintegral_r    mainpp.o
    0x2000055c        -       0x00000004   Zero   RW          502    .bss.g_curr_tick    systick.o
    0x20000560        -       0x00000004   Zero   RW          503    .bss.g_curr_tick_p  systick.o
    0x20000564        -       0x00000004   Zero   RW           60    .bss.is_recv_left_wheel  mainpp.o
    0x20000568        -       0x00000004   Zero   RW           61    .bss.is_recv_right_wheel  mainpp.o
    0x2000056c   0x08004ad8   0x00000004   PAD
    0x20000570        -       0x00000008   Zero   RW           57    .bss.lastCmdVelReceived  mainpp.o
    0x20000578        -       0x00000008   Zero   RW           43    .bss.left_vel_data  mainpp.o
    0x20000580        -       0x0000001c   Zero   RW           86    .bss.left_wheel_query  mainpp.o
    0x2000059c        -       0x00000008   Zero   RW           42    .bss.left_wheel_tick_count  mainpp.o
    0x200005a4        -       0x00000004   Zero   RW           69    .bss.left_wheel_vel  mainpp.o
    0x200005a8        -       0x00000938   Zero   RW           40    .bss.nh             mainpp.o
    0x20000ee0        -       0x00000004   Zero   RW           45    .bss.pos_left       mainpp.o
    0x20000ee4        -       0x00000004   Zero   RW           46    .bss.pos_right      mainpp.o
    0x20000ee8        -       0x00000004   Zero   RW           68    .bss.pre_robot_dir  mainpp.o
    0x20000eec        -       0x00000004   Zero   RW           63    .bss.prevT          mainpp.o
    0x20000ef0        -       0x00000004   Zero   RW           49    .bss.previousMillis  mainpp.o
    0x20000ef4   0x08004ad8   0x00000004   PAD
    0x20000ef8        -       0x00000008   Zero   RW           53    .bss.pwmLeftReq     mainpp.o
    0x20000f00        -       0x00000008   Zero   RW           54    .bss.pwmRightReq    mainpp.o
    0x20000f08        -       0x00000004   Zero   RW           66    .bss.pwmout1        mainpp.o
    0x20000f0c        -       0x00000004   Zero   RW           67    .bss.pwmout2        mainpp.o
    0x20000f10        -       0x00000008   Zero   RW           44    .bss.right_vel_data  mainpp.o
    0x20000f18        -       0x0000001c   Zero   RW           88    .bss.right_wheel_query  mainpp.o
    0x20000f34        -       0x00000008   Zero   RW           41    .bss.right_wheel_tick_count  mainpp.o
    0x20000f3c        -       0x00000004   Zero   RW           70    .bss.right_wheel_vel  mainpp.o
    0x20000f40        -       0x00000004   Zero   RW           62    .bss.robot_dir      mainpp.o
    0x20000f44        -       0x00000018   Zero   RW          476    .bss.tcbs           kernel.o
    0x20000f5c   0x08004ad8   0x00000004   PAD
    0x20000f60        -       0x00000008   Zero   RW           51    .bss.velLeftWheel   mainpp.o
    0x20000f68        -       0x00000008   Zero   RW           52    .bss.velRightWheel  mainpp.o
    0x20000f70        -       0x00000008   Zero   RW           55    .bss.vel_left       mainpp.o
    0x20000f78        -       0x00000008   Zero   RW           56    .bss.vel_right      mainpp.o
    0x20000f80        -       0x00000200   Zero   RW          511    HEAP                startup_stm32f411xe.o
    0x20001180        -       0x00000400   Zero   RW          510    STACK               startup_stm32f411xe.o


==============================================================================

Image component sizes


      Code (inc. data)   RO Data    RW Data    ZI Data      Debug   Object Name

      1526          0         39          0          0       4839   bts7960.o
        98          0          0          0          0       1358   dio.o
        64          0          0          0          0        588   encoder.o
       498          0          0          0       1232       4560   kernel.o
        64          4          0          0          0        256   kernel_1.o
        24          0          0          0          0      18613   main.o
      9998        104        634          8       2597      48463   mainpp.o
       190          0          0          0          0       1774   rcc_cfg.o
        56          0          0          0          0      14449   ros.o
        64         26        408          0       1536        852   startup_stm32f411xe.o
        18          0          0          0          0       2661   system_stm32f4xx.o
       102         16          0          4          8       1374   systick.o
       268          0          0          0          0       5502   uart2.o

    ----------------------------------------------------------------------
     13050        150       1116         12       5392     105289   Object Totals
         0          0         32          0          0          0   (incl. Generated)
        80          0          3          0         19          0   (incl. Padding)

    ----------------------------------------------------------------------

      Code (inc. data)   RO Data    RW Data    ZI Data      Debug   Library Member Name

         8          0          0          0          0         68   __main.o
         0          0          0          0          0          0   __rtentry.o
        12          0          0          0          0          0   __rtentry2.o
         6          0          0          0          0          0   __rtentry4.o
        52          8          0          0          0          0   __scatter.o
        26          0          0          0          0          0   __scatter_copy.o
        28          0          0          0          0          0   __scatter_zi.o
       264          0          0          0          0         96   _get_argv.o
        22          0          0          0          0         80   abort.o
         4          0          0          0          0         68   argv_veneer.o
       128         42          0          0          0         76   assert.o
        20          0          0          0          0         76   assert_puts.o
        48         34          0          0          0         76   defsig_abrt_inner.o
        14          0          0          0          0         80   defsig_abrt_outer.o
        10          0          0          0          0         68   defsig_exit.o
        50          0          0          0          0         88   defsig_general.o
        80         58          0          0          0         76   defsig_rtmem_inner.o
        14          0          0          0          0         80   defsig_rtmem_outer.o
        18          0          0          0          0         80   exit.o
        94          0          0          0          0         80   h1_alloc.o
        52          0          0          0          0         68   h1_extend.o
        78          0          0          0          0         80   h1_free.o
        14          0          0          0          0         84   h1_init.o
       196          0          0          0          0         92   h1_realloc.o
         6          0          0          0          0        152   heapauxi.o
         4          0          0          0          0        136   hguard.o
         4          0          0          0          0        136   hrguard.o
         0          0          0          0          0          0   indicate_semi.o
        36          8          0          0          0         80   init_aeabi.o
       138          0          0          0          0        168   init_alloc.o
         2          0          0          0          0          0   libinit.o
        26          0          0          0          0          0   libinit2.o
         2          0          0          0          0          0   libshutdown.o
         2          0          0          0          0          0   libshutdown2.o
         8          4          0          0         96         68   libspace.o
         0          0          0          0          0          0   maybetermalloc1.o
         8          4          0          0          0         68   rt_heap_descriptor_intlibspace.o
       138          0          0          0          0         68   rt_memcpy_v6.o
       100          0          0          0          0         80   rt_memcpy_w.o
         2          0          0          0          0          0   rtexit.o
        10          0          0          0          0          0   rtexit2.o
        62          0          0          0          0         76   strlen.o
        24          0          0          0          0         76   sys_command.o
        12          4          0          0          0         68   sys_exit.o
        74          0          0          0          0         80   sys_stackheap_outer.o
        14          0          0          0          0         76   sys_wrch.o
         2          0          0          0          0         68   use_no_semi.o
        98          4          0          0          0        140   d2f.o
       804         16          0          0          0        376   daddsub_clz.o
        84          0          0          0          0        244   dcmp.o
        24          0          0          0          0        116   dcmpi.o
       688        140          0          0          0        264   ddiv.o
       120          4          0          0          0        140   deqf.o
        94          4          0          0          0        140   dfix.o
        84          0          0          0          0        232   dflt_clz.o
       120          4          0          0          0        140   dgeqf.o
       120          4          0          0          0        140   dleqf.o
       340         12          0          0          0        152   dmul.o
       156          4          0          0          0        140   dnaninf.o
        12          0          0          0          0        116   dretinf.o
        86          4          0          0          0        132   f2d.o
       140          4          0          0          0        132   fnaninf.o
        26          0          0          0          0        116   fpinit.o
        10          0          0          0          0        116   fretinf.o
         0          0          0          0          0          0   usenofp.o
         4          0          0          0          0         36   abort_message.cpp.o
        40         32          0          0          0         52   cxa_virtual.cpp.o

    ----------------------------------------------------------------------
      4982        394          0          0         96       5740   Library Totals
        20          0          0          0          0          0   (incl. Padding)

    ----------------------------------------------------------------------

      Code (inc. data)   RO Data    RW Data    ZI Data      Debug   Library Name

      1912        162          0          0         96       2816   c_w.l
      3006        200          0          0          0       2836   fz_wm.l
        44         32          0          0          0         88   libcppabi_w.l

    ----------------------------------------------------------------------
      4982        394          0          0         96       5740   Library Totals

    ----------------------------------------------------------------------

==============================================================================


      Code (inc. data)   RO Data    RW Data    ZI Data      Debug   

     18032        544       1116         12       5488     107437   Grand Totals
     18032        544       1116         12       5488     107437   ELF Image Totals
     18032        544       1116         12          0          0   ROM Totals

==============================================================================

    Total RO  Size (Code + RO Data)                19148 (  18.70kB)
    Total RW  Size (RW Data + ZI Data)              5500 (   5.37kB)
    Total ROM Size (Code + RO Data + RW Data)      19160 (  18.71kB)

==============================================================================

