Linked: (/home/thanh/catkin_ws/devel/.private/costmap_2d/include/costmap_2d/InflationPluginConfig.h, /home/thanh/catkin_ws/devel/include/costmap_2d/InflationPluginConfig.h)
Linked: (/home/thanh/catkin_ws/devel/.private/costmap_2d/include/costmap_2d/VoxelPluginConfig.h, /home/thanh/catkin_ws/devel/include/costmap_2d/VoxelPluginConfig.h)
Linked: (/home/thanh/catkin_ws/devel/.private/costmap_2d/include/costmap_2d/GenericPluginConfig.h, /home/thanh/catkin_ws/devel/include/costmap_2d/GenericPluginConfig.h)
Linked: (/home/thanh/catkin_ws/devel/.private/costmap_2d/include/costmap_2d/VoxelGrid.h, /home/thanh/catkin_ws/devel/include/costmap_2d/VoxelGrid.h)
Linked: (/home/thanh/catkin_ws/devel/.private/costmap_2d/include/costmap_2d/ObstaclePluginConfig.h, /home/thanh/catkin_ws/devel/include/costmap_2d/ObstaclePluginConfig.h)
Linked: (/home/thanh/catkin_ws/devel/.private/costmap_2d/include/costmap_2d/Costmap2DConfig.h, /home/thanh/catkin_ws/devel/include/costmap_2d/Costmap2DConfig.h)
Linked: (/home/thanh/catkin_ws/devel/.private/costmap_2d/lib/libcostmap_2d.so, /home/thanh/catkin_ws/devel/lib/libcostmap_2d.so)
Linked: (/home/thanh/catkin_ws/devel/.private/costmap_2d/lib/liblayers.so, /home/thanh/catkin_ws/devel/lib/liblayers.so)
Linked: (/home/thanh/catkin_ws/devel/.private/costmap_2d/lib/costmap_2d/costmap_2d_node, /home/thanh/catkin_ws/devel/lib/costmap_2d/costmap_2d_node)
Linked: (/home/thanh/catkin_ws/devel/.private/costmap_2d/lib/costmap_2d/costmap_2d_cloud, /home/thanh/catkin_ws/devel/lib/costmap_2d/costmap_2d_cloud)
Linked: (/home/thanh/catkin_ws/devel/.private/costmap_2d/lib/costmap_2d/costmap_2d_markers, /home/thanh/catkin_ws/devel/lib/costmap_2d/costmap_2d_markers)
Linked: (/home/thanh/catkin_ws/devel/.private/costmap_2d/lib/pkgconfig/costmap_2d.pc, /home/thanh/catkin_ws/devel/lib/pkgconfig/costmap_2d.pc)
Linked: (/home/thanh/catkin_ws/devel/.private/costmap_2d/lib/python3/dist-packages/costmap_2d/__init__.py, /home/thanh/catkin_ws/devel/lib/python3/dist-packages/costmap_2d/__init__.py)
Linked: (/home/thanh/catkin_ws/devel/.private/costmap_2d/lib/python3/dist-packages/costmap_2d/msg/__init__.py, /home/thanh/catkin_ws/devel/lib/python3/dist-packages/costmap_2d/msg/__init__.py)
Linked: (/home/thanh/catkin_ws/devel/.private/costmap_2d/lib/python3/dist-packages/costmap_2d/msg/_VoxelGrid.py, /home/thanh/catkin_ws/devel/lib/python3/dist-packages/costmap_2d/msg/_VoxelGrid.py)
Linked: (/home/thanh/catkin_ws/devel/.private/costmap_2d/lib/python3/dist-packages/costmap_2d/cfg/ObstaclePluginConfig.py, /home/thanh/catkin_ws/devel/lib/python3/dist-packages/costmap_2d/cfg/ObstaclePluginConfig.py)
Linked: (/home/thanh/catkin_ws/devel/.private/costmap_2d/lib/python3/dist-packages/costmap_2d/cfg/Costmap2DConfig.py, /home/thanh/catkin_ws/devel/lib/python3/dist-packages/costmap_2d/cfg/Costmap2DConfig.py)
Linked: (/home/thanh/catkin_ws/devel/.private/costmap_2d/lib/python3/dist-packages/costmap_2d/cfg/VoxelPluginConfig.py, /home/thanh/catkin_ws/devel/lib/python3/dist-packages/costmap_2d/cfg/VoxelPluginConfig.py)
Linked: (/home/thanh/catkin_ws/devel/.private/costmap_2d/lib/python3/dist-packages/costmap_2d/cfg/GenericPluginConfig.py, /home/thanh/catkin_ws/devel/lib/python3/dist-packages/costmap_2d/cfg/GenericPluginConfig.py)
Linked: (/home/thanh/catkin_ws/devel/.private/costmap_2d/lib/python3/dist-packages/costmap_2d/cfg/InflationPluginConfig.py, /home/thanh/catkin_ws/devel/lib/python3/dist-packages/costmap_2d/cfg/InflationPluginConfig.py)
Linked: (/home/thanh/catkin_ws/devel/.private/costmap_2d/lib/python3/dist-packages/costmap_2d/cfg/__init__.py, /home/thanh/catkin_ws/devel/lib/python3/dist-packages/costmap_2d/cfg/__init__.py)
Linked: (/home/thanh/catkin_ws/devel/.private/costmap_2d/share/costmap_2d/cmake/costmap_2d-msg-paths.cmake, /home/thanh/catkin_ws/devel/share/costmap_2d/cmake/costmap_2d-msg-paths.cmake)
Linked: (/home/thanh/catkin_ws/devel/.private/costmap_2d/share/costmap_2d/cmake/costmap_2d-msg-extras.cmake, /home/thanh/catkin_ws/devel/share/costmap_2d/cmake/costmap_2d-msg-extras.cmake)
Linked: (/home/thanh/catkin_ws/devel/.private/costmap_2d/share/costmap_2d/cmake/costmap_2dConfig.cmake, /home/thanh/catkin_ws/devel/share/costmap_2d/cmake/costmap_2dConfig.cmake)
Linked: (/home/thanh/catkin_ws/devel/.private/costmap_2d/share/costmap_2d/cmake/costmap_2dConfig-version.cmake, /home/thanh/catkin_ws/devel/share/costmap_2d/cmake/costmap_2dConfig-version.cmake)
Linked: (/home/thanh/catkin_ws/devel/.private/costmap_2d/share/costmap_2d/docs/ObstaclePluginConfig-usage.dox, /home/thanh/catkin_ws/devel/share/costmap_2d/docs/ObstaclePluginConfig-usage.dox)
Linked: (/home/thanh/catkin_ws/devel/.private/costmap_2d/share/costmap_2d/docs/VoxelPluginConfig-usage.dox, /home/thanh/catkin_ws/devel/share/costmap_2d/docs/VoxelPluginConfig-usage.dox)
Linked: (/home/thanh/catkin_ws/devel/.private/costmap_2d/share/costmap_2d/docs/GenericPluginConfig.dox, /home/thanh/catkin_ws/devel/share/costmap_2d/docs/GenericPluginConfig.dox)
Linked: (/home/thanh/catkin_ws/devel/.private/costmap_2d/share/costmap_2d/docs/ObstaclePluginConfig.dox, /home/thanh/catkin_ws/devel/share/costmap_2d/docs/ObstaclePluginConfig.dox)
Linked: (/home/thanh/catkin_ws/devel/.private/costmap_2d/share/costmap_2d/docs/InflationPluginConfig.wikidoc, /home/thanh/catkin_ws/devel/share/costmap_2d/docs/InflationPluginConfig.wikidoc)
Linked: (/home/thanh/catkin_ws/devel/.private/costmap_2d/share/costmap_2d/docs/VoxelPluginConfig.wikidoc, /home/thanh/catkin_ws/devel/share/costmap_2d/docs/VoxelPluginConfig.wikidoc)
Linked: (/home/thanh/catkin_ws/devel/.private/costmap_2d/share/costmap_2d/docs/InflationPluginConfig.dox, /home/thanh/catkin_ws/devel/share/costmap_2d/docs/InflationPluginConfig.dox)
Linked: (/home/thanh/catkin_ws/devel/.private/costmap_2d/share/costmap_2d/docs/Costmap2DConfig-usage.dox, /home/thanh/catkin_ws/devel/share/costmap_2d/docs/Costmap2DConfig-usage.dox)
Linked: (/home/thanh/catkin_ws/devel/.private/costmap_2d/share/costmap_2d/docs/Costmap2DConfig.dox, /home/thanh/catkin_ws/devel/share/costmap_2d/docs/Costmap2DConfig.dox)
Linked: (/home/thanh/catkin_ws/devel/.private/costmap_2d/share/costmap_2d/docs/GenericPluginConfig.wikidoc, /home/thanh/catkin_ws/devel/share/costmap_2d/docs/GenericPluginConfig.wikidoc)
Linked: (/home/thanh/catkin_ws/devel/.private/costmap_2d/share/costmap_2d/docs/VoxelPluginConfig.dox, /home/thanh/catkin_ws/devel/share/costmap_2d/docs/VoxelPluginConfig.dox)
Linked: (/home/thanh/catkin_ws/devel/.private/costmap_2d/share/costmap_2d/docs/InflationPluginConfig-usage.dox, /home/thanh/catkin_ws/devel/share/costmap_2d/docs/InflationPluginConfig-usage.dox)
Linked: (/home/thanh/catkin_ws/devel/.private/costmap_2d/share/costmap_2d/docs/Costmap2DConfig.wikidoc, /home/thanh/catkin_ws/devel/share/costmap_2d/docs/Costmap2DConfig.wikidoc)
Linked: (/home/thanh/catkin_ws/devel/.private/costmap_2d/share/costmap_2d/docs/ObstaclePluginConfig.wikidoc, /home/thanh/catkin_ws/devel/share/costmap_2d/docs/ObstaclePluginConfig.wikidoc)
Linked: (/home/thanh/catkin_ws/devel/.private/costmap_2d/share/costmap_2d/docs/GenericPluginConfig-usage.dox, /home/thanh/catkin_ws/devel/share/costmap_2d/docs/GenericPluginConfig-usage.dox)
Linked: (/home/thanh/catkin_ws/devel/.private/costmap_2d/share/roseus/ros/costmap_2d/manifest.l, /home/thanh/catkin_ws/devel/share/roseus/ros/costmap_2d/manifest.l)
Linked: (/home/thanh/catkin_ws/devel/.private/costmap_2d/share/roseus/ros/costmap_2d/msg/VoxelGrid.l, /home/thanh/catkin_ws/devel/share/roseus/ros/costmap_2d/msg/VoxelGrid.l)
Linked: (/home/thanh/catkin_ws/devel/.private/costmap_2d/share/common-lisp/ros/costmap_2d/msg/costmap_2d-msg.asd, /home/thanh/catkin_ws/devel/share/common-lisp/ros/costmap_2d/msg/costmap_2d-msg.asd)
Linked: (/home/thanh/catkin_ws/devel/.private/costmap_2d/share/common-lisp/ros/costmap_2d/msg/_package_VoxelGrid.lisp, /home/thanh/catkin_ws/devel/share/common-lisp/ros/costmap_2d/msg/_package_VoxelGrid.lisp)
Linked: (/home/thanh/catkin_ws/devel/.private/costmap_2d/share/common-lisp/ros/costmap_2d/msg/VoxelGrid.lisp, /home/thanh/catkin_ws/devel/share/common-lisp/ros/costmap_2d/msg/VoxelGrid.lisp)
Linked: (/home/thanh/catkin_ws/devel/.private/costmap_2d/share/common-lisp/ros/costmap_2d/msg/_package.lisp, /home/thanh/catkin_ws/devel/share/common-lisp/ros/costmap_2d/msg/_package.lisp)
Linked: (/home/thanh/catkin_ws/devel/.private/costmap_2d/share/gennodejs/ros/costmap_2d/_index.js, /home/thanh/catkin_ws/devel/share/gennodejs/ros/costmap_2d/_index.js)
Linked: (/home/thanh/catkin_ws/devel/.private/costmap_2d/share/gennodejs/ros/costmap_2d/msg/_index.js, /home/thanh/catkin_ws/devel/share/gennodejs/ros/costmap_2d/msg/_index.js)
Linked: (/home/thanh/catkin_ws/devel/.private/costmap_2d/share/gennodejs/ros/costmap_2d/msg/VoxelGrid.js, /home/thanh/catkin_ws/devel/share/gennodejs/ros/costmap_2d/msg/VoxelGrid.js)
