Archive member included to satisfy reference by file (symbol)

D:/App/STM32CubeIDE_1.17.0/STM32CubeIDE/plugins/com.st.stm32cube.ide.mcu.externaltools.gnu-tools-for-stm32.12.3.rel1.win32_1.1.0.202410251130/tools/bin/../lib/gcc/arm-none-eabi/12.3.1/../../../../arm-none-eabi/lib/thumb/v7e-m+fp/hard\libc_nano.a(libc_a-exit.o)
                              D:/App/STM32CubeIDE_1.17.0/STM32CubeIDE/plugins/com.st.stm32cube.ide.mcu.externaltools.gnu-tools-for-stm32.12.3.rel1.win32_1.1.0.202410251130/tools/bin/../lib/gcc/arm-none-eabi/12.3.1/../../../../arm-none-eabi/lib/thumb/v7e-m+fp/hard/crt0.o (exit)
D:/App/STM32CubeIDE_1.17.0/STM32CubeIDE/plugins/com.st.stm32cube.ide.mcu.externaltools.gnu-tools-for-stm32.12.3.rel1.win32_1.1.0.202410251130/tools/bin/../lib/gcc/arm-none-eabi/12.3.1/../../../../arm-none-eabi/lib/thumb/v7e-m+fp/hard\libc_nano.a(libc_a-realloc.o)
                              ./Core/Src/mainpp.o (realloc)
D:/App/STM32CubeIDE_1.17.0/STM32CubeIDE/plugins/com.st.stm32cube.ide.mcu.externaltools.gnu-tools-for-stm32.12.3.rel1.win32_1.1.0.202410251130/tools/bin/../lib/gcc/arm-none-eabi/12.3.1/../../../../arm-none-eabi/lib/thumb/v7e-m+fp/hard\libc_nano.a(libc_a-reallocr.o)
                              D:/App/STM32CubeIDE_1.17.0/STM32CubeIDE/plugins/com.st.stm32cube.ide.mcu.externaltools.gnu-tools-for-stm32.12.3.rel1.win32_1.1.0.202410251130/tools/bin/../lib/gcc/arm-none-eabi/12.3.1/../../../../arm-none-eabi/lib/thumb/v7e-m+fp/hard\libc_nano.a(libc_a-realloc.o) (_realloc_r)
D:/App/STM32CubeIDE_1.17.0/STM32CubeIDE/plugins/com.st.stm32cube.ide.mcu.externaltools.gnu-tools-for-stm32.12.3.rel1.win32_1.1.0.202410251130/tools/bin/../lib/gcc/arm-none-eabi/12.3.1/../../../../arm-none-eabi/lib/thumb/v7e-m+fp/hard\libc_nano.a(libc_a-findfp.o)
                              D:/App/STM32CubeIDE_1.17.0/STM32CubeIDE/plugins/com.st.stm32cube.ide.mcu.externaltools.gnu-tools-for-stm32.12.3.rel1.win32_1.1.0.202410251130/tools/bin/../lib/gcc/arm-none-eabi/12.3.1/../../../../arm-none-eabi/lib/thumb/v7e-m+fp/hard\libc_nano.a(libc_a-exit.o) (__stdio_exit_handler)
D:/App/STM32CubeIDE_1.17.0/STM32CubeIDE/plugins/com.st.stm32cube.ide.mcu.externaltools.gnu-tools-for-stm32.12.3.rel1.win32_1.1.0.202410251130/tools/bin/../lib/gcc/arm-none-eabi/12.3.1/../../../../arm-none-eabi/lib/thumb/v7e-m+fp/hard\libc_nano.a(libc_a-fwalk.o)
                              D:/App/STM32CubeIDE_1.17.0/STM32CubeIDE/plugins/com.st.stm32cube.ide.mcu.externaltools.gnu-tools-for-stm32.12.3.rel1.win32_1.1.0.202410251130/tools/bin/../lib/gcc/arm-none-eabi/12.3.1/../../../../arm-none-eabi/lib/thumb/v7e-m+fp/hard\libc_nano.a(libc_a-findfp.o) (_fwalk_sglue)
D:/App/STM32CubeIDE_1.17.0/STM32CubeIDE/plugins/com.st.stm32cube.ide.mcu.externaltools.gnu-tools-for-stm32.12.3.rel1.win32_1.1.0.202410251130/tools/bin/../lib/gcc/arm-none-eabi/12.3.1/../../../../arm-none-eabi/lib/thumb/v7e-m+fp/hard\libc_nano.a(libc_a-stdio.o)
                              D:/App/STM32CubeIDE_1.17.0/STM32CubeIDE/plugins/com.st.stm32cube.ide.mcu.externaltools.gnu-tools-for-stm32.12.3.rel1.win32_1.1.0.202410251130/tools/bin/../lib/gcc/arm-none-eabi/12.3.1/../../../../arm-none-eabi/lib/thumb/v7e-m+fp/hard\libc_nano.a(libc_a-findfp.o) (__sread)
D:/App/STM32CubeIDE_1.17.0/STM32CubeIDE/plugins/com.st.stm32cube.ide.mcu.externaltools.gnu-tools-for-stm32.12.3.rel1.win32_1.1.0.202410251130/tools/bin/../lib/gcc/arm-none-eabi/12.3.1/../../../../arm-none-eabi/lib/thumb/v7e-m+fp/hard\libc_nano.a(libc_a-memset.o)
                              D:/App/STM32CubeIDE_1.17.0/STM32CubeIDE/plugins/com.st.stm32cube.ide.mcu.externaltools.gnu-tools-for-stm32.12.3.rel1.win32_1.1.0.202410251130/tools/bin/../lib/gcc/arm-none-eabi/12.3.1/../../../../arm-none-eabi/lib/thumb/v7e-m+fp/hard/crt0.o (memset)
D:/App/STM32CubeIDE_1.17.0/STM32CubeIDE/plugins/com.st.stm32cube.ide.mcu.externaltools.gnu-tools-for-stm32.12.3.rel1.win32_1.1.0.202410251130/tools/bin/../lib/gcc/arm-none-eabi/12.3.1/../../../../arm-none-eabi/lib/thumb/v7e-m+fp/hard\libc_nano.a(libc_a-closer.o)
                              D:/App/STM32CubeIDE_1.17.0/STM32CubeIDE/plugins/com.st.stm32cube.ide.mcu.externaltools.gnu-tools-for-stm32.12.3.rel1.win32_1.1.0.202410251130/tools/bin/../lib/gcc/arm-none-eabi/12.3.1/../../../../arm-none-eabi/lib/thumb/v7e-m+fp/hard\libc_nano.a(libc_a-stdio.o) (_close_r)
D:/App/STM32CubeIDE_1.17.0/STM32CubeIDE/plugins/com.st.stm32cube.ide.mcu.externaltools.gnu-tools-for-stm32.12.3.rel1.win32_1.1.0.202410251130/tools/bin/../lib/gcc/arm-none-eabi/12.3.1/../../../../arm-none-eabi/lib/thumb/v7e-m+fp/hard\libc_nano.a(libc_a-reent.o)
                              D:/App/STM32CubeIDE_1.17.0/STM32CubeIDE/plugins/com.st.stm32cube.ide.mcu.externaltools.gnu-tools-for-stm32.12.3.rel1.win32_1.1.0.202410251130/tools/bin/../lib/gcc/arm-none-eabi/12.3.1/../../../../arm-none-eabi/lib/thumb/v7e-m+fp/hard\libc_nano.a(libc_a-closer.o) (errno)
[...]
Memory Configuration

Name             Origin             Length             Attributes
RAM              0x20000000         0x00020000         xrw
FLASH            0x08000000         0x00080000         xr
*default*        0x00000000         0xffffffff

Linker script and memory map

LOAD D:/App/STM32CubeIDE_1.17.0/STM32CubeIDE/plugins/com.st.stm32cube.ide.mcu.externaltools.gnu-tools-for-stm32.12.3.rel1.win32_1.1.0.202410251130/tools/bin/../lib/gcc/arm-none-eabi/12.3.1/thumb/v7e-m+fp/hard/crti.o
LOAD D:/App/STM32CubeIDE_1.17.0/STM32CubeIDE/plugins/com.st.stm32cube.ide.mcu.externaltools.gnu-tools-for-stm32.12.3.rel1.win32_1.1.0.202410251130/tools/bin/../lib/gcc/arm-none-eabi/12.3.1/thumb/v7e-m+fp/hard/crtbegin.o
LOAD D:/App/STM32CubeIDE_1.17.0/STM32CubeIDE/plugins/com.st.stm32cube.ide.mcu.externaltools.gnu-tools-for-stm32.12.3.rel1.win32_1.1.0.202410251130/tools/bin/../lib/gcc/arm-none-eabi/12.3.1/../../../../arm-none-eabi/lib/thumb/v7e-m+fp/hard/crt0.o
LOAD ./Core/Src/duration.o
LOAD ./Core/Src/main.o
LOAD ./Core/Src/mainpp.o
LOAD ./Core/Src/stm32f4xx_hal_msp.o
LOAD ./Core/Src/stm32f4xx_it.o
LOAD ./Core/Src/syscalls.o
LOAD ./Core/Src/sysmem.o
LOAD ./Core/Src/system_stm32f4xx.o
LOAD ./Core/Src/time.o
LOAD ./Core/Startup/startup_stm32f411vetx.o
LOAD ./Drivers/STM32F4xx_HAL_Driver/Src/stm32f4xx_hal.o
LOAD ./Drivers/STM32F4xx_HAL_Driver/Src/stm32f4xx_hal_cortex.o
LOAD ./Drivers/STM32F4xx_HAL_Driver/Src/stm32f4xx_hal_dma.o
LOAD ./Drivers/STM32F4xx_HAL_Driver/Src/stm32f4xx_hal_dma_ex.o
LOAD ./Drivers/STM32F4xx_HAL_Driver/Src/stm32f4xx_hal_exti.o
LOAD ./Drivers/STM32F4xx_HAL_Driver/Src/stm32f4xx_hal_flash.o
LOAD ./Drivers/STM32F4xx_HAL_Driver/Src/stm32f4xx_hal_flash_ex.o
LOAD ./Drivers/STM32F4xx_HAL_Driver/Src/stm32f4xx_hal_flash_ramfunc.o
LOAD ./Drivers/STM32F4xx_HAL_Driver/Src/stm32f4xx_hal_gpio.o
LOAD ./Drivers/STM32F4xx_HAL_Driver/Src/stm32f4xx_hal_pwr.o
LOAD ./Drivers/STM32F4xx_HAL_Driver/Src/stm32f4xx_hal_pwr_ex.o
LOAD ./Drivers/STM32F4xx_HAL_Driver/Src/stm32f4xx_hal_rcc.o
LOAD ./Drivers/STM32F4xx_HAL_Driver/Src/stm32f4xx_hal_rcc_ex.o
LOAD ./Drivers/STM32F4xx_HAL_Driver/Src/stm32f4xx_hal_tim.o
LOAD ./Drivers/STM32F4xx_HAL_Driver/Src/stm32f4xx_hal_tim_ex.o
LOAD ./Drivers/STM32F4xx_HAL_Driver/Src/stm32f4xx_hal_uart.o
START GROUP
LOAD D:/App/STM32CubeIDE_1.17.0/STM32CubeIDE/plugins/com.st.stm32cube.ide.mcu.externaltools.gnu-tools-for-stm32.12.3.rel1.win32_1.1.0.202410251130/tools/bin/../lib/gcc/arm-none-eabi/12.3.1/../../../../arm-none-eabi/lib/thumb/v7e-m+fp/hard\libstdc++_nano.a
LOAD D:/App/STM32CubeIDE_1.17.0/STM32CubeIDE/plugins/com.st.stm32cube.ide.mcu.externaltools.gnu-tools-for-stm32.12.3.rel1.win32_1.1.0.202410251130/tools/bin/../lib/gcc/arm-none-eabi/12.3.1/../../../../arm-none-eabi/lib/thumb/v7e-m+fp/hard\libsupc++_nano.a
END GROUP
LOAD D:/App/STM32CubeIDE_1.17.0/STM32CubeIDE/plugins/com.st.stm32cube.ide.mcu.externaltools.gnu-tools-for-stm32.12.3.rel1.win32_1.1.0.202410251130/tools/bin/../lib/gcc/arm-none-eabi/12.3.1/../../../../arm-none-eabi/lib/thumb/v7e-m+fp/hard\libstdc++_nano.a
LOAD D:/App/STM32CubeIDE_1.17.0/STM32CubeIDE/plugins/com.st.stm32cube.ide.mcu.externaltools.gnu-tools-for-stm32.12.3.rel1.win32_1.1.0.202410251130/tools/bin/../lib/gcc/arm-none-eabi/12.3.1/../../../../arm-none-eabi/lib/thumb/v7e-m+fp/hard\libm.a
LOAD D:/App/STM32CubeIDE_1.17.0/STM32CubeIDE/plugins/com.st.stm32cube.ide.mcu.externaltools.gnu-tools-for-stm32.12.3.rel1.win32_1.1.0.202410251130/tools/bin/../lib/gcc/arm-none-eabi/12.3.1/../../../../arm-none-eabi/lib/thumb/v7e-m+fp/hard\libc_nano.a
START GROUP
LOAD D:/App/STM32CubeIDE_1.17.0/STM32CubeIDE/plugins/com.st.stm32cube.ide.mcu.externaltools.gnu-tools-for-stm32.12.3.rel1.win32_1.1.0.202410251130/tools/bin/../lib/gcc/arm-none-eabi/12.3.1/thumb/v7e-m+fp/hard\libgcc.a
LOAD D:/App/STM32CubeIDE_1.17.0/STM32CubeIDE/plugins/com.st.stm32cube.ide.mcu.externaltools.gnu-tools-for-stm32.12.3.rel1.win32_1.1.0.202410251130/tools/bin/../lib/gcc/arm-none-eabi/12.3.1/../../../../arm-none-eabi/lib/thumb/v7e-m+fp/hard\libc_nano.a
END GROUP
START GROUP
LOAD D:/App/STM32CubeIDE_1.17.0/STM32CubeIDE/plugins/com.st.stm32cube.ide.mcu.externaltools.gnu-tools-for-stm32.12.3.rel1.win32_1.1.0.202410251130/tools/bin/../lib/gcc/arm-none-eabi/12.3.1/thumb/v7e-m+fp/hard\libgcc.a
LOAD D:/App/STM32CubeIDE_1.17.0/STM32CubeIDE/plugins/com.st.stm32cube.ide.mcu.externaltools.gnu-tools-for-stm32.12.3.rel1.win32_1.1.0.202410251130/tools/bin/../lib/gcc/arm-none-eabi/12.3.1/../../../../arm-none-eabi/lib/thumb/v7e-m+fp/hard\libc_nano.a
END GROUP
LOAD D:/App/STM32CubeIDE_1.17.0/STM32CubeIDE/plugins/com.st.stm32cube.ide.mcu.externaltools.gnu-tools-for-stm32.12.3.rel1.win32_1.1.0.202410251130/tools/bin/../lib/gcc/arm-none-eabi/12.3.1/thumb/v7e-m+fp/hard/crtend.o
LOAD D:/App/STM32CubeIDE_1.17.0/STM32CubeIDE/plugins/com.st.stm32cube.ide.mcu.externaltools.gnu-tools-for-stm32.12.3.rel1.win32_1.1.0.202410251130/tools/bin/../lib/gcc/arm-none-eabi/12.3.1/thumb/v7e-m+fp/hard/crtn.o
                0x20020000                        _estack = (ORIGIN (RAM) + LENGTH (RAM))
                0x00000200                        _Min_Heap_Size = 0x200
                0x00000400                        _Min_Stack_Size = 0x400

.isr_vector     0x08000000      0x198
                0x08000000                        . = ALIGN (0x4)
 *(.isr_vector)
 .isr_vector    0x08000000      0x198 ./Core/Startup/startup_stm32f411vetx.o
                0x08000000                g_pfnVectors
                0x08000198                        . = ALIGN (0x4)

.text           0x08000198     0x7acc
                0x08000198                        . = ALIGN (0x4)
 *(.text)
 .text          0x08000198       0x40 D:/App/STM32CubeIDE_1.17.0/STM32CubeIDE/plugins/com.st.stm32cube.ide.mcu.externaltools.gnu-tools-for-stm32.12.3.rel1.win32_1.1.0.202410251130/tools/bin/../lib/gcc/arm-none-eabi/12.3.1/thumb/v7e-m+fp/hard/crtbegin.o
 .text          0x080001d8       0x10 D:/App/STM32CubeIDE_1.17.0/STM32CubeIDE/plugins/com.st.stm32cube.ide.mcu.externaltools.gnu-tools-for-stm32.12.3.rel1.win32_1.1.0.202410251130/tools/bin/../lib/gcc/arm-none-eabi/12.3.1/../../../../arm-none-eabi/lib/thumb/v7e-m+fp/hard\libc_nano.a(libc_a-strlen.o)
                0x080001d8                strlen
 .text          0x080001e8      0x378 D:/App/STM32CubeIDE_1.17.0/STM32CubeIDE/plugins/com.st.stm32cube.ide.mcu.externaltools.gnu-tools-for-stm32.12.3.rel1.win32_1.1.0.202410251130/tools/bin/../lib/gcc/arm-none-eabi/12.3.1/thumb/v7e-m+fp/hard\libgcc.a(_arm_addsubdf3.o)
                0x080001e8                __aeabi_drsub
                0x080001f0                __aeabi_dsub
                0x080001f0                __subdf3
                0x080001f4                __aeabi_dadd
                0x080001f4                __adddf3
                0x0800046c                __floatunsidf
                0x0800046c                __aeabi_ui2d
                0x0800048c                __floatsidf
                0x0800048c                __aeabi_i2d
                0x080004b0                __aeabi_f2d
                0x080004b0                __extendsfdf2
                0x080004f4                __floatundidf
                0x080004f4                __aeabi_ul2d
                0x08000504                __floatdidf
                0x08000504                __aeabi_l2d
 .text          0x08000560      0x424 D:/App/STM32CubeIDE_1.17.0/STM32CubeIDE/plugins/com.st.stm32cube.ide.mcu.externaltools.gnu-tools-for-stm32.12.3.rel1.win32_1.1.0.202410251130/tools/bin/../lib/gcc/arm-none-eabi/12.3.1/thumb/v7e-m+fp/hard\libgcc.a(_arm_muldivdf3.o)
                0x08000560                __aeabi_dmul
                0x08000560                __muldf3
                0x080007b4                __divdf3
                0x080007b4                __aeabi_ddiv
 .text          0x08000984      0x110 D:/App/STM32CubeIDE_1.17.0/STM32CubeIDE/plugins/com.st.stm32cube.ide.mcu.externaltools.gnu-tools-for-stm32.12.3.rel1.win32_1.1.0.202410251130/tools/bin/../lib/gcc/arm-none-eabi/12.3.1/thumb/v7e-m+fp/hard\libgcc.a(_arm_cmpdf2.o)
                0x08000984                __gtdf2
                0x08000984                __gedf2
                0x0800098c                __ltdf2
                0x0800098c                __ledf2
                0x08000994                __nedf2
                0x08000994                __eqdf2
                0x08000994                __cmpdf2
                0x08000a10                __aeabi_cdrcmple
                0x08000a20                __aeabi_cdcmpeq
                0x08000a20                __aeabi_cdcmple
                0x08000a30                __aeabi_dcmpeq
                0x08000a44                __aeabi_dcmplt
                0x08000a58                __aeabi_dcmple
                0x08000a6c                __aeabi_dcmpge
                0x08000a80                __aeabi_dcmpgt
 .text          0x08000a94       0x50 D:/App/STM32CubeIDE_1.17.0/STM32CubeIDE/plugins/com.st.stm32cube.ide.mcu.externaltools.gnu-tools-for-stm32.12.3.rel1.win32_1.1.0.202410251130/tools/bin/../lib/gcc/arm-none-eabi/12.3.1/thumb/v7e-m+fp/hard\libgcc.a(_arm_fixdfsi.o)
                0x08000a94                __aeabi_d2iz
                0x08000a94                __fixdfsi
 .text          0x08000ae4       0xa0 D:/App/STM32CubeIDE_1.17.0/STM32CubeIDE/plugins/com.st.stm32cube.ide.mcu.externaltools.gnu-tools-for-stm32.12.3.rel1.win32_1.1.0.202410251130/tools/bin/../lib/gcc/arm-none-eabi/12.3.1/thumb/v7e-m+fp/hard\libgcc.a(_arm_truncdfsf2.o)
                0x08000ae4                __truncdfsf2
                0x08000ae4                __aeabi_d2f
 .text          0x08000b84       0x30 D:/App/STM32CubeIDE_1.17.0/STM32CubeIDE/plugins/com.st.stm32cube.ide.mcu.externaltools.gnu-tools-for-stm32.12.3.rel1.win32_1.1.0.202410251130/tools/bin/../lib/gcc/arm-none-eabi/12.3.1/thumb/v7e-m+fp/hard\libgcc.a(_aeabi_uldivmod.o)
                0x08000b84                __aeabi_uldivmod
 .text          0x08000bb4      0x2bc D:/App/STM32CubeIDE_1.17.0/STM32CubeIDE/plugins/com.st.stm32cube.ide.mcu.externaltools.gnu-tools-for-stm32.12.3.rel1.win32_1.1.0.202410251130/tools/bin/../lib/gcc/arm-none-eabi/12.3.1/thumb/v7e-m+fp/hard\libgcc.a(_udivmoddi4.o)
                0x08000bb4                __udivmoddi4
 .text          0x08000e70        0x4 D:/App/STM32CubeIDE_1.17.0/STM32CubeIDE/plugins/com.st.stm32cube.ide.mcu.externaltools.gnu-tools-for-stm32.12.3.rel1.win32_1.1.0.202410251130/tools/bin/../lib/gcc/arm-none-eabi/12.3.1/thumb/v7e-m+fp/hard\libgcc.a(_dvmd_tls.o)
                0x08000e70                __aeabi_idiv0
                0x08000e70                __aeabi_ldiv0
 *(.text*)
 .text.main     0x08000e74       0x58 ./Core/Src/main.o
                0x08000e74                main
 .text._Z18SystemClock_Configv
                0x08000ecc       0xe4 ./Core/Src/main.o
                0x08000ecc                SystemClock_Config()
 .text._ZL12MX_TIM1_Initv
                0x08000fb0       0xc0 ./Core/Src/main.o
 .text._ZL12MX_TIM2_Initv
                0x08001070      0x17c ./Core/Src/main.o
 .text._ZL19MX_USART2_UART_Initv
                0x080011ec       0x5c ./Core/Src/main.o
 .text._ZL11MX_DMA_Initv
                0x08001248       0x50 ./Core/Src/main.o
 .text._ZL12MX_GPIO_Initv
                0x08001298      0x138 ./Core/Src/main.o
 .text.Error_Handler
                0x080013d0        0xc ./Core/Src/main.o
                0x080013d0                Error_Handler
 .text._ZSt3absd
                0x080013dc       0x28 ./Core/Src/mainpp.o
                0x080013dc                std::abs(double)
 .text._ZSt3absf
                0x08001404       0x20 ./Core/Src/mainpp.o
                0x08001404                std::abs(float)
 .text._ZSt4fabsf
                0x08001424       0x20 ./Core/Src/mainpp.o
                0x08001424                std::fabs(float)
 .text._ZN3ros4TimeC2Ev
                0x08001444       0x22 ./Core/Src/mainpp.o
                0x08001444                ros::Time::Time()
                0x08001444                ros::Time::Time()
 *fill*         0x08001466        0x2 
 .text._ZN3ros3MsgC2Ev
                0x08001468       0x20 ./Core/Src/mainpp.o
                0x08001468                ros::Msg::Msg()
                0x08001468                ros::Msg::Msg()
 .text._ZN8std_msgs4TimeC2Ev
                0x08001488       0x30 ./Core/Src/mainpp.o
                0x08001488                std_msgs::Time::Time()
                0x08001488                std_msgs::Time::Time()
 .text._ZNK8std_msgs4Time9serializeEPh
                0x080014b8       0xb0 ./Core/Src/mainpp.o
                0x080014b8                std_msgs::Time::serialize(unsigned char*) const
 .text._ZN8std_msgs4Time11deserializeEPh
                0x08001568       0xc8 ./Core/Src/mainpp.o
                0x08001568                std_msgs::Time::deserialize(unsigned char*)
 .text._ZN8std_msgs4Time7getTypeEv
                0x08001630       0x1c ./Core/Src/mainpp.o
                0x08001630                std_msgs::Time::getType()
 .text._ZN8std_msgs4Time6getMD5Ev
                0x0800164c       0x1c ./Core/Src/mainpp.o
                0x0800164c                std_msgs::Time::getMD5()
 .text._ZN14rosserial_msgs9TopicInfoC2Ev
                0x08001668       0x48 ./Core/Src/mainpp.o
                0x08001668                rosserial_msgs::TopicInfo::TopicInfo()
                0x08001668                rosserial_msgs::TopicInfo::TopicInfo()
 .text._ZNK14rosserial_msgs9TopicInfo9serializeEPh
                0x080016b0      0x136 ./Core/Src/mainpp.o
                0x080016b0                rosserial_msgs::TopicInfo::serialize(unsigned char*) const
 .text._ZN14rosserial_msgs9TopicInfo11deserializeEPh
                0x080017e6      0x1d0 ./Core/Src/mainpp.o
                0x080017e6                rosserial_msgs::TopicInfo::deserialize(unsigned char*)
 *fill*         0x080019b6        0x2 
 .text._ZN14rosserial_msgs9TopicInfo7getTypeEv
                0x080019b8       0x1c ./Core/Src/mainpp.o
                0x080019b8                rosserial_msgs::TopicInfo::getType()
 .text._ZN14rosserial_msgs9TopicInfo6getMD5Ev
                0x080019d4       0x1c ./Core/Src/mainpp.o
                0x080019d4                rosserial_msgs::TopicInfo::getMD5()
 .text._ZN14rosserial_msgs3LogC2Ev
                0x080019f0       0x34 ./Core/Src/mainpp.o
                0x080019f0                rosserial_msgs::Log::Log()
                0x080019f0                rosserial_msgs::Log::Log()
 .text._ZNK14rosserial_msgs3Log9serializeEPh
                0x08001a24       0x64 ./Core/Src/mainpp.o
                0x08001a24                rosserial_msgs::Log::serialize(unsigned char*) const
 .text._ZN14rosserial_msgs3Log11deserializeEPh
                0x08001a88       0x90 ./Core/Src/mainpp.o
                0x08001a88                rosserial_msgs::Log::deserialize(unsigned char*)
 .text._ZN14rosserial_msgs3Log7getTypeEv
                0x08001b18       0x1c ./Core/Src/mainpp.o
                0x08001b18                rosserial_msgs::Log::getType()
 .text._ZN14rosserial_msgs3Log6getMD5Ev
                0x08001b34       0x1c ./Core/Src/mainpp.o
                0x08001b34                rosserial_msgs::Log::getMD5()
 .text._ZN14rosserial_msgs20RequestParamResponseC2Ev
                0x08001b50       0x5c ./Core/Src/mainpp.o
                0x08001b50                rosserial_msgs::RequestParamResponse::RequestParamResponse()
                0x08001b50                rosserial_msgs::RequestParamResponse::RequestParamResponse()
 .text._ZNK14rosserial_msgs20RequestParamResponse9serializeEPh
                0x08001bac      0x222 ./Core/Src/mainpp.o
                0x08001bac                rosserial_msgs::RequestParamResponse::serialize(unsigned char*) const
 .text._ZN14rosserial_msgs20RequestParamResponse11deserializeEPh
                0x08001dce      0x2e2 ./Core/Src/mainpp.o
                0x08001dce                rosserial_msgs::RequestParamResponse::deserialize(unsigned char*)
 .text._ZN14rosserial_msgs20RequestParamResponse7getTypeEv
                0x080020b0       0x1c ./Core/Src/mainpp.o
                0x080020b0                rosserial_msgs::RequestParamResponse::getType()
 .text._ZN14rosserial_msgs20RequestParamResponse6getMD5Ev
                0x080020cc       0x1c ./Core/Src/mainpp.o
                0x080020cc                rosserial_msgs::RequestParamResponse::getMD5()
 .text._ZN3ros9Publisher15getEndpointTypeEv
                0x080020e8       0x18 ./Core/Src/mainpp.o
                0x080020e8                ros::Publisher::getEndpointType()
 .text._ZN13STM32Hardware10getRdmaIndEv
                0x08002100       0x26 ./Core/Src/mainpp.o
                0x08002100                STM32Hardware::getRdmaInd()
 *fill*         0x08002126        0x2 
 .text._ZN13STM32HardwareC2Ev
                0x08002128       0x38 ./Core/Src/mainpp.o
                0x08002128                STM32Hardware::STM32Hardware()
                0x08002128                STM32Hardware::STM32Hardware()
 .text._ZN13STM32Hardware4initEv
                0x08002160       0x16 ./Core/Src/mainpp.o
                0x08002160                STM32Hardware::init()
 .text._ZN13STM32Hardware10reset_rbufEv
                0x08002176       0x22 ./Core/Src/mainpp.o
                0x08002176                STM32Hardware::reset_rbuf()
 .text._ZN13STM32Hardware4readEv
                0x08002198       0x5a ./Core/Src/mainpp.o
                0x08002198                STM32Hardware::read()
 *fill*         0x080021f2        0x2 
 .text._ZN13STM32Hardware5flushEv
                0x080021f4       0xbc ./Core/Src/mainpp.o
                0x080021f4                STM32Hardware::flush()
 .text._ZN13STM32Hardware5writeEPhi
                0x080022b0       0x8c ./Core/Src/mainpp.o
                0x080022b0                STM32Hardware::write(unsigned char*, int)
 .text._ZN13STM32Hardware4timeEv
                0x0800233c       0x16 ./Core/Src/mainpp.o
                0x0800233c                STM32Hardware::time()
 *fill*         0x08002352        0x2 
 .text._ZN8std_msgs5Int16C2Ev
                0x08002354       0x2c ./Core/Src/mainpp.o
                0x08002354                std_msgs::Int16::Int16()
                0x08002354                std_msgs::Int16::Int16()
 .text._ZNK8std_msgs5Int169serializeEPh
                0x08002380       0x48 ./Core/Src/mainpp.o
                0x08002380                std_msgs::Int16::serialize(unsigned char*) const
 .text._ZN8std_msgs5Int1611deserializeEPh
                0x080023c8       0x58 ./Core/Src/mainpp.o
                0x080023c8                std_msgs::Int16::deserialize(unsigned char*)
 .text._ZN8std_msgs5Int167getTypeEv
                0x08002420       0x1c ./Core/Src/mainpp.o
                0x08002420                std_msgs::Int16::getType()
 .text._ZN8std_msgs5Int166getMD5Ev
                0x0800243c       0x1c ./Core/Src/mainpp.o
                0x0800243c                std_msgs::Int16::getMD5()
 .text._ZN3ros15NodeHandleBase_C2Ev
                0x08002458       0x20 ./Core/Src/mainpp.o
                0x08002458                ros::NodeHandleBase_::NodeHandleBase_()
                0x08002458                ros::NodeHandleBase_::NodeHandleBase_()
 .text._ZN3ros11NodeHandle_I13STM32HardwareLi25ELi25ELi512ELi512EEC2Ev
                0x08002478       0xf0 ./Core/Src/mainpp.o
                0x08002478                ros::NodeHandle_<STM32Hardware, 25, 25, 512, 512>::NodeHandle_()
                0x08002478                ros::NodeHandle_<STM32Hardware, 25, 25, 512, 512>::NodeHandle_()
 .text.HAL_UART_TxCpltCallback
                0x08002568       0x24 ./Core/Src/mainpp.o
                0x08002568                HAL_UART_TxCpltCallback
 .text.HAL_UART_RxCpltCallback
                0x0800258c       0x24 ./Core/Src/mainpp.o
                0x0800258c                HAL_UART_RxCpltCallback
 .text.HAL_GPIO_EXTI_Callback
                0x080025b0      0x15c ./Core/Src/mainpp.o
                0x080025b0                HAL_GPIO_EXTI_Callback
 *fill*         0x0800270c        0x4 
 .text._Z19calc_vel_left_wheelv
                0x08002710      0x154 ./Core/Src/mainpp.o
                0x08002710                calc_vel_left_wheel()
 *fill*         0x08002864        0x4 
 .text._Z20calc_vel_right_wheelv
                0x08002868      0x154 ./Core/Src/mainpp.o
                0x08002868                calc_vel_right_wheel()
 .text._Z13robot_forwardii
                0x080029bc       0x36 ./Core/Src/mainpp.o
                0x080029bc                robot_forward(int, int)
 .text._Z14robot_backwardii
                0x080029f2       0x36 ./Core/Src/mainpp.o
                0x080029f2                robot_backward(int, int)
 .text._Z14robot_turnleftii
                0x08002a28       0x36 ./Core/Src/mainpp.o
                0x08002a28                robot_turnleft(int, int)
 .text._Z15robot_turnrightii
                0x08002a5e       0x36 ./Core/Src/mainpp.o
                0x08002a5e                robot_turnright(int, int)
 .text._Z10robot_stopv
                0x08002a94       0x2e ./Core/Src/mainpp.o
                0x08002a94                robot_stop()
 *fill*         0x08002ac2        0x2 
 .text._Z21calc_left_wheel_queryRKN8std_msgs5Int16E
                0x08002ac4       0x5c ./Core/Src/mainpp.o
                0x08002ac4                calc_left_wheel_query(std_msgs::Int16 const&)
 .text._Z22calc_right_wheel_queryRKN8std_msgs5Int16E
                0x08002b20       0x5c ./Core/Src/mainpp.o
                0x08002b20                calc_right_wheel_query(std_msgs::Int16 const&)
 .text._Z8gain_dirii
                0x08002b7c       0x88 ./Core/Src/mainpp.o
                0x08002b7c                gain_dir(int, int)
 .text._Z14set_pwm_valuesidd
                0x08002c04      0x21c ./Core/Src/mainpp.o
                0x08002c04                set_pwm_values(int, double, double)
 .text.setup    0x08002e20       0x30 ./Core/Src/mainpp.o
                0x08002e20                setup
 .text.loop     0x08002e50      0x358 ./Core/Src/mainpp.o
                0x08002e50                loop
 .text._ZN3ros3Msg8varToArrIPhmEEvT_T0_
                0x080031a8       0x3e ./Core/Src/mainpp.o
                0x080031a8                void ros::Msg::varToArr<unsigned char*, unsigned long>(unsigned char*, unsigned long)
 .text._ZN3ros3Msg8arrToVarImPhEEvRT_T0_
                0x080031e6       0x4c ./Core/Src/mainpp.o
                0x080031e6                void ros::Msg::arrToVar<unsigned long, unsigned char*>(unsigned long&, unsigned char*)
 .text._ZN3ros11NodeHandle_I13STM32HardwareLi25ELi25ELi512ELi512EE11getHardwareEv
                0x08003232       0x18 ./Core/Src/mainpp.o
                0x08003232                ros::NodeHandle_<STM32Hardware, 25, 25, 512, 512>::getHardware()
 *fill*         0x0800324a        0x2 
 .text._ZN3ros11Subscriber_C2Ev
                0x0800324c       0x20 ./Core/Src/mainpp.o
                0x0800324c                ros::Subscriber_::Subscriber_()
                0x0800324c                ros::Subscriber_::Subscriber_()
 .text._ZN3ros10SubscriberIN8std_msgs5Int16EvEC2EPKcPFvRKS2_Ei
                0x0800326c       0x48 ./Core/Src/mainpp.o
                0x0800326c                ros::Subscriber<std_msgs::Int16, void>::Subscriber(char const*, void (*)(std_msgs::Int16 const&), int)
                0x0800326c                ros::Subscriber<std_msgs::Int16, void>::Subscriber(char const*, void (*)(std_msgs::Int16 const&), int)
 .text._ZN3ros11NodeHandle_I13STM32HardwareLi25ELi25ELi512ELi512EE8initNodeEv
                0x080032b4       0x3a ./Core/Src/mainpp.o
                0x080032b4                ros::NodeHandle_<STM32Hardware, 25, 25, 512, 512>::initNode()
 .text._ZN3ros11NodeHandle_I13STM32HardwareLi25ELi25ELi512ELi512EE9subscribeERNS_11Subscriber_E
                0x080032ee       0x56 ./Core/Src/mainpp.o
                0x080032ee                ros::NodeHandle_<STM32Hardware, 25, 25, 512, 512>::subscribe(ros::Subscriber_&)
 .text._ZN3ros11NodeHandle_I13STM32HardwareLi25ELi25ELi512ELi512EE8spinOnceEv
                0x08003344      0x3b2 ./Core/Src/mainpp.o
                0x08003344                ros::NodeHandle_<STM32Hardware, 25, 25, 512, 512>::spinOnce()
 .text._ZN3ros11NodeHandle_I13STM32HardwareLi25ELi25ELi512ELi512EE15requestSyncTimeEv
                0x080036f6       0x3c ./Core/Src/mainpp.o
                0x080036f6                ros::NodeHandle_<STM32Hardware, 25, 25, 512, 512>::requestSyncTime()
 .text._ZN3ros11NodeHandle_I13STM32HardwareLi25ELi25ELi512ELi512EE15negotiateTopicsEv
                0x08003732      0x1be ./Core/Src/mainpp.o
                0x08003732                ros::NodeHandle_<STM32Hardware, 25, 25, 512, 512>::negotiateTopics()
 .text._ZN3ros11NodeHandle_I13STM32HardwareLi25ELi25ELi512ELi512EE8syncTimeEPh
                0x080038f0       0x98 ./Core/Src/mainpp.o
                0x080038f0                ros::NodeHandle_<STM32Hardware, 25, 25, 512, 512>::syncTime(unsigned char*)
 .text._ZN3ros11NodeHandle_I13STM32HardwareLi25ELi25ELi512ELi512EE7publishEiPKNS_3MsgE
                0x08003988      0x128 ./Core/Src/mainpp.o
                0x08003988                ros::NodeHandle_<STM32Hardware, 25, 25, 512, 512>::publish(int, ros::Msg const*)
 .text._ZN3ros11NodeHandle_I13STM32HardwareLi25ELi25ELi512ELi512EE6setNowERKNS_4TimeE
                0x08003ab0       0x80 ./Core/Src/mainpp.o
                0x08003ab0                ros::NodeHandle_<STM32Hardware, 25, 25, 512, 512>::setNow(ros::Time const&)
 .text._ZN3ros11NodeHandle_I13STM32HardwareLi25ELi25ELi512ELi512EE8logerrorEPKc
                0x08003b30       0x1c ./Core/Src/mainpp.o
                0x08003b30                ros::NodeHandle_<STM32Hardware, 25, 25, 512, 512>::logerror(char const*)
 .text._ZN3ros11NodeHandle_I13STM32HardwareLi25ELi25ELi512ELi512EE3logEcPKc
                0x08003b4c       0x38 ./Core/Src/mainpp.o
                0x08003b4c                ros::NodeHandle_<STM32Hardware, 25, 25, 512, 512>::log(char, char const*)
 .text._Z41__static_initialization_and_destruction_0ii
                0x08003b84       0x84 ./Core/Src/mainpp.o
 .text._ZN3ros10SubscriberIN8std_msgs5Int16EvE8callbackEPh
                0x08003c08       0x2a ./Core/Src/mainpp.o
                0x08003c08                ros::Subscriber<std_msgs::Int16, void>::callback(unsigned char*)
 .text._ZN3ros10SubscriberIN8std_msgs5Int16EvE15getEndpointTypeEv
                0x08003c32       0x18 ./Core/Src/mainpp.o
                0x08003c32                ros::Subscriber<std_msgs::Int16, void>::getEndpointType()
 .text._ZN3ros10SubscriberIN8std_msgs5Int16EvE10getMsgTypeEv
                0x08003c4a       0x1c ./Core/Src/mainpp.o
                0x08003c4a                ros::Subscriber<std_msgs::Int16, void>::getMsgType()
 .text._ZN3ros10SubscriberIN8std_msgs5Int16EvE9getMsgMD5Ev
                0x08003c66       0x1c ./Core/Src/mainpp.o
                0x08003c66                ros::Subscriber<std_msgs::Int16, void>::getMsgMD5()
 .text._ZN3ros11NodeHandle_I13STM32HardwareLi25ELi25ELi512ELi512EE9connectedEv
                0x08003c82       0x1a ./Core/Src/mainpp.o
                0x08003c82                ros::NodeHandle_<STM32Hardware, 25, 25, 512, 512>::connected()
 .text._GLOBAL__sub_I_nh
                0x08003c9c       0x10 ./Core/Src/mainpp.o
 .text.HAL_MspInit
                0x08003cac       0x50 ./Core/Src/stm32f4xx_hal_msp.o
                0x08003cac                HAL_MspInit
 .text.HAL_TIM_Base_MspInit
                0x08003cfc       0x6c ./Core/Src/stm32f4xx_hal_msp.o
                0x08003cfc                HAL_TIM_Base_MspInit
 .text.HAL_TIM_MspPostInit
                0x08003d68       0x70 ./Core/Src/stm32f4xx_hal_msp.o
                0x08003d68                HAL_TIM_MspPostInit
 .text.HAL_UART_MspInit
                0x08003dd8      0x16c ./Core/Src/stm32f4xx_hal_msp.o
                0x08003dd8                HAL_UART_MspInit
 .text.NMI_Handler
                0x08003f44        0x8 ./Core/Src/stm32f4xx_it.o
                0x08003f44                NMI_Handler
 .text.HardFault_Handler
                0x08003f4c        0x8 ./Core/Src/stm32f4xx_it.o
                0x08003f4c                HardFault_Handler
 .text.MemManage_Handler
                0x08003f54        0x8 ./Core/Src/stm32f4xx_it.o
                0x08003f54                MemManage_Handler
 .text.BusFault_Handler
                0x08003f5c        0x8 ./Core/Src/stm32f4xx_it.o
                0x08003f5c                BusFault_Handler
 .text.UsageFault_Handler
                0x08003f64        0x8 ./Core/Src/stm32f4xx_it.o
                0x08003f64                UsageFault_Handler
 .text.SVC_Handler
                0x08003f6c        0xe ./Core/Src/stm32f4xx_it.o
                0x08003f6c                SVC_Handler
 .text.DebugMon_Handler
                0x08003f7a        0xe ./Core/Src/stm32f4xx_it.o
                0x08003f7a                DebugMon_Handler
 .text.PendSV_Handler
                0x08003f88        0xe ./Core/Src/stm32f4xx_it.o
                0x08003f88                PendSV_Handler
 .text.SysTick_Handler
                0x08003f96        0xc ./Core/Src/stm32f4xx_it.o
                0x08003f96                SysTick_Handler
 *fill*         0x08003fa2        0x2 
 .text.DMA1_Stream5_IRQHandler
                0x08003fa4       0x14 ./Core/Src/stm32f4xx_it.o
                0x08003fa4                DMA1_Stream5_IRQHandler
 .text.DMA1_Stream6_IRQHandler
                0x08003fb8       0x14 ./Core/Src/stm32f4xx_it.o
                0x08003fb8                DMA1_Stream6_IRQHandler
 .text.EXTI9_5_IRQHandler
                0x08003fcc       0x10 ./Core/Src/stm32f4xx_it.o
                0x08003fcc                EXTI9_5_IRQHandler
 .text.USART2_IRQHandler
                0x08003fdc       0x14 ./Core/Src/stm32f4xx_it.o
                0x08003fdc                USART2_IRQHandler
 .text.EXTI15_10_IRQHandler
                0x08003ff0       0x10 ./Core/Src/stm32f4xx_it.o
                0x08003ff0                EXTI15_10_IRQHandler
 .text._sbrk    0x08004000       0x6c ./Core/Src/sysmem.o
                0x08004000                _sbrk
 .text.SystemInit
                0x0800406c       0x24 ./Core/Src/system_stm32f4xx.o
                0x0800406c                SystemInit
 .text._ZN3ros16normalizeSecNSecERmS0_
                0x08004090       0x58 ./Core/Src/time.o
                0x08004090                ros::normalizeSecNSec(unsigned long&, unsigned long&)
 .text.Reset_Handler
                0x080040e8       0x50 ./Core/Startup/startup_stm32f411vetx.o
                0x080040e8                Reset_Handler
 .text.Default_Handler
                0x08004138        0x2 ./Core/Startup/startup_stm32f411vetx.o
                0x08004138                RTC_Alarm_IRQHandler
                0x08004138                EXTI2_IRQHandler
                0x08004138                SPI4_IRQHandler
                0x08004138                TIM1_CC_IRQHandler
                0x08004138                DMA2_Stream5_IRQHandler
                0x08004138                PVD_IRQHandler
                0x08004138                SDIO_IRQHandler
                0x08004138                TAMP_STAMP_IRQHandler
                0x08004138                EXTI3_IRQHandler
                0x08004138                TIM1_UP_TIM10_IRQHandler
                0x08004138                I2C3_ER_IRQHandler
                0x08004138                EXTI0_IRQHandler
                0x08004138                I2C2_EV_IRQHandler
                0x08004138                DMA1_Stream2_IRQHandler
                0x08004138                FPU_IRQHandler
                0x08004138                DMA2_Stream2_IRQHandler
                0x08004138                SPI1_IRQHandler
                0x08004138                TIM1_BRK_TIM9_IRQHandler
                0x08004138                DMA2_Stream3_IRQHandler
                0x08004138                USART6_IRQHandler
                0x08004138                DMA2_Stream0_IRQHandler
                0x08004138                TIM4_IRQHandler
                0x08004138                I2C1_EV_IRQHandler
                0x08004138                DMA1_Stream1_IRQHandler
                0x08004138                TIM3_IRQHandler
                0x08004138                RCC_IRQHandler
                0x08004138                Default_Handler
                0x08004138                ADC_IRQHandler
                0x08004138                DMA1_Stream7_IRQHandler
                0x08004138                SPI5_IRQHandler
                0x08004138                TIM5_IRQHandler
                0x08004138                DMA2_Stream7_IRQHandler
                0x08004138                I2C3_EV_IRQHandler
                0x08004138                RTC_WKUP_IRQHandler
                0x08004138                SPI2_IRQHandler
                0x08004138                DMA1_Stream0_IRQHandler
                0x08004138                EXTI4_IRQHandler
                0x08004138                WWDG_IRQHandler
                0x08004138                TIM2_IRQHandler
                0x08004138                OTG_FS_WKUP_IRQHandler
                0x08004138                TIM1_TRG_COM_TIM11_IRQHandler
                0x08004138                EXTI1_IRQHandler
                0x08004138                I2C2_ER_IRQHandler
                0x08004138                DMA2_Stream1_IRQHandler
                0x08004138                FLASH_IRQHandler
                0x08004138                DMA2_Stream4_IRQHandler
                0x08004138                USART1_IRQHandler
                0x08004138                OTG_FS_IRQHandler
                0x08004138                SPI3_IRQHandler
                0x08004138                DMA1_Stream4_IRQHandler
                0x08004138                I2C1_ER_IRQHandler
                0x08004138                DMA2_Stream6_IRQHandler
                0x08004138                DMA1_Stream3_IRQHandler
 *fill*         0x0800413a        0x2 
 .text.HAL_Init
                0x0800413c       0x44 ./Drivers/STM32F4xx_HAL_Driver/Src/stm32f4xx_hal.o
                0x0800413c                HAL_Init
 .text.HAL_InitTick
                0x08004180       0x60 ./Drivers/STM32F4xx_HAL_Driver/Src/stm32f4xx_hal.o
                0x08004180                HAL_InitTick
 .text.HAL_IncTick
                0x080041e0       0x28 ./Drivers/STM32F4xx_HAL_Driver/Src/stm32f4xx_hal.o
                0x080041e0                HAL_IncTick
 .text.HAL_GetTick
                0x08004208       0x18 ./Drivers/STM32F4xx_HAL_Driver/Src/stm32f4xx_hal.o
                0x08004208                HAL_GetTick
 .text.__NVIC_SetPriorityGrouping
                0x08004220       0x48 ./Drivers/STM32F4xx_HAL_Driver/Src/stm32f4xx_hal_cortex.o
 .text.__NVIC_GetPriorityGrouping
                0x08004268       0x1c ./Drivers/STM32F4xx_HAL_Driver/Src/stm32f4xx_hal_cortex.o
 .text.__NVIC_EnableIRQ
                0x08004284       0x3c ./Drivers/STM32F4xx_HAL_Driver/Src/stm32f4xx_hal_cortex.o
 .text.__NVIC_SetPriority
                0x080042c0       0x54 ./Drivers/STM32F4xx_HAL_Driver/Src/stm32f4xx_hal_cortex.o
 .text.NVIC_EncodePriority
                0x08004314       0x66 ./Drivers/STM32F4xx_HAL_Driver/Src/stm32f4xx_hal_cortex.o
 *fill*         0x0800437a        0x2 
 .text.SysTick_Config
                0x0800437c       0x44 ./Drivers/STM32F4xx_HAL_Driver/Src/stm32f4xx_hal_cortex.o
 .text.HAL_NVIC_SetPriorityGrouping
                0x080043c0       0x16 ./Drivers/STM32F4xx_HAL_Driver/Src/stm32f4xx_hal_cortex.o
                0x080043c0                HAL_NVIC_SetPriorityGrouping
 .text.HAL_NVIC_SetPriority
                0x080043d6       0x38 ./Drivers/STM32F4xx_HAL_Driver/Src/stm32f4xx_hal_cortex.o
                0x080043d6                HAL_NVIC_SetPriority
 .text.HAL_NVIC_EnableIRQ
                0x0800440e       0x1c ./Drivers/STM32F4xx_HAL_Driver/Src/stm32f4xx_hal_cortex.o
                0x0800440e                HAL_NVIC_EnableIRQ
 .text.HAL_SYSTICK_Config
                0x0800442a       0x18 ./Drivers/STM32F4xx_HAL_Driver/Src/stm32f4xx_hal_cortex.o
                0x0800442a                HAL_SYSTICK_Config
 *fill*         0x08004442        0x2 
 .text.HAL_DMA_Init
                0x08004444      0x15c ./Drivers/STM32F4xx_HAL_Driver/Src/stm32f4xx_hal_dma.o
                0x08004444                HAL_DMA_Init
 .text.HAL_DMA_Start_IT
                0x080045a0       0xb0 ./Drivers/STM32F4xx_HAL_Driver/Src/stm32f4xx_hal_dma.o
                0x080045a0                HAL_DMA_Start_IT
 .text.HAL_DMA_Abort
                0x08004650       0xe0 ./Drivers/STM32F4xx_HAL_Driver/Src/stm32f4xx_hal_dma.o
                0x08004650                HAL_DMA_Abort
 .text.HAL_DMA_Abort_IT
                0x08004730       0x44 ./Drivers/STM32F4xx_HAL_Driver/Src/stm32f4xx_hal_dma.o
                0x08004730                HAL_DMA_Abort_IT
 .text.HAL_DMA_IRQHandler
                0x08004774      0x314 ./Drivers/STM32F4xx_HAL_Driver/Src/stm32f4xx_hal_dma.o
                0x08004774                HAL_DMA_IRQHandler
 .text.DMA_SetConfig
                0x08004a88       0x5c ./Drivers/STM32F4xx_HAL_Driver/Src/stm32f4xx_hal_dma.o
 .text.DMA_CalcBaseAndBitshift
                0x08004ae4       0x6c ./Drivers/STM32F4xx_HAL_Driver/Src/stm32f4xx_hal_dma.o
 .text.DMA_CheckFifoParam
                0x08004b50       0xf8 ./Drivers/STM32F4xx_HAL_Driver/Src/stm32f4xx_hal_dma.o
 .text.HAL_GPIO_Init
                0x08004c48      0x308 ./Drivers/STM32F4xx_HAL_Driver/Src/stm32f4xx_hal_gpio.o
                0x08004c48                HAL_GPIO_Init
 .text.HAL_GPIO_ReadPin
                0x08004f50       0x30 ./Drivers/STM32F4xx_HAL_Driver/Src/stm32f4xx_hal_gpio.o
                0x08004f50                HAL_GPIO_ReadPin
 .text.HAL_GPIO_WritePin
                0x08004f80       0x32 ./Drivers/STM32F4xx_HAL_Driver/Src/stm32f4xx_hal_gpio.o
                0x08004f80                HAL_GPIO_WritePin
 *fill*         0x08004fb2        0x2 
 .text.HAL_GPIO_EXTI_IRQHandler
                0x08004fb4       0x30 ./Drivers/STM32F4xx_HAL_Driver/Src/stm32f4xx_hal_gpio.o
                0x08004fb4                HAL_GPIO_EXTI_IRQHandler
 .text.HAL_RCC_OscConfig
                0x08004fe4      0x4f0 ./Drivers/STM32F4xx_HAL_Driver/Src/stm32f4xx_hal_rcc.o
                0x08004fe4                HAL_RCC_OscConfig
 .text.HAL_RCC_ClockConfig
                0x080054d4      0x1cc ./Drivers/STM32F4xx_HAL_Driver/Src/stm32f4xx_hal_rcc.o
                0x080054d4                HAL_RCC_ClockConfig
 .text.HAL_RCC_GetSysClockFreq
                0x080056a0      0x18c ./Drivers/STM32F4xx_HAL_Driver/Src/stm32f4xx_hal_rcc.o
                0x080056a0                HAL_RCC_GetSysClockFreq
 .text.HAL_RCC_GetHCLKFreq
                0x0800582c       0x18 ./Drivers/STM32F4xx_HAL_Driver/Src/stm32f4xx_hal_rcc.o
                0x0800582c                HAL_RCC_GetHCLKFreq
 .text.HAL_RCC_GetPCLK1Freq
                0x08005844       0x28 ./Drivers/STM32F4xx_HAL_Driver/Src/stm32f4xx_hal_rcc.o
                0x08005844                HAL_RCC_GetPCLK1Freq
 .text.HAL_RCC_GetPCLK2Freq
                0x0800586c       0x28 ./Drivers/STM32F4xx_HAL_Driver/Src/stm32f4xx_hal_rcc.o
                0x0800586c                HAL_RCC_GetPCLK2Freq
 .text.HAL_TIM_Base_Init
                0x08005894       0x9e ./Drivers/STM32F4xx_HAL_Driver/Src/stm32f4xx_hal_tim.o
                0x08005894                HAL_TIM_Base_Init
 *fill*         0x08005932        0x2 
 .text.HAL_TIM_Base_Start
                0x08005934       0xb4 ./Drivers/STM32F4xx_HAL_Driver/Src/stm32f4xx_hal_tim.o
                0x08005934                HAL_TIM_Base_Start
 .text.HAL_TIM_PWM_Init
                0x080059e8       0x9e ./Drivers/STM32F4xx_HAL_Driver/Src/stm32f4xx_hal_tim.o
                0x080059e8                HAL_TIM_PWM_Init
 .text.HAL_TIM_PWM_MspInit
                0x08005a86       0x14 ./Drivers/STM32F4xx_HAL_Driver/Src/stm32f4xx_hal_tim.o
                0x08005a86                HAL_TIM_PWM_MspInit
 *fill*         0x08005a9a        0x2 
 .text.HAL_TIM_PWM_Start
                0x08005a9c      0x160 ./Drivers/STM32F4xx_HAL_Driver/Src/stm32f4xx_hal_tim.o
                0x08005a9c                HAL_TIM_PWM_Start
 .text.HAL_TIM_PWM_ConfigChannel
                0x08005bfc      0x184 ./Drivers/STM32F4xx_HAL_Driver/Src/stm32f4xx_hal_tim.o
                0x08005bfc                HAL_TIM_PWM_ConfigChannel
 .text.HAL_TIM_ConfigClockSource
                0x08005d80      0x18e ./Drivers/STM32F4xx_HAL_Driver/Src/stm32f4xx_hal_tim.o
                0x08005d80                HAL_TIM_ConfigClockSource
 *fill*         0x08005f0e        0x2 
 .text.TIM_Base_SetConfig
                0x08005f10      0x118 ./Drivers/STM32F4xx_HAL_Driver/Src/stm32f4xx_hal_tim.o
                0x08005f10                TIM_Base_SetConfig
 .text.TIM_OC1_SetConfig
                0x08006028       0xcc ./Drivers/STM32F4xx_HAL_Driver/Src/stm32f4xx_hal_tim.o
 .text.TIM_OC2_SetConfig
                0x080060f4       0xd8 ./Drivers/STM32F4xx_HAL_Driver/Src/stm32f4xx_hal_tim.o
                0x080060f4                TIM_OC2_SetConfig
 .text.TIM_OC3_SetConfig
                0x080061cc       0xd4 ./Drivers/STM32F4xx_HAL_Driver/Src/stm32f4xx_hal_tim.o
 .text.TIM_OC4_SetConfig
                0x080062a0       0xa0 ./Drivers/STM32F4xx_HAL_Driver/Src/stm32f4xx_hal_tim.o
 .text.TIM_TI1_ConfigInputStage
                0x08006340       0x5e ./Drivers/STM32F4xx_HAL_Driver/Src/stm32f4xx_hal_tim.o
 .text.TIM_TI2_ConfigInputStage
                0x0800639e       0x60 ./Drivers/STM32F4xx_HAL_Driver/Src/stm32f4xx_hal_tim.o
 .text.TIM_ITRx_SetConfig
                0x080063fe       0x36 ./Drivers/STM32F4xx_HAL_Driver/Src/stm32f4xx_hal_tim.o
 .text.TIM_ETR_SetConfig
                0x08006434       0x40 ./Drivers/STM32F4xx_HAL_Driver/Src/stm32f4xx_hal_tim.o
                0x08006434                TIM_ETR_SetConfig
 .text.TIM_CCxChannelCmd
                0x08006474       0x4a ./Drivers/STM32F4xx_HAL_Driver/Src/stm32f4xx_hal_tim.o
                0x08006474                TIM_CCxChannelCmd
 *fill*         0x080064be        0x2 
 .text.HAL_TIMEx_MasterConfigSynchronization
                0x080064c0       0xdc ./Drivers/STM32F4xx_HAL_Driver/Src/stm32f4xx_hal_tim_ex.o
                0x080064c0                HAL_TIMEx_MasterConfigSynchronization
 .text.HAL_UART_Init
                0x0800659c       0xa0 ./Drivers/STM32F4xx_HAL_Driver/Src/stm32f4xx_hal_uart.o
                0x0800659c                HAL_UART_Init
 .text.HAL_UART_Transmit_DMA
                0x0800663c       0xe0 ./Drivers/STM32F4xx_HAL_Driver/Src/stm32f4xx_hal_uart.o
                0x0800663c                HAL_UART_Transmit_DMA
 .text.HAL_UART_Receive_DMA
                0x0800671c       0x4a ./Drivers/STM32F4xx_HAL_Driver/Src/stm32f4xx_hal_uart.o
                0x0800671c                HAL_UART_Receive_DMA
 *fill*         0x08006766        0x2 
 .text.HAL_UART_IRQHandler
                0x08006768      0x524 ./Drivers/STM32F4xx_HAL_Driver/Src/stm32f4xx_hal_uart.o
                0x08006768                HAL_UART_IRQHandler
 .text.HAL_UART_TxHalfCpltCallback
                0x08006c8c       0x14 ./Drivers/STM32F4xx_HAL_Driver/Src/stm32f4xx_hal_uart.o
                0x08006c8c                HAL_UART_TxHalfCpltCallback
 .text.HAL_UART_RxHalfCpltCallback
                0x08006ca0       0x14 ./Drivers/STM32F4xx_HAL_Driver/Src/stm32f4xx_hal_uart.o
                0x08006ca0                HAL_UART_RxHalfCpltCallback
 .text.HAL_UART_ErrorCallback
                0x08006cb4       0x14 ./Drivers/STM32F4xx_HAL_Driver/Src/stm32f4xx_hal_uart.o
                0x08006cb4                HAL_UART_ErrorCallback
 .text.HAL_UARTEx_RxEventCallback
                0x08006cc8       0x18 ./Drivers/STM32F4xx_HAL_Driver/Src/stm32f4xx_hal_uart.o
                0x08006cc8                HAL_UARTEx_RxEventCallback
 .text.UART_DMATransmitCplt
                0x08006ce0       0x9a ./Drivers/STM32F4xx_HAL_Driver/Src/stm32f4xx_hal_uart.o
 .text.UART_DMATxHalfCplt
                0x08006d7a       0x1c ./Drivers/STM32F4xx_HAL_Driver/Src/stm32f4xx_hal_uart.o
 .text.UART_DMAReceiveCplt
                0x08006d96      0x12c ./Drivers/STM32F4xx_HAL_Driver/Src/stm32f4xx_hal_uart.o
 .text.UART_DMARxHalfCplt
                0x08006ec2       0x3c ./Drivers/STM32F4xx_HAL_Driver/Src/stm32f4xx_hal_uart.o
 .text.UART_DMAError
                0x08006efe       0x94 ./Drivers/STM32F4xx_HAL_Driver/Src/stm32f4xx_hal_uart.o
 *fill*         0x08006f92        0x2 
 .text.UART_Start_Receive_DMA
                0x08006f94      0x134 ./Drivers/STM32F4xx_HAL_Driver/Src/stm32f4xx_hal_uart.o
                0x08006f94                UART_Start_Receive_DMA
 .text.UART_EndTxTransfer
                0x080070c8       0x50 ./Drivers/STM32F4xx_HAL_Driver/Src/stm32f4xx_hal_uart.o
 .text.UART_EndRxTransfer
                0x08007118       0xc6 ./Drivers/STM32F4xx_HAL_Driver/Src/stm32f4xx_hal_uart.o
 .text.UART_DMAAbortOnError
                0x080071de       0x28 ./Drivers/STM32F4xx_HAL_Driver/Src/stm32f4xx_hal_uart.o
 .text.UART_Transmit_IT
                0x08007206       0xa0 ./Drivers/STM32F4xx_HAL_Driver/Src/stm32f4xx_hal_uart.o
 .text.UART_EndTransmit_IT
                0x080072a6       0x30 ./Drivers/STM32F4xx_HAL_Driver/Src/stm32f4xx_hal_uart.o
 .text.UART_Receive_IT
                0x080072d6      0x17c ./Drivers/STM32F4xx_HAL_Driver/Src/stm32f4xx_hal_uart.o
 *fill*         0x08007452        0x2 
 .text.UART_SetConfig
                0x08007454      0x4e8 ./Drivers/STM32F4xx_HAL_Driver/Src/stm32f4xx_hal_uart.o
 .text.realloc  0x0800793c       0x10 D:/App/STM32CubeIDE_1.17.0/STM32CubeIDE/plugins/com.st.stm32cube.ide.mcu.externaltools.gnu-tools-for-stm32.12.3.rel1.win32_1.1.0.202410251130/tools/bin/../lib/gcc/arm-none-eabi/12.3.1/../../../../arm-none-eabi/lib/thumb/v7e-m+fp/hard\libc_nano.a(libc_a-realloc.o)
                0x0800793c                realloc
 .text._realloc_r
                0x0800794c       0x5c D:/App/STM32CubeIDE_1.17.0/STM32CubeIDE/plugins/com.st.stm32cube.ide.mcu.externaltools.gnu-tools-for-stm32.12.3.rel1.win32_1.1.0.202410251130/tools/bin/../lib/gcc/arm-none-eabi/12.3.1/../../../../arm-none-eabi/lib/thumb/v7e-m+fp/hard\libc_nano.a(libc_a-reallocr.o)
                0x0800794c                _realloc_r
 .text.memset   0x080079a8       0x10 D:/App/STM32CubeIDE_1.17.0/STM32CubeIDE/plugins/com.st.stm32cube.ide.mcu.externaltools.gnu-tools-for-stm32.12.3.rel1.win32_1.1.0.202410251130/tools/bin/../lib/gcc/arm-none-eabi/12.3.1/../../../../arm-none-eabi/lib/thumb/v7e-m+fp/hard\libc_nano.a(libc_a-memset.o)
                0x080079a8                memset
 .text.__errno  0x080079b8        0xc D:/App/STM32CubeIDE_1.17.0/STM32CubeIDE/plugins/com.st.stm32cube.ide.mcu.externaltools.gnu-tools-for-stm32.12.3.rel1.win32_1.1.0.202410251130/tools/bin/../lib/gcc/arm-none-eabi/12.3.1/../../../../arm-none-eabi/lib/thumb/v7e-m+fp/hard\libc_nano.a(libc_a-errno.o)
                0x080079b8                __errno
 .text.__libc_init_array
                0x080079c4       0x48 D:/App/STM32CubeIDE_1.17.0/STM32CubeIDE/plugins/com.st.stm32cube.ide.mcu.externaltools.gnu-tools-for-stm32.12.3.rel1.win32_1.1.0.202410251130/tools/bin/../lib/gcc/arm-none-eabi/12.3.1/../../../../arm-none-eabi/lib/thumb/v7e-m+fp/hard\libc_nano.a(libc_a-init.o)
                0x080079c4                __libc_init_array
 .text.__retarget_lock_acquire_recursive
                0x08007a0c        0x2 D:/App/STM32CubeIDE_1.17.0/STM32CubeIDE/plugins/com.st.stm32cube.ide.mcu.externaltools.gnu-tools-for-stm32.12.3.rel1.win32_1.1.0.202410251130/tools/bin/../lib/gcc/arm-none-eabi/12.3.1/../../../../arm-none-eabi/lib/thumb/v7e-m+fp/hard\libc_nano.a(libc_a-lock.o)
                0x08007a0c                __retarget_lock_acquire_recursive
 .text.__retarget_lock_release_recursive
                0x08007a0e        0x2 D:/App/STM32CubeIDE_1.17.0/STM32CubeIDE/plugins/com.st.stm32cube.ide.mcu.externaltools.gnu-tools-for-stm32.12.3.rel1.win32_1.1.0.202410251130/tools/bin/../lib/gcc/arm-none-eabi/12.3.1/../../../../arm-none-eabi/lib/thumb/v7e-m+fp/hard\libc_nano.a(libc_a-lock.o)
                0x08007a0e                __retarget_lock_release_recursive
 .text.memcpy   0x08007a10       0x1c D:/App/STM32CubeIDE_1.17.0/STM32CubeIDE/plugins/com.st.stm32cube.ide.mcu.externaltools.gnu-tools-for-stm32.12.3.rel1.win32_1.1.0.202410251130/tools/bin/../lib/gcc/arm-none-eabi/12.3.1/../../../../arm-none-eabi/lib/thumb/v7e-m+fp/hard\libc_nano.a(libc_a-memcpy-stub.o)
                0x08007a10                memcpy
 .text._free_r  0x08007a2c       0x94 D:/App/STM32CubeIDE_1.17.0/STM32CubeIDE/plugins/com.st.stm32cube.ide.mcu.externaltools.gnu-tools-for-stm32.12.3.rel1.win32_1.1.0.202410251130/tools/bin/../lib/gcc/arm-none-eabi/12.3.1/../../../../arm-none-eabi/lib/thumb/v7e-m+fp/hard\libc_nano.a(libc_a-freer.o)
                0x08007a2c                _free_r
 .text.sbrk_aligned
                0x08007ac0       0x44 D:/App/STM32CubeIDE_1.17.0/STM32CubeIDE/plugins/com.st.stm32cube.ide.mcu.externaltools.gnu-tools-for-stm32.12.3.rel1.win32_1.1.0.202410251130/tools/bin/../lib/gcc/arm-none-eabi/12.3.1/../../../../arm-none-eabi/lib/thumb/v7e-m+fp/hard\libc_nano.a(libc_a-mallocr.o)
 .text._malloc_r
                0x08007b04      0x100 D:/App/STM32CubeIDE_1.17.0/STM32CubeIDE/plugins/com.st.stm32cube.ide.mcu.externaltools.gnu-tools-for-stm32.12.3.rel1.win32_1.1.0.202410251130/tools/bin/../lib/gcc/arm-none-eabi/12.3.1/../../../../arm-none-eabi/lib/thumb/v7e-m+fp/hard\libc_nano.a(libc_a-mallocr.o)
                0x08007b04                _malloc_r
 .text.__malloc_lock
                0x08007c04        0xc D:/App/STM32CubeIDE_1.17.0/STM32CubeIDE/plugins/com.st.stm32cube.ide.mcu.externaltools.gnu-tools-for-stm32.12.3.rel1.win32_1.1.0.202410251130/tools/bin/../lib/gcc/arm-none-eabi/12.3.1/../../../../arm-none-eabi/lib/thumb/v7e-m+fp/hard\libc_nano.a(libc_a-mlock.o)
                0x08007c04                __malloc_lock
 .text.__malloc_unlock
                0x08007c10        0xc D:/App/STM32CubeIDE_1.17.0/STM32CubeIDE/plugins/com.st.stm32cube.ide.mcu.externaltools.gnu-tools-for-stm32.12.3.rel1.win32_1.1.0.202410251130/tools/bin/../lib/gcc/arm-none-eabi/12.3.1/../../../../arm-none-eabi/lib/thumb/v7e-m+fp/hard\libc_nano.a(libc_a-mlock.o)
                0x08007c10                __malloc_unlock
 .text._malloc_usable_size_r
                0x08007c1c       0x10 D:/App/STM32CubeIDE_1.17.0/STM32CubeIDE/plugins/com.st.stm32cube.ide.mcu.externaltools.gnu-tools-for-stm32.12.3.rel1.win32_1.1.0.202410251130/tools/bin/../lib/gcc/arm-none-eabi/12.3.1/../../../../arm-none-eabi/lib/thumb/v7e-m+fp/hard\libc_nano.a(libc_a-msizer.o)
                0x08007c1c                _malloc_usable_size_r
 .text._sbrk_r  0x08007c2c       0x20 D:/App/STM32CubeIDE_1.17.0/STM32CubeIDE/plugins/com.st.stm32cube.ide.mcu.externaltools.gnu-tools-for-stm32.12.3.rel1.win32_1.1.0.202410251130/tools/bin/../lib/gcc/arm-none-eabi/12.3.1/../../../../arm-none-eabi/lib/thumb/v7e-m+fp/hard\libc_nano.a(libc_a-sbrkr.o)
                0x08007c2c                _sbrk_r
 *(.glue_7)
 .glue_7        0x08007c4c        0x0 linker stubs
 *(.glue_7t)
 .glue_7t       0x08007c4c        0x0 linker stubs
 *(.eh_frame)
 .eh_frame      0x08007c4c        0x0 D:/App/STM32CubeIDE_1.17.0/STM32CubeIDE/plugins/com.st.stm32cube.ide.mcu.externaltools.gnu-tools-for-stm32.12.3.rel1.win32_1.1.0.202410251130/tools/bin/../lib/gcc/arm-none-eabi/12.3.1/thumb/v7e-m+fp/hard/crtbegin.o
 *(.init)
 .init          0x08007c4c        0x4 D:/App/STM32CubeIDE_1.17.0/STM32CubeIDE/plugins/com.st.stm32cube.ide.mcu.externaltools.gnu-tools-for-stm32.12.3.rel1.win32_1.1.0.202410251130/tools/bin/../lib/gcc/arm-none-eabi/12.3.1/thumb/v7e-m+fp/hard/crti.o
                0x08007c4c                _init
 .init          0x08007c50        0x8 D:/App/STM32CubeIDE_1.17.0/STM32CubeIDE/plugins/com.st.stm32cube.ide.mcu.externaltools.gnu-tools-for-stm32.12.3.rel1.win32_1.1.0.202410251130/tools/bin/../lib/gcc/arm-none-eabi/12.3.1/thumb/v7e-m+fp/hard/crtn.o
 *(.fini)
 .fini          0x08007c58        0x4 D:/App/STM32CubeIDE_1.17.0/STM32CubeIDE/plugins/com.st.stm32cube.ide.mcu.externaltools.gnu-tools-for-stm32.12.3.rel1.win32_1.1.0.202410251130/tools/bin/../lib/gcc/arm-none-eabi/12.3.1/thumb/v7e-m+fp/hard/crti.o
                0x08007c58                _fini
 .fini          0x08007c5c        0x8 D:/App/STM32CubeIDE_1.17.0/STM32CubeIDE/plugins/com.st.stm32cube.ide.mcu.externaltools.gnu-tools-for-stm32.12.3.rel1.win32_1.1.0.202410251130/tools/bin/../lib/gcc/arm-none-eabi/12.3.1/thumb/v7e-m+fp/hard/crtn.o
                0x08007c64                        . = ALIGN (0x4)
                0x08007c64                        _etext = .

.vfp11_veneer   0x08007c64        0x0
 .vfp11_veneer  0x08007c64        0x0 linker stubs

.v4_bx          0x08007c64        0x0
 .v4_bx         0x08007c64        0x0 linker stubs

.iplt           0x08007c64        0x0
 .iplt          0x08007c64        0x0 D:/App/STM32CubeIDE_1.17.0/STM32CubeIDE/plugins/com.st.stm32cube.ide.mcu.externaltools.gnu-tools-for-stm32.12.3.rel1.win32_1.1.0.202410251130/tools/bin/../lib/gcc/arm-none-eabi/12.3.1/thumb/v7e-m+fp/hard/crtbegin.o

.rodata         0x08007c64      0x290
                0x08007c64                        . = ALIGN (0x4)
 *(.rodata)
 .rodata        0x08007c64      0x16a ./Core/Src/mainpp.o
 *(.rodata*)
 *fill*         0x08007dce        0x2 
 .rodata._ZN14rosserial_msgsL12REQUESTPARAME
                0x08007dd0       0x1c ./Core/Src/mainpp.o
 .rodata._ZTVN3ros10SubscriberIN8std_msgs5Int16EvEE
                0x08007dec       0x18 ./Core/Src/mainpp.o
                0x08007dec                vtable for ros::Subscriber<std_msgs::Int16, void>
 .rodata._ZTVN3ros11NodeHandle_I13STM32HardwareLi25ELi25ELi512ELi512EEE
                0x08007e04       0x14 ./Core/Src/mainpp.o
                0x08007e04                vtable for ros::NodeHandle_<STM32Hardware, 25, 25, 512, 512>
 .rodata._ZTVN8std_msgs5Int16E
                0x08007e18       0x18 ./Core/Src/mainpp.o
                0x08007e18                vtable for std_msgs::Int16
 .rodata._ZTVN3ros11Subscriber_E
                0x08007e30       0x18 ./Core/Src/mainpp.o
                0x08007e30                vtable for ros::Subscriber_
 .rodata._ZTVN3ros15NodeHandleBase_E
                0x08007e48       0x14 ./Core/Src/mainpp.o
                0x08007e48                vtable for ros::NodeHandleBase_
 .rodata._ZTVN14rosserial_msgs20RequestParamResponseE
                0x08007e5c       0x18 ./Core/Src/mainpp.o
                0x08007e5c                vtable for rosserial_msgs::RequestParamResponse
 .rodata._ZTVN14rosserial_msgs3LogE
                0x08007e74       0x18 ./Core/Src/mainpp.o
                0x08007e74                vtable for rosserial_msgs::Log
 .rodata._ZTVN14rosserial_msgs9TopicInfoE
                0x08007e8c       0x18 ./Core/Src/mainpp.o
                0x08007e8c                vtable for rosserial_msgs::TopicInfo
 .rodata._ZTVN8std_msgs4TimeE
                0x08007ea4       0x18 ./Core/Src/mainpp.o
                0x08007ea4                vtable for std_msgs::Time
 .rodata._ZTVN3ros3MsgE
                0x08007ebc       0x18 ./Core/Src/mainpp.o
                0x08007ebc                vtable for ros::Msg
 .rodata.AHBPrescTable
                0x08007ed4       0x10 ./Core/Src/system_stm32f4xx.o
                0x08007ed4                AHBPrescTable
 .rodata.APBPrescTable
                0x08007ee4        0x8 ./Core/Src/system_stm32f4xx.o
                0x08007ee4                APBPrescTable
 .rodata.flagBitshiftOffset.0
                0x08007eec        0x8 ./Drivers/STM32F4xx_HAL_Driver/Src/stm32f4xx_hal_dma.o
                0x08007ef4                        . = ALIGN (0x4)

.ARM.extab      0x08007ef4        0x0
                0x08007ef4                        . = ALIGN (0x4)
 *(.ARM.extab* .gnu.linkonce.armextab.*)
                0x08007ef4                        . = ALIGN (0x4)

.ARM            0x08007ef4        0x8
                0x08007ef4                        . = ALIGN (0x4)
                0x08007ef4                        __exidx_start = .
 *(.ARM.exidx*)
 .ARM.exidx     0x08007ef4        0x8 D:/App/STM32CubeIDE_1.17.0/STM32CubeIDE/plugins/com.st.stm32cube.ide.mcu.externaltools.gnu-tools-for-stm32.12.3.rel1.win32_1.1.0.202410251130/tools/bin/../lib/gcc/arm-none-eabi/12.3.1/../../../../arm-none-eabi/lib/thumb/v7e-m+fp/hard\libc_nano.a(libc_a-strlen.o)
 .ARM.exidx     0x08007efc        0x0 D:/App/STM32CubeIDE_1.17.0/STM32CubeIDE/plugins/com.st.stm32cube.ide.mcu.externaltools.gnu-tools-for-stm32.12.3.rel1.win32_1.1.0.202410251130/tools/bin/../lib/gcc/arm-none-eabi/12.3.1/thumb/v7e-m+fp/hard\libgcc.a(_udivmoddi4.o)
                                  0x8 (size before relaxing)
                0x08007efc                        __exidx_end = .
                0x08007efc                        . = ALIGN (0x4)

.preinit_array  0x08007efc        0x0
                0x08007efc                        . = ALIGN (0x4)
                0x08007efc                        PROVIDE (__preinit_array_start = .)
 *(.preinit_array*)
                0x08007efc                        PROVIDE (__preinit_array_end = .)
                0x08007efc                        . = ALIGN (0x4)

.init_array     0x08007efc        0x8
                0x08007efc                        . = ALIGN (0x4)
                0x08007efc                        PROVIDE (__init_array_start = .)
 *(SORT_BY_NAME(.init_array.*))
 *(.init_array*)
 .init_array    0x08007efc        0x4 D:/App/STM32CubeIDE_1.17.0/STM32CubeIDE/plugins/com.st.stm32cube.ide.mcu.externaltools.gnu-tools-for-stm32.12.3.rel1.win32_1.1.0.202410251130/tools/bin/../lib/gcc/arm-none-eabi/12.3.1/thumb/v7e-m+fp/hard/crtbegin.o
 .init_array    0x08007f00        0x4 ./Core/Src/mainpp.o
                0x08007f04                        PROVIDE (__init_array_end = .)
                0x08007f04                        . = ALIGN (0x4)

.fini_array     0x08007f04        0x4
                0x08007f04                        . = ALIGN (0x4)
                [!provide]                        PROVIDE (__fini_array_start = .)
 *(SORT_BY_NAME(.fini_array.*))
 *(.fini_array*)
 .fini_array    0x08007f04        0x4 D:/App/STM32CubeIDE_1.17.0/STM32CubeIDE/plugins/com.st.stm32cube.ide.mcu.externaltools.gnu-tools-for-stm32.12.3.rel1.win32_1.1.0.202410251130/tools/bin/../lib/gcc/arm-none-eabi/12.3.1/thumb/v7e-m+fp/hard/crtbegin.o
                [!provide]                        PROVIDE (__fini_array_end = .)
                0x08007f08                        . = ALIGN (0x4)
                0x08007f08                        _sidata = LOADADDR (.data)

.rel.dyn        0x08007f08        0x0
 .rel.iplt      0x08007f08        0x0 D:/App/STM32CubeIDE_1.17.0/STM32CubeIDE/plugins/com.st.stm32cube.ide.mcu.externaltools.gnu-tools-for-stm32.12.3.rel1.win32_1.1.0.202410251130/tools/bin/../lib/gcc/arm-none-eabi/12.3.1/thumb/v7e-m+fp/hard/crtbegin.o

.data           0x20000000       0x64 load address 0x08007f08
                0x20000000                        . = ALIGN (0x4)
                0x20000000                        _sdata = .
 *(.data)
 *(.data*)
 .data.Direction_left
                0x20000000        0x4 ./Core/Src/mainpp.o
                0x20000000                Direction_left
 .data.Direction_right
                0x20000004        0x4 ./Core/Src/mainpp.o
                0x20000004                Direction_right
 .data.SystemCoreClock
                0x20000008        0x4 ./Core/Src/system_stm32f4xx.o
                0x20000008                SystemCoreClock
 .data.uwTickPrio
                0x2000000c        0x4 ./Drivers/STM32F4xx_HAL_Driver/Src/stm32f4xx_hal.o
                0x2000000c                uwTickPrio
 .data.uwTickFreq
                0x20000010        0x1 ./Drivers/STM32F4xx_HAL_Driver/Src/stm32f4xx_hal.o
                0x20000010                uwTickFreq
 *fill*         0x20000011        0x3 
 .data._impure_ptr
                0x20000014        0x4 D:/App/STM32CubeIDE_1.17.0/STM32CubeIDE/plugins/com.st.stm32cube.ide.mcu.externaltools.gnu-tools-for-stm32.12.3.rel1.win32_1.1.0.202410251130/tools/bin/../lib/gcc/arm-none-eabi/12.3.1/../../../../arm-none-eabi/lib/thumb/v7e-m+fp/hard\libc_nano.a(libc_a-impure.o)
                0x20000014                _impure_ptr
 .data._impure_data
                0x20000018       0x4c D:/App/STM32CubeIDE_1.17.0/STM32CubeIDE/plugins/com.st.stm32cube.ide.mcu.externaltools.gnu-tools-for-stm32.12.3.rel1.win32_1.1.0.202410251130/tools/bin/../lib/gcc/arm-none-eabi/12.3.1/../../../../arm-none-eabi/lib/thumb/v7e-m+fp/hard\libc_nano.a(libc_a-impure.o)
                0x20000018                _impure_data
 *(.RamFunc)
 *(.RamFunc*)
                0x20000064                        . = ALIGN (0x4)
                0x20000064                        _edata = .

.igot.plt       0x20000064        0x0 load address 0x08007f6c
 .igot.plt      0x20000064        0x0 D:/App/STM32CubeIDE_1.17.0/STM32CubeIDE/plugins/com.st.stm32cube.ide.mcu.externaltools.gnu-tools-for-stm32.12.3.rel1.win32_1.1.0.202410251130/tools/bin/../lib/gcc/arm-none-eabi/12.3.1/thumb/v7e-m+fp/hard/crtbegin.o
                0x20000064                        . = ALIGN (0x4)

.bss            0x20000068      0xd44 load address 0x08007f6c
                0x20000068                        _sbss = .
                0x20000068                        __bss_start__ = _sbss
 *(.bss)
 .bss           0x20000068       0x1c D:/App/STM32CubeIDE_1.17.0/STM32CubeIDE/plugins/com.st.stm32cube.ide.mcu.externaltools.gnu-tools-for-stm32.12.3.rel1.win32_1.1.0.202410251130/tools/bin/../lib/gcc/arm-none-eabi/12.3.1/thumb/v7e-m+fp/hard/crtbegin.o
 *(.bss*)
 .bss.htim1     0x20000084       0x48 ./Core/Src/main.o
                0x20000084                htim1
 .bss.htim2     0x200000cc       0x48 ./Core/Src/main.o
                0x200000cc                htim2
 .bss.huart2    0x20000114       0x48 ./Core/Src/main.o
                0x20000114                huart2
 .bss.hdma_usart2_rx
                0x2000015c       0x60 ./Core/Src/main.o
                0x2000015c                hdma_usart2_rx
 .bss.hdma_usart2_tx
                0x200001bc       0x60 ./Core/Src/main.o
                0x200001bc                hdma_usart2_tx
 .bss._ZZN13STM32Hardware5flushEvE5mutex
                0x2000021c        0x1 ./Core/Src/mainpp.o
                0x2000021c                STM32Hardware::flush()::mutex
 *fill*         0x2000021d        0x3 
 .bss.nh        0x20000220      0x93c ./Core/Src/mainpp.o
                0x20000220                nh
 .bss.right_wheel_tick_count
                0x20000b5c        0x8 ./Core/Src/mainpp.o
                0x20000b5c                right_wheel_tick_count
 .bss.left_wheel_tick_count
                0x20000b64        0x8 ./Core/Src/mainpp.o
                0x20000b64                left_wheel_tick_count
 .bss.left_vel_data
                0x20000b6c        0x8 ./Core/Src/mainpp.o
                0x20000b6c                left_vel_data
 .bss.right_vel_data
                0x20000b74        0x8 ./Core/Src/mainpp.o
                0x20000b74                right_vel_data
 .bss.pos_left  0x20000b7c        0x4 ./Core/Src/mainpp.o
                0x20000b7c                pos_left
 .bss.pos_right
                0x20000b80        0x4 ./Core/Src/mainpp.o
                0x20000b80                pos_right
 .bss.previousMillis
                0x20000b84        0x4 ./Core/Src/mainpp.o
                0x20000b84                previousMillis
 .bss.currentMillis
                0x20000b88        0x4 ./Core/Src/mainpp.o
                0x20000b88                currentMillis
 *fill*         0x20000b8c        0x4 
 .bss.velLeftWheel
                0x20000b90        0x8 ./Core/Src/mainpp.o
                0x20000b90                velLeftWheel
 .bss.velRightWheel
                0x20000b98        0x8 ./Core/Src/mainpp.o
                0x20000b98                velRightWheel
 .bss.pwmLeftReq
                0x20000ba0        0x8 ./Core/Src/mainpp.o
                0x20000ba0                pwmLeftReq
 .bss.pwmRightReq
                0x20000ba8        0x8 ./Core/Src/mainpp.o
                0x20000ba8                pwmRightReq
 .bss.vel_left  0x20000bb0        0x8 ./Core/Src/mainpp.o
                0x20000bb0                vel_left
 .bss.vel_right
                0x20000bb8        0x8 ./Core/Src/mainpp.o
                0x20000bb8                vel_right
 .bss.lastCmdVelReceived
                0x20000bc0        0x8 ./Core/Src/mainpp.o
                0x20000bc0                lastCmdVelReceived
 .bss.is_recv_left_wheel
                0x20000bc8        0x4 ./Core/Src/mainpp.o
                0x20000bc8                is_recv_left_wheel
 .bss.is_recv_right_wheel
                0x20000bcc        0x4 ./Core/Src/mainpp.o
                0x20000bcc                is_recv_right_wheel
 .bss.robot_dir
                0x20000bd0        0x4 ./Core/Src/mainpp.o
                0x20000bd0                robot_dir
 .bss.prevT     0x20000bd4        0x4 ./Core/Src/mainpp.o
                0x20000bd4                prevT
 .bss.eintegral_r
                0x20000bd8        0x4 ./Core/Src/mainpp.o
                0x20000bd8                eintegral_r
 .bss.eintegral_l
                0x20000bdc        0x4 ./Core/Src/mainpp.o
                0x20000bdc                eintegral_l
 .bss.pwmout1   0x20000be0        0x4 ./Core/Src/mainpp.o
                0x20000be0                pwmout1
 .bss.pwmout2   0x20000be4        0x4 ./Core/Src/mainpp.o
                0x20000be4                pwmout2
 .bss.pre_robot_dir
                0x20000be8        0x4 ./Core/Src/mainpp.o
                0x20000be8                pre_robot_dir
 .bss.left_wheel_vel
                0x20000bec        0x4 ./Core/Src/mainpp.o
                0x20000bec                left_wheel_vel
 .bss.right_wheel_vel
                0x20000bf0        0x4 ./Core/Src/mainpp.o
                0x20000bf0                right_wheel_vel
 .bss.numOfTicks_left
                0x20000bf4        0x4 ./Core/Src/mainpp.o
                0x20000bf4                numOfTicks_left
 .bss.numOfTicks_right
                0x20000bf8        0x4 ./Core/Src/mainpp.o
                0x20000bf8                numOfTicks_right
 *fill*         0x20000bfc        0x4 
 .bss._ZZ19calc_vel_left_wheelvE8prevTime
                0x20000c00        0x8 ./Core/Src/mainpp.o
 .bss._ZZ19calc_vel_left_wheelvE13prevLeftCount
                0x20000c08        0x4 ./Core/Src/mainpp.o
 *fill*         0x20000c0c        0x4 
 .bss._ZZ20calc_vel_right_wheelvE8prevTime
                0x20000c10        0x8 ./Core/Src/mainpp.o
 .bss._ZZ20calc_vel_right_wheelvE14prevRightCount
                0x20000c18        0x4 ./Core/Src/mainpp.o
 .bss._ZZ14set_pwm_valuesiddE10pwmLeftOut
                0x20000c1c        0x4 ./Core/Src/mainpp.o
 .bss._ZZ14set_pwm_valuesiddE11pwmRightOut
                0x20000c20        0x4 ./Core/Src/mainpp.o
 .bss.left_wheel_query
                0x20000c24       0x1c ./Core/Src/mainpp.o
                0x20000c24                left_wheel_query
 .bss.right_wheel_query
                0x20000c40       0x1c ./Core/Src/mainpp.o
                0x20000c40                right_wheel_query
 .bss.__sbrk_heap_end
                0x20000c5c        0x4 ./Core/Src/sysmem.o
 .bss.uwTick    0x20000c60        0x4 ./Drivers/STM32F4xx_HAL_Driver/Src/stm32f4xx_hal.o
                0x20000c60                uwTick
 .bss.__sf      0x20000c64      0x138 D:/App/STM32CubeIDE_1.17.0/STM32CubeIDE/plugins/com.st.stm32cube.ide.mcu.externaltools.gnu-tools-for-stm32.12.3.rel1.win32_1.1.0.202410251130/tools/bin/../lib/gcc/arm-none-eabi/12.3.1/../../../../arm-none-eabi/lib/thumb/v7e-m+fp/hard\libc_nano.a(libc_a-findfp.o)
                0x20000c64                __sf
 .bss.errno     0x20000d9c        0x4 D:/App/STM32CubeIDE_1.17.0/STM32CubeIDE/plugins/com.st.stm32cube.ide.mcu.externaltools.gnu-tools-for-stm32.12.3.rel1.win32_1.1.0.202410251130/tools/bin/../lib/gcc/arm-none-eabi/12.3.1/../../../../arm-none-eabi/lib/thumb/v7e-m+fp/hard\libc_nano.a(libc_a-reent.o)
                0x20000d9c                errno
 .bss.__lock___malloc_recursive_mutex
                0x20000da0        0x1 D:/App/STM32CubeIDE_1.17.0/STM32CubeIDE/plugins/com.st.stm32cube.ide.mcu.externaltools.gnu-tools-for-stm32.12.3.rel1.win32_1.1.0.202410251130/tools/bin/../lib/gcc/arm-none-eabi/12.3.1/../../../../arm-none-eabi/lib/thumb/v7e-m+fp/hard\libc_nano.a(libc_a-lock.o)
                0x20000da0                __lock___malloc_recursive_mutex
 *fill*         0x20000da1        0x3 
 .bss.__malloc_sbrk_start
                0x20000da4        0x4 D:/App/STM32CubeIDE_1.17.0/STM32CubeIDE/plugins/com.st.stm32cube.ide.mcu.externaltools.gnu-tools-for-stm32.12.3.rel1.win32_1.1.0.202410251130/tools/bin/../lib/gcc/arm-none-eabi/12.3.1/../../../../arm-none-eabi/lib/thumb/v7e-m+fp/hard\libc_nano.a(libc_a-mallocr.o)
                0x20000da4                __malloc_sbrk_start
 .bss.__malloc_free_list
                0x20000da8        0x4 D:/App/STM32CubeIDE_1.17.0/STM32CubeIDE/plugins/com.st.stm32cube.ide.mcu.externaltools.gnu-tools-for-stm32.12.3.rel1.win32_1.1.0.202410251130/tools/bin/../lib/gcc/arm-none-eabi/12.3.1/../../../../arm-none-eabi/lib/thumb/v7e-m+fp/hard\libc_nano.a(libc_a-mallocr.o)
                0x20000da8                __malloc_free_list
 *(COMMON)
                0x20000dac                        . = ALIGN (0x4)
                0x20000dac                        _ebss = .
                0x20000dac                        __bss_end__ = _ebss

._user_heap_stack
                0x20000dac      0x604 load address 0x08007f6c
                0x20000db0                        . = ALIGN (0x8)
 *fill*         0x20000dac        0x4 
                [!provide]                        PROVIDE (end = .)
                0x20000db0                        PROVIDE (_end = .)
                0x20000fb0                        . = (. + _Min_Heap_Size)
 *fill*         0x20000db0      0x200 
                0x200013b0                        . = (. + _Min_Stack_Size)
 *fill*         0x20000fb0      0x400 
                0x200013b0                        . = ALIGN (0x8)

/DISCARD/
 libc.a(*)
 libm.a(*)
 libgcc.a(*)

.ARM.attributes
                0x00000000       0x30
 *(.ARM.attributes)
 .ARM.attributes
                0x00000000       0x22 D:/App/STM32CubeIDE_1.17.0/STM32CubeIDE/plugins/com.st.stm32cube.ide.mcu.externaltools.gnu-tools-for-stm32.12.3.rel1.win32_1.1.0.202410251130/tools/bin/../lib/gcc/arm-none-eabi/12.3.1/thumb/v7e-m+fp/hard/crti.o
 .ARM.attributes
                0x00000022       0x34 D:/App/STM32CubeIDE_1.17.0/STM32CubeIDE/plugins/com.st.stm32cube.ide.mcu.externaltools.gnu-tools-for-stm32.12.3.rel1.win32_1.1.0.202410251130/tools/bin/../lib/gcc/arm-none-eabi/12.3.1/thumb/v7e-m+fp/hard/crtbegin.o
 .ARM.attributes
                0x00000056       0x34 ./Core/Src/main.o
 .ARM.attributes
                0x0000008a       0x34 ./Core/Src/mainpp.o
 .ARM.attributes
                0x000000be       0x34 ./Core/Src/stm32f4xx_hal_msp.o
 .ARM.attributes
                0x000000f2       0x34 ./Core/Src/stm32f4xx_it.o
 .ARM.attributes
                0x00000126       0x34 ./Core/Src/sysmem.o
 .ARM.attributes
                0x0000015a       0x34 ./Core/Src/system_stm32f4xx.o
 .ARM.attributes
                0x0000018e       0x34 ./Core/Src/time.o
 .ARM.attributes
                0x000001c2       0x21 ./Core/Startup/startup_stm32f411vetx.o
 .ARM.attributes
                0x000001e3       0x34 ./Drivers/STM32F4xx_HAL_Driver/Src/stm32f4xx_hal.o
 .ARM.attributes
                0x00000217       0x34 ./Drivers/STM32F4xx_HAL_Driver/Src/stm32f4xx_hal_cortex.o
 .ARM.attributes
                0x0000024b       0x34 ./Drivers/STM32F4xx_HAL_Driver/Src/stm32f4xx_hal_dma.o
 .ARM.attributes
                0x0000027f       0x34 ./Drivers/STM32F4xx_HAL_Driver/Src/stm32f4xx_hal_gpio.o
 .ARM.attributes
                0x000002b3       0x34 ./Drivers/STM32F4xx_HAL_Driver/Src/stm32f4xx_hal_rcc.o
 .ARM.attributes
                0x000002e7       0x34 ./Drivers/STM32F4xx_HAL_Driver/Src/stm32f4xx_hal_tim.o
 .ARM.attributes
                0x0000031b       0x34 ./Drivers/STM32F4xx_HAL_Driver/Src/stm32f4xx_hal_tim_ex.o
 .ARM.attributes
                0x0000034f       0x34 ./Drivers/STM32F4xx_HAL_Driver/Src/stm32f4xx_hal_uart.o
 .ARM.attributes
                0x00000383       0x34 D:/App/STM32CubeIDE_1.17.0/STM32CubeIDE/plugins/com.st.stm32cube.ide.mcu.externaltools.gnu-tools-for-stm32.12.3.rel1.win32_1.1.0.202410251130/tools/bin/../lib/gcc/arm-none-eabi/12.3.1/../../../../arm-none-eabi/lib/thumb/v7e-m+fp/hard\libc_nano.a(libc_a-realloc.o)
 .ARM.attributes
                0x000003b7       0x34 D:/App/STM32CubeIDE_1.17.0/STM32CubeIDE/plugins/com.st.stm32cube.ide.mcu.externaltools.gnu-tools-for-stm32.12.3.rel1.win32_1.1.0.202410251130/tools/bin/../lib/gcc/arm-none-eabi/12.3.1/../../../../arm-none-eabi/lib/thumb/v7e-m+fp/hard\libc_nano.a(libc_a-reallocr.o)
 .ARM.attributes
                0x000003eb       0x34 D:/App/STM32CubeIDE_1.17.0/STM32CubeIDE/plugins/com.st.stm32cube.ide.mcu.externaltools.gnu-tools-for-stm32.12.3.rel1.win32_1.1.0.202410251130/tools/bin/../lib/gcc/arm-none-eabi/12.3.1/../../../../arm-none-eabi/lib/thumb/v7e-m+fp/hard\libc_nano.a(libc_a-findfp.o)
 .ARM.attributes
                0x0000041f       0x34 D:/App/STM32CubeIDE_1.17.0/STM32CubeIDE/plugins/com.st.stm32cube.ide.mcu.externaltools.gnu-tools-for-stm32.12.3.rel1.win32_1.1.0.202410251130/tools/bin/../lib/gcc/arm-none-eabi/12.3.1/../../../../arm-none-eabi/lib/thumb/v7e-m+fp/hard\libc_nano.a(libc_a-memset.o)
 .ARM.attributes
                0x00000453       0x34 D:/App/STM32CubeIDE_1.17.0/STM32CubeIDE/plugins/com.st.stm32cube.ide.mcu.externaltools.gnu-tools-for-stm32.12.3.rel1.win32_1.1.0.202410251130/tools/bin/../lib/gcc/arm-none-eabi/12.3.1/../../../../arm-none-eabi/lib/thumb/v7e-m+fp/hard\libc_nano.a(libc_a-reent.o)
 .ARM.attributes
                0x00000487       0x34 D:/App/STM32CubeIDE_1.17.0/STM32CubeIDE/plugins/com.st.stm32cube.ide.mcu.externaltools.gnu-tools-for-stm32.12.3.rel1.win32_1.1.0.202410251130/tools/bin/../lib/gcc/arm-none-eabi/12.3.1/../../../../arm-none-eabi/lib/thumb/v7e-m+fp/hard\libc_nano.a(libc_a-impure.o)
 .ARM.attributes
                0x000004bb       0x34 D:/App/STM32CubeIDE_1.17.0/STM32CubeIDE/plugins/com.st.stm32cube.ide.mcu.externaltools.gnu-tools-for-stm32.12.3.rel1.win32_1.1.0.202410251130/tools/bin/../lib/gcc/arm-none-eabi/12.3.1/../../../../arm-none-eabi/lib/thumb/v7e-m+fp/hard\libc_nano.a(libc_a-errno.o)
 .ARM.attributes
                0x000004ef       0x34 D:/App/STM32CubeIDE_1.17.0/STM32CubeIDE/plugins/com.st.stm32cube.ide.mcu.externaltools.gnu-tools-for-stm32.12.3.rel1.win32_1.1.0.202410251130/tools/bin/../lib/gcc/arm-none-eabi/12.3.1/../../../../arm-none-eabi/lib/thumb/v7e-m+fp/hard\libc_nano.a(libc_a-init.o)
 .ARM.attributes
                0x00000523       0x34 D:/App/STM32CubeIDE_1.17.0/STM32CubeIDE/plugins/com.st.stm32cube.ide.mcu.externaltools.gnu-tools-for-stm32.12.3.rel1.win32_1.1.0.202410251130/tools/bin/../lib/gcc/arm-none-eabi/12.3.1/../../../../arm-none-eabi/lib/thumb/v7e-m+fp/hard\libc_nano.a(libc_a-lock.o)
 .ARM.attributes
                0x00000557       0x34 D:/App/STM32CubeIDE_1.17.0/STM32CubeIDE/plugins/com.st.stm32cube.ide.mcu.externaltools.gnu-tools-for-stm32.12.3.rel1.win32_1.1.0.202410251130/tools/bin/../lib/gcc/arm-none-eabi/12.3.1/../../../../arm-none-eabi/lib/thumb/v7e-m+fp/hard\libc_nano.a(libc_a-memcpy-stub.o)
 .ARM.attributes
                0x0000058b       0x17 D:/App/STM32CubeIDE_1.17.0/STM32CubeIDE/plugins/com.st.stm32cube.ide.mcu.externaltools.gnu-tools-for-stm32.12.3.rel1.win32_1.1.0.202410251130/tools/bin/../lib/gcc/arm-none-eabi/12.3.1/../../../../arm-none-eabi/lib/thumb/v7e-m+fp/hard\libc_nano.a(libc_a-strlen.o)
 .ARM.attributes
                0x000005a2       0x34 D:/App/STM32CubeIDE_1.17.0/STM32CubeIDE/plugins/com.st.stm32cube.ide.mcu.externaltools.gnu-tools-for-stm32.12.3.rel1.win32_1.1.0.202410251130/tools/bin/../lib/gcc/arm-none-eabi/12.3.1/../../../../arm-none-eabi/lib/thumb/v7e-m+fp/hard\libc_nano.a(libc_a-freer.o)
 .ARM.attributes
                0x000005d6       0x34 D:/App/STM32CubeIDE_1.17.0/STM32CubeIDE/plugins/com.st.stm32cube.ide.mcu.externaltools.gnu-tools-for-stm32.12.3.rel1.win32_1.1.0.202410251130/tools/bin/../lib/gcc/arm-none-eabi/12.3.1/../../../../arm-none-eabi/lib/thumb/v7e-m+fp/hard\libc_nano.a(libc_a-mallocr.o)
 .ARM.attributes
                0x0000060a       0x34 D:/App/STM32CubeIDE_1.17.0/STM32CubeIDE/plugins/com.st.stm32cube.ide.mcu.externaltools.gnu-tools-for-stm32.12.3.rel1.win32_1.1.0.202410251130/tools/bin/../lib/gcc/arm-none-eabi/12.3.1/../../../../arm-none-eabi/lib/thumb/v7e-m+fp/hard\libc_nano.a(libc_a-mlock.o)
 .ARM.attributes
                0x0000063e       0x34 D:/App/STM32CubeIDE_1.17.0/STM32CubeIDE/plugins/com.st.stm32cube.ide.mcu.externaltools.gnu-tools-for-stm32.12.3.rel1.win32_1.1.0.202410251130/tools/bin/../lib/gcc/arm-none-eabi/12.3.1/../../../../arm-none-eabi/lib/thumb/v7e-m+fp/hard\libc_nano.a(libc_a-msizer.o)
 .ARM.attributes
                0x00000672       0x34 D:/App/STM32CubeIDE_1.17.0/STM32CubeIDE/plugins/com.st.stm32cube.ide.mcu.externaltools.gnu-tools-for-stm32.12.3.rel1.win32_1.1.0.202410251130/tools/bin/../lib/gcc/arm-none-eabi/12.3.1/../../../../arm-none-eabi/lib/thumb/v7e-m+fp/hard\libc_nano.a(libc_a-sbrkr.o)
 .ARM.attributes
                0x000006a6       0x22 D:/App/STM32CubeIDE_1.17.0/STM32CubeIDE/plugins/com.st.stm32cube.ide.mcu.externaltools.gnu-tools-for-stm32.12.3.rel1.win32_1.1.0.202410251130/tools/bin/../lib/gcc/arm-none-eabi/12.3.1/thumb/v7e-m+fp/hard\libgcc.a(_arm_addsubdf3.o)
 .ARM.attributes
                0x000006c8       0x22 D:/App/STM32CubeIDE_1.17.0/STM32CubeIDE/plugins/com.st.stm32cube.ide.mcu.externaltools.gnu-tools-for-stm32.12.3.rel1.win32_1.1.0.202410251130/tools/bin/../lib/gcc/arm-none-eabi/12.3.1/thumb/v7e-m+fp/hard\libgcc.a(_arm_muldivdf3.o)
 .ARM.attributes
                0x000006ea       0x22 D:/App/STM32CubeIDE_1.17.0/STM32CubeIDE/plugins/com.st.stm32cube.ide.mcu.externaltools.gnu-tools-for-stm32.12.3.rel1.win32_1.1.0.202410251130/tools/bin/../lib/gcc/arm-none-eabi/12.3.1/thumb/v7e-m+fp/hard\libgcc.a(_arm_cmpdf2.o)
 .ARM.attributes
                0x0000070c       0x22 D:/App/STM32CubeIDE_1.17.0/STM32CubeIDE/plugins/com.st.stm32cube.ide.mcu.externaltools.gnu-tools-for-stm32.12.3.rel1.win32_1.1.0.202410251130/tools/bin/../lib/gcc/arm-none-eabi/12.3.1/thumb/v7e-m+fp/hard\libgcc.a(_arm_fixdfsi.o)
 .ARM.attributes
                0x0000072e       0x22 D:/App/STM32CubeIDE_1.17.0/STM32CubeIDE/plugins/com.st.stm32cube.ide.mcu.externaltools.gnu-tools-for-stm32.12.3.rel1.win32_1.1.0.202410251130/tools/bin/../lib/gcc/arm-none-eabi/12.3.1/thumb/v7e-m+fp/hard\libgcc.a(_arm_truncdfsf2.o)
 .ARM.attributes
                0x00000750       0x22 D:/App/STM32CubeIDE_1.17.0/STM32CubeIDE/plugins/com.st.stm32cube.ide.mcu.externaltools.gnu-tools-for-stm32.12.3.rel1.win32_1.1.0.202410251130/tools/bin/../lib/gcc/arm-none-eabi/12.3.1/thumb/v7e-m+fp/hard\libgcc.a(_aeabi_uldivmod.o)
 .ARM.attributes
                0x00000772       0x34 D:/App/STM32CubeIDE_1.17.0/STM32CubeIDE/plugins/com.st.stm32cube.ide.mcu.externaltools.gnu-tools-for-stm32.12.3.rel1.win32_1.1.0.202410251130/tools/bin/../lib/gcc/arm-none-eabi/12.3.1/thumb/v7e-m+fp/hard\libgcc.a(_udivmoddi4.o)
 .ARM.attributes
                0x000007a6       0x22 D:/App/STM32CubeIDE_1.17.0/STM32CubeIDE/plugins/com.st.stm32cube.ide.mcu.externaltools.gnu-tools-for-stm32.12.3.rel1.win32_1.1.0.202410251130/tools/bin/../lib/gcc/arm-none-eabi/12.3.1/thumb/v7e-m+fp/hard\libgcc.a(_dvmd_tls.o)
 .ARM.attributes
                0x000007c8       0x22 D:/App/STM32CubeIDE_1.17.0/STM32CubeIDE/plugins/com.st.stm32cube.ide.mcu.externaltools.gnu-tools-for-stm32.12.3.rel1.win32_1.1.0.202410251130/tools/bin/../lib/gcc/arm-none-eabi/12.3.1/thumb/v7e-m+fp/hard/crtn.o
OUTPUT(f411vet6_with_ros.elf elf32-littlearm)
LOAD linker stubs
LOAD D:/App/STM32CubeIDE_1.17.0/STM32CubeIDE/plugins/com.st.stm32cube.ide.mcu.externaltools.gnu-tools-for-stm32.12.3.rel1.win32_1.1.0.202410251130/tools/bin/../lib/gcc/arm-none-eabi/12.3.1/../../../../arm-none-eabi/lib/thumb/v7e-m+fp/hard\libc.a
LOAD D:/App/STM32CubeIDE_1.17.0/STM32CubeIDE/plugins/com.st.stm32cube.ide.mcu.externaltools.gnu-tools-for-stm32.12.3.rel1.win32_1.1.0.202410251130/tools/bin/../lib/gcc/arm-none-eabi/12.3.1/../../../../arm-none-eabi/lib/thumb/v7e-m+fp/hard\libm.a
LOAD D:/App/STM32CubeIDE_1.17.0/STM32CubeIDE/plugins/com.st.stm32cube.ide.mcu.externaltools.gnu-tools-for-stm32.12.3.rel1.win32_1.1.0.202410251130/tools/bin/../lib/gcc/arm-none-eabi/12.3.1/thumb/v7e-m+fp/hard\libgcc.a

.debug_info     0x00000000    0x14b5a
 .debug_info    0x00000000     0x1b83 ./Core/Src/main.o
 .debug_info    0x00001b83     0x5d2c ./Core/Src/mainpp.o
 .debug_info    0x000078af      0xfa1 ./Core/Src/stm32f4xx_hal_msp.o
 .debug_info    0x00008850      0x6bd ./Core/Src/stm32f4xx_it.o
 .debug_info    0x00008f0d      0x168 ./Core/Src/sysmem.o
 .debug_info    0x00009075      0x53e ./Core/Src/system_stm32f4xx.o
 .debug_info    0x000095b3     0x1928 ./Core/Src/time.o
 .debug_info    0x0000aedb       0x30 ./Core/Startup/startup_stm32f411vetx.o
 .debug_info    0x0000af0b      0x8c4 ./Drivers/STM32F4xx_HAL_Driver/Src/stm32f4xx_hal.o
 .debug_info    0x0000b7cf      0xcfc ./Drivers/STM32F4xx_HAL_Driver/Src/stm32f4xx_hal_cortex.o
 .debug_info    0x0000c4cb      0x8e6 ./Drivers/STM32F4xx_HAL_Driver/Src/stm32f4xx_hal_dma.o
 .debug_info    0x0000cdb1      0x6f9 ./Drivers/STM32F4xx_HAL_Driver/Src/stm32f4xx_hal_gpio.o
 .debug_info    0x0000d4aa      0x8f0 ./Drivers/STM32F4xx_HAL_Driver/Src/stm32f4xx_hal_rcc.o
 .debug_info    0x0000dd9a     0x2996 ./Drivers/STM32F4xx_HAL_Driver/Src/stm32f4xx_hal_tim.o
 .debug_info    0x00010730     0x14d4 ./Drivers/STM32F4xx_HAL_Driver/Src/stm32f4xx_hal_tim_ex.o
 .debug_info    0x00011c04     0x2f56 ./Drivers/STM32F4xx_HAL_Driver/Src/stm32f4xx_hal_uart.o

.debug_abbrev   0x00000000     0x2a1c
 .debug_abbrev  0x00000000      0x354 ./Core/Src/main.o
 .debug_abbrev  0x00000354      0x99f ./Core/Src/mainpp.o
 .debug_abbrev  0x00000cf3      0x268 ./Core/Src/stm32f4xx_hal_msp.o
 .debug_abbrev  0x00000f5b      0x1b1 ./Core/Src/stm32f4xx_it.o
 .debug_abbrev  0x0000110c       0xbc ./Core/Src/sysmem.o
 .debug_abbrev  0x000011c8      0x11a ./Core/Src/system_stm32f4xx.o
 .debug_abbrev  0x000012e2      0x2c8 ./Core/Src/time.o
 .debug_abbrev  0x000015aa       0x24 ./Core/Startup/startup_stm32f411vetx.o
 .debug_abbrev  0x000015ce      0x24b ./Drivers/STM32F4xx_HAL_Driver/Src/stm32f4xx_hal.o
 .debug_abbrev  0x00001819      0x31d ./Drivers/STM32F4xx_HAL_Driver/Src/stm32f4xx_hal_cortex.o
 .debug_abbrev  0x00001b36      0x221 ./Drivers/STM32F4xx_HAL_Driver/Src/stm32f4xx_hal_dma.o
 .debug_abbrev  0x00001d57      0x1d3 ./Drivers/STM32F4xx_HAL_Driver/Src/stm32f4xx_hal_gpio.o
 .debug_abbrev  0x00001f2a      0x2b6 ./Drivers/STM32F4xx_HAL_Driver/Src/stm32f4xx_hal_rcc.o
 .debug_abbrev  0x000021e0      0x28b ./Drivers/STM32F4xx_HAL_Driver/Src/stm32f4xx_hal_tim.o
 .debug_abbrev  0x0000246b      0x296 ./Drivers/STM32F4xx_HAL_Driver/Src/stm32f4xx_hal_tim_ex.o
 .debug_abbrev  0x00002701      0x31b ./Drivers/STM32F4xx_HAL_Driver/Src/stm32f4xx_hal_uart.o

.debug_aranges  0x00000000      0xf40
 .debug_aranges
                0x00000000       0x58 ./Core/Src/main.o
 .debug_aranges
                0x00000058      0x290 ./Core/Src/mainpp.o
 .debug_aranges
                0x000002e8       0x48 ./Core/Src/stm32f4xx_hal_msp.o
 .debug_aranges
                0x00000330       0x88 ./Core/Src/stm32f4xx_it.o
 .debug_aranges
                0x000003b8       0x20 ./Core/Src/sysmem.o
 .debug_aranges
                0x000003d8       0x28 ./Core/Src/system_stm32f4xx.o
 .debug_aranges
                0x00000400       0x48 ./Core/Src/time.o
 .debug_aranges
                0x00000448       0x28 ./Core/Startup/startup_stm32f411vetx.o
 .debug_aranges
                0x00000470       0xf0 ./Drivers/STM32F4xx_HAL_Driver/Src/stm32f4xx_hal.o
 .debug_aranges
                0x00000560      0x130 ./Drivers/STM32F4xx_HAL_Driver/Src/stm32f4xx_hal_cortex.o
 .debug_aranges
                0x00000690       0x90 ./Drivers/STM32F4xx_HAL_Driver/Src/stm32f4xx_hal_dma.o
 .debug_aranges
                0x00000720       0x58 ./Drivers/STM32F4xx_HAL_Driver/Src/stm32f4xx_hal_gpio.o
 .debug_aranges
                0x00000778       0x88 ./Drivers/STM32F4xx_HAL_Driver/Src/stm32f4xx_hal_rcc.o
 .debug_aranges
                0x00000800      0x3d0 ./Drivers/STM32F4xx_HAL_Driver/Src/stm32f4xx_hal_tim.o
 .debug_aranges
                0x00000bd0      0x168 ./Drivers/STM32F4xx_HAL_Driver/Src/stm32f4xx_hal_tim_ex.o
 .debug_aranges
                0x00000d38      0x208 ./Drivers/STM32F4xx_HAL_Driver/Src/stm32f4xx_hal_uart.o

.debug_rnglists
                0x00000000      0xbf6
 .debug_rnglists
                0x00000000       0x41 ./Core/Src/main.o
 .debug_rnglists
                0x00000041      0x20c ./Core/Src/mainpp.o
 .debug_rnglists
                0x0000024d       0x32 ./Core/Src/stm32f4xx_hal_msp.o
 .debug_rnglists
                0x0000027f       0x61 ./Core/Src/stm32f4xx_it.o
 .debug_rnglists
                0x000002e0       0x13 ./Core/Src/sysmem.o
 .debug_rnglists
                0x000002f3       0x1a ./Core/Src/system_stm32f4xx.o
 .debug_rnglists
                0x0000030d       0x31 ./Core/Src/time.o
 .debug_rnglists
                0x0000033e       0x19 ./Core/Startup/startup_stm32f411vetx.o
 .debug_rnglists
                0x00000357       0xaf ./Drivers/STM32F4xx_HAL_Driver/Src/stm32f4xx_hal.o
 .debug_rnglists
                0x00000406       0xe0 ./Drivers/STM32F4xx_HAL_Driver/Src/stm32f4xx_hal_cortex.o
 .debug_rnglists
                0x000004e6       0x70 ./Drivers/STM32F4xx_HAL_Driver/Src/stm32f4xx_hal_dma.o
 .debug_rnglists
                0x00000556       0x3f ./Drivers/STM32F4xx_HAL_Driver/Src/stm32f4xx_hal_gpio.o
 .debug_rnglists
                0x00000595       0x66 ./Drivers/STM32F4xx_HAL_Driver/Src/stm32f4xx_hal_rcc.o
 .debug_rnglists
                0x000005fb      0x31a ./Drivers/STM32F4xx_HAL_Driver/Src/stm32f4xx_hal_tim.o
 .debug_rnglists
                0x00000915      0x125 ./Drivers/STM32F4xx_HAL_Driver/Src/stm32f4xx_hal_tim_ex.o
 .debug_rnglists
                0x00000a3a      0x1bc ./Drivers/STM32F4xx_HAL_Driver/Src/stm32f4xx_hal_uart.o

.debug_macro    0x00000000    0x1768f
 .debug_macro   0x00000000      0x36d ./Core/Src/main.o
 .debug_macro   0x0000036d      0x29b ./Core/Src/main.o
 .debug_macro   0x00000608       0x2e ./Core/Src/main.o
 .debug_macro   0x00000636       0x28 ./Core/Src/main.o
 .debug_macro   0x0000065e       0x8e ./Core/Src/main.o
 .debug_macro   0x000006ec       0x51 ./Core/Src/main.o
 .debug_macro   0x0000073d       0x1c ./Core/Src/main.o
 .debug_macro   0x00000759       0x22 ./Core/Src/main.o
 .debug_macro   0x0000077b       0xfb ./Core/Src/main.o
 .debug_macro   0x00000876     0x1011 ./Core/Src/main.o
 .debug_macro   0x00001887      0x11f ./Core/Src/main.o
 .debug_macro   0x000019a6     0xb953 ./Core/Src/main.o
 .debug_macro   0x0000d2f9       0x6d ./Core/Src/main.o
 .debug_macro   0x0000d366     0x369a ./Core/Src/main.o
 .debug_macro   0x00010a00       0x5c ./Core/Src/main.o
 .debug_macro   0x00010a5c      0x45c ./Core/Src/main.o
 .debug_macro   0x00010eb8      0x9e9 ./Core/Src/main.o
 .debug_macro   0x000118a1      0x115 ./Core/Src/main.o
 .debug_macro   0x000119b6      0x11b ./Core/Src/main.o
 .debug_macro   0x00011ad1       0xa5 ./Core/Src/main.o
 .debug_macro   0x00011b76      0x15f ./Core/Src/main.o
 .debug_macro   0x00011cd5      0x287 ./Core/Src/main.o
 .debug_macro   0x00011f5c       0x5f ./Core/Src/main.o
 .debug_macro   0x00011fbb      0x236 ./Core/Src/main.o
 .debug_macro   0x000121f1      0x132 ./Core/Src/main.o
 .debug_macro   0x00012323      0x264 ./Core/Src/main.o
 .debug_macro   0x00012587       0x2e ./Core/Src/main.o
 .debug_macro   0x000125b5      0x127 ./Core/Src/main.o
 .debug_macro   0x000126dc       0x85 ./Core/Src/main.o
 .debug_macro   0x00012761       0x89 ./Core/Src/main.o
 .debug_macro   0x000127ea      0x8ed ./Core/Src/main.o
 .debug_macro   0x000130d7       0x47 ./Core/Src/main.o
 .debug_macro   0x0001311e      0x2aa ./Core/Src/main.o
 .debug_macro   0x000133c8      0x126 ./Core/Src/main.o
 .debug_macro   0x000134ee       0x61 ./Core/Src/main.o
 .debug_macro   0x0001354f       0x16 ./Core/Src/main.o
 .debug_macro   0x00013565       0x10 ./Core/Src/main.o
 .debug_macro   0x00013575       0x16 ./Core/Src/main.o
 .debug_macro   0x0001358b       0x16 ./Core/Src/main.o
 .debug_macro   0x000135a1      0x138 ./Core/Src/main.o
 .debug_macro   0x000136d9       0x16 ./Core/Src/main.o
 .debug_macro   0x000136ef       0x20 ./Core/Src/main.o
 .debug_macro   0x0001370f       0x10 ./Core/Src/main.o
 .debug_macro   0x0001371f       0x1c ./Core/Src/main.o
 .debug_macro   0x0001373b       0xde ./Core/Src/main.o
 .debug_macro   0x00013819      0x45f ./Core/Src/mainpp.o
 .debug_macro   0x00013c78       0x10 ./Core/Src/mainpp.o
 .debug_macro   0x00013c88      0x3cd ./Core/Src/mainpp.o
 .debug_macro   0x00014055       0x10 ./Core/Src/mainpp.o
 .debug_macro   0x00014065       0x56 ./Core/Src/mainpp.o
 .debug_macro   0x000140bb      0x1d8 ./Core/Src/stm32f4xx_hal_msp.o
 .debug_macro   0x00014293      0xab4 ./Core/Src/stm32f4xx_hal_msp.o
 .debug_macro   0x00014d47     0x1011 ./Core/Src/stm32f4xx_hal_msp.o
 .debug_macro   0x00015d58      0x189 ./Core/Src/stm32f4xx_hal_msp.o
 .debug_macro   0x00015ee1      0x1e2 ./Core/Src/stm32f4xx_it.o
 .debug_macro   0x000160c3       0xff ./Core/Src/sysmem.o
 .debug_macro   0x000161c2      0x23c ./Core/Src/sysmem.o
 .debug_macro   0x000163fe      0x1ce ./Core/Src/system_stm32f4xx.o
 .debug_macro   0x000165cc      0x1c1 ./Core/Src/time.o
 .debug_macro   0x0001678d      0x22e ./Drivers/STM32F4xx_HAL_Driver/Src/stm32f4xx_hal.o
 .debug_macro   0x000169bb      0x1ce ./Drivers/STM32F4xx_HAL_Driver/Src/stm32f4xx_hal_cortex.o
 .debug_macro   0x00016b89      0x1d4 ./Drivers/STM32F4xx_HAL_Driver/Src/stm32f4xx_hal_dma.o
 .debug_macro   0x00016d5d      0x1d4 ./Drivers/STM32F4xx_HAL_Driver/Src/stm32f4xx_hal_gpio.o
 .debug_macro   0x00016f31      0x1f2 ./Drivers/STM32F4xx_HAL_Driver/Src/stm32f4xx_hal_rcc.o
 .debug_macro   0x00017123      0x1cf ./Drivers/STM32F4xx_HAL_Driver/Src/stm32f4xx_hal_tim.o
 .debug_macro   0x000172f2      0x1ce ./Drivers/STM32F4xx_HAL_Driver/Src/stm32f4xx_hal_tim_ex.o
 .debug_macro   0x000174c0      0x1cf ./Drivers/STM32F4xx_HAL_Driver/Src/stm32f4xx_hal_uart.o

.debug_line     0x00000000    0x11bc7
 .debug_line    0x00000000      0xe4a ./Core/Src/main.o
 .debug_line    0x00000e4a     0x2a7a ./Core/Src/mainpp.o
 .debug_line    0x000038c4      0x870 ./Core/Src/stm32f4xx_hal_msp.o
 .debug_line    0x00004134      0x885 ./Core/Src/stm32f4xx_it.o
 .debug_line    0x000049b9      0x57e ./Core/Src/sysmem.o
 .debug_line    0x00004f37      0x7cf ./Core/Src/system_stm32f4xx.o
 .debug_line    0x00005706      0xb6b ./Core/Src/time.o
 .debug_line    0x00006271       0x7a ./Core/Startup/startup_stm32f411vetx.o
 .debug_line    0x000062eb      0xa38 ./Drivers/STM32F4xx_HAL_Driver/Src/stm32f4xx_hal.o
 .debug_line    0x00006d23      0xd2a ./Drivers/STM32F4xx_HAL_Driver/Src/stm32f4xx_hal_cortex.o
 .debug_line    0x00007a4d      0xfa8 ./Drivers/STM32F4xx_HAL_Driver/Src/stm32f4xx_hal_dma.o
 .debug_line    0x000089f5      0xb88 ./Drivers/STM32F4xx_HAL_Driver/Src/stm32f4xx_hal_gpio.o
 .debug_line    0x0000957d      0xdc1 ./Drivers/STM32F4xx_HAL_Driver/Src/stm32f4xx_hal_rcc.o
 .debug_line    0x0000a33e     0x35b6 ./Drivers/STM32F4xx_HAL_Driver/Src/stm32f4xx_hal_tim.o
 .debug_line    0x0000d8f4     0x19c9 ./Drivers/STM32F4xx_HAL_Driver/Src/stm32f4xx_hal_tim_ex.o
 .debug_line    0x0000f2bd     0x290a ./Drivers/STM32F4xx_HAL_Driver/Src/stm32f4xx_hal_uart.o

.debug_str      0x00000000    0x94a4b
 .debug_str     0x00000000    0x8d621 ./Core/Src/main.o
                              0x8dc5c (size before relaxing)
 .debug_str     0x0008d621     0x42c3 ./Core/Src/mainpp.o
                              0x90dca (size before relaxing)
 .debug_str     0x000918e4      0x2c5 ./Core/Src/stm32f4xx_hal_msp.o
                              0x87cd0 (size before relaxing)
 .debug_str     0x00091ba9      0x173 ./Core/Src/stm32f4xx_it.o
                              0x874f7 (size before relaxing)
 .debug_str     0x00091d1c      0x534 ./Core/Src/sysmem.o
                               0x60e8 (size before relaxing)
 .debug_str     0x00092250       0xdb ./Core/Src/system_stm32f4xx.o
                              0x870e1 (size before relaxing)
 .debug_str     0x0009232b       0x71 ./Core/Src/time.o
                               0xa9e1 (size before relaxing)
 .debug_str     0x0009239c       0x44 ./Core/Startup/startup_stm32f411vetx.o
                                 0x9b (size before relaxing)
 .debug_str     0x000923e0      0x5a7 ./Drivers/STM32F4xx_HAL_Driver/Src/stm32f4xx_hal.o
                              0x87b0d (size before relaxing)
 .debug_str     0x00092987      0x358 ./Drivers/STM32F4xx_HAL_Driver/Src/stm32f4xx_hal_cortex.o
                              0x87877 (size before relaxing)
 .debug_str     0x00092cdf      0x2ee ./Drivers/STM32F4xx_HAL_Driver/Src/stm32f4xx_hal_dma.o
                              0x874e9 (size before relaxing)
 .debug_str     0x00092fcd       0xd7 ./Drivers/STM32F4xx_HAL_Driver/Src/stm32f4xx_hal_gpio.o
                              0x8725c (size before relaxing)
 .debug_str     0x000930a4      0x21d ./Drivers/STM32F4xx_HAL_Driver/Src/stm32f4xx_hal_rcc.o
                              0x87515 (size before relaxing)
 .debug_str     0x000932c1      0xd4f ./Drivers/STM32F4xx_HAL_Driver/Src/stm32f4xx_hal_tim.o
                              0x88459 (size before relaxing)
 .debug_str     0x00094010      0x493 ./Drivers/STM32F4xx_HAL_Driver/Src/stm32f4xx_hal_tim_ex.o
                              0x87c65 (size before relaxing)
 .debug_str     0x000944a3      0x5a8 ./Drivers/STM32F4xx_HAL_Driver/Src/stm32f4xx_hal_uart.o
                              0x87ae4 (size before relaxing)

.comment        0x00000000       0x43
 .comment       0x00000000       0x43 ./Core/Src/main.o
                                 0x44 (size before relaxing)
 .comment       0x00000043       0x44 ./Core/Src/mainpp.o
 .comment       0x00000043       0x44 ./Core/Src/stm32f4xx_hal_msp.o
 .comment       0x00000043       0x44 ./Core/Src/stm32f4xx_it.o