Archive member included to satisfy reference by file (symbol)

E:/Program_file/STM32CubeIDE_1.16.1/STM32CubeIDE/plugins/com.st.stm32cube.ide.mcu.externaltools.gnu-tools-for-stm32.12.3.rel1.win32_1.0.200.202406191623/tools/bin/../lib/gcc/arm-none-eabi/12.3.1/../../../../arm-none-eabi/lib/thumb/v7e-m+fp/hard\libc_nano.a(libc_a-exit.o)
                              E:/Program_file/STM32CubeIDE_1.16.1/STM32CubeIDE/plugins/com.st.stm32cube.ide.mcu.externaltools.gnu-tools-for-stm32.12.3.rel1.win32_1.0.200.202406191623/tools/bin/../lib/gcc/arm-none-eabi/12.3.1/../../../../arm-none-eabi/lib/thumb/v7e-m+fp/hard/crt0.o (exit)
E:/Program_file/STM32CubeIDE_1.16.1/STM32CubeIDE/plugins/com.st.stm32cube.ide.mcu.externaltools.gnu-tools-for-stm32.12.3.rel1.win32_1.0.200.202406191623/tools/bin/../lib/gcc/arm-none-eabi/12.3.1/../../../../arm-none-eabi/lib/thumb/v7e-m+fp/hard\libc_nano.a(libc_a-realloc.o)
                              ./Core/Src/mainpp.o (realloc)
E:/Program_file/STM32CubeIDE_1.16.1/STM32CubeIDE/plugins/com.st.stm32cube.ide.mcu.externaltools.gnu-tools-for-stm32.12.3.rel1.win32_1.0.200.202406191623/tools/bin/../lib/gcc/arm-none-eabi/12.3.1/../../../../arm-none-eabi/lib/thumb/v7e-m+fp/hard\libc_nano.a(libc_a-reallocr.o)
                              E:/Program_file/STM32CubeIDE_1.16.1/STM32CubeIDE/plugins/com.st.stm32cube.ide.mcu.externaltools.gnu-tools-for-stm32.12.3.rel1.win32_1.0.200.202406191623/tools/bin/../lib/gcc/arm-none-eabi/12.3.1/../../../../arm-none-eabi/lib/thumb/v7e-m+fp/hard\libc_nano.a(libc_a-realloc.o) (_realloc_r)
E:/Program_file/STM32CubeIDE_1.16.1/STM32CubeIDE/plugins/com.st.stm32cube.ide.mcu.externaltools.gnu-tools-for-stm32.12.3.rel1.win32_1.0.200.202406191623/tools/bin/../lib/gcc/arm-none-eabi/12.3.1/../../../../arm-none-eabi/lib/thumb/v7e-m+fp/hard\libc_nano.a(libc_a-findfp.o)
                              E:/Program_file/STM32CubeIDE_1.16.1/STM32CubeIDE/plugins/com.st.stm32cube.ide.mcu.externaltools.gnu-tools-for-stm32.12.3.rel1.win32_1.0.200.202406191623/tools/bin/../lib/gcc/arm-none-eabi/12.3.1/../../../../arm-none-eabi/lib/thumb/v7e-m+fp/hard\libc_nano.a(libc_a-exit.o) (__stdio_exit_handler)
E:/Program_file/STM32CubeIDE_1.16.1/STM32CubeIDE/plugins/com.st.stm32cube.ide.mcu.externaltools.gnu-tools-for-stm32.12.3.rel1.win32_1.0.200.202406191623/tools/bin/../lib/gcc/arm-none-eabi/12.3.1/../../../../arm-none-eabi/lib/thumb/v7e-m+fp/hard\libc_nano.a(libc_a-fwalk.o)
                              E:/Program_file/STM32CubeIDE_1.16.1/STM32CubeIDE/plugins/com.st.stm32cube.ide.mcu.externaltools.gnu-tools-for-stm32.12.3.rel1.win32_1.0.200.202406191623/tools/bin/../lib/gcc/arm-none-eabi/12.3.1/../../../../arm-none-eabi/lib/thumb/v7e-m+fp/hard\libc_nano.a(libc_a-findfp.o) (_fwalk_sglue)
E:/Program_file/STM32CubeIDE_1.16.1/STM32CubeIDE/plugins/com.st.stm32cube.ide.mcu.externaltools.gnu-tools-for-stm32.12.3.rel1.win32_1.0.200.202406191623/tools/bin/../lib/gcc/arm-none-eabi/12.3.1/../../../../arm-none-eabi/lib/thumb/v7e-m+fp/hard\libc_nano.a(libc_a-stdio.o)
                              E:/Program_file/STM32CubeIDE_1.16.1/STM32CubeIDE/plugins/com.st.stm32cube.ide.mcu.externaltools.gnu-tools-for-stm32.12.3.rel1.win32_1.0.200.202406191623/tools/bin/../lib/gcc/arm-none-eabi/12.3.1/../../../../arm-none-eabi/lib/thumb/v7e-m+fp/hard\libc_nano.a(libc_a-findfp.o) (__sread)
E:/Program_file/STM32CubeIDE_1.16.1/STM32CubeIDE/plugins/com.st.stm32cube.ide.mcu.externaltools.gnu-tools-for-stm32.12.3.rel1.win32_1.0.200.202406191623/tools/bin/../lib/gcc/arm-none-eabi/12.3.1/../../../../arm-none-eabi/lib/thumb/v7e-m+fp/hard\libc_nano.a(libc_a-memset.o)
                              E:/Program_file/STM32CubeIDE_1.16.1/STM32CubeIDE/plugins/com.st.stm32cube.ide.mcu.externaltools.gnu-tools-for-stm32.12.3.rel1.win32_1.0.200.202406191623/tools/bin/../lib/gcc/arm-none-eabi/12.3.1/../../../../arm-none-eabi/lib/thumb/v7e-m+fp/hard/crt0.o (memset)
E:/Program_file/STM32CubeIDE_1.16.1/STM32CubeIDE/plugins/com.st.stm32cube.ide.mcu.externaltools.gnu-tools-for-stm32.12.3.rel1.win32_1.0.200.202406191623/tools/bin/../lib/gcc/arm-none-eabi/12.3.1/../../../../arm-none-eabi/lib/thumb/v7e-m+fp/hard\libc_nano.a(libc_a-closer.o)
                              E:/Program_file/STM32CubeIDE_1.16.1/STM32CubeIDE/plugins/com.st.stm32cube.ide.mcu.externaltools.gnu-tools-for-stm32.12.3.rel1.win32_1.0.200.202406191623/tools/bin/../lib/gcc/arm-none-eabi/12.3.1/../../../../arm-none-eabi/lib/thumb/v7e-m+fp/hard\libc_nano.a(libc_a-stdio.o) (_close_r)
E:/Program_file/STM32CubeIDE_1.16.1/STM32CubeIDE/plugins/com.st.stm32cube.ide.mcu.externaltools.gnu-tools-for-stm32.12.3.rel1.win32_1.0.200.202406191623/tools/bin/../lib/gcc/arm-none-eabi/12.3.1/../../../../arm-none-eabi/lib/thumb/v7e-m+fp/hard\libc_nano.a(libc_a-reent.o)
[...]
Memory Configuration

Name             Origin             Length             Attributes
RAM              0x20000000         0x00020000         xrw
FLASH            0x08000000         0x00080000         xr
*default*        0x00000000         0xffffffff

Linker script and memory map

LOAD E:/Program_file/STM32CubeIDE_1.16.1/STM32CubeIDE/plugins/com.st.stm32cube.ide.mcu.externaltools.gnu-tools-for-stm32.12.3.rel1.win32_1.0.200.202406191623/tools/bin/../lib/gcc/arm-none-eabi/12.3.1/thumb/v7e-m+fp/hard/crti.o
LOAD E:/Program_file/STM32CubeIDE_1.16.1/STM32CubeIDE/plugins/com.st.stm32cube.ide.mcu.externaltools.gnu-tools-for-stm32.12.3.rel1.win32_1.0.200.202406191623/tools/bin/../lib/gcc/arm-none-eabi/12.3.1/thumb/v7e-m+fp/hard/crtbegin.o
LOAD E:/Program_file/STM32CubeIDE_1.16.1/STM32CubeIDE/plugins/com.st.stm32cube.ide.mcu.externaltools.gnu-tools-for-stm32.12.3.rel1.win32_1.0.200.202406191623/tools/bin/../lib/gcc/arm-none-eabi/12.3.1/../../../../arm-none-eabi/lib/thumb/v7e-m+fp/hard/crt0.o
LOAD ./Core/Src/duration.o
LOAD ./Core/Src/main.o
LOAD ./Core/Src/mainpp.o
LOAD ./Core/Src/stm32f4xx_hal_msp.o
LOAD ./Core/Src/stm32f4xx_it.o
LOAD ./Core/Src/syscalls.o
LOAD ./Core/Src/sysmem.o
LOAD ./Core/Src/system_stm32f4xx.o
LOAD ./Core/Src/time.o
LOAD ./Core/Startup/startup_stm32f411vetx.o
LOAD ./Drivers/STM32F4xx_HAL_Driver/Src/stm32f4xx_hal.o
LOAD ./Drivers/STM32F4xx_HAL_Driver/Src/stm32f4xx_hal_cortex.o
LOAD ./Drivers/STM32F4xx_HAL_Driver/Src/stm32f4xx_hal_dma.o
LOAD ./Drivers/STM32F4xx_HAL_Driver/Src/stm32f4xx_hal_dma_ex.o
LOAD ./Drivers/STM32F4xx_HAL_Driver/Src/stm32f4xx_hal_exti.o
LOAD ./Drivers/STM32F4xx_HAL_Driver/Src/stm32f4xx_hal_flash.o
LOAD ./Drivers/STM32F4xx_HAL_Driver/Src/stm32f4xx_hal_flash_ex.o
LOAD ./Drivers/STM32F4xx_HAL_Driver/Src/stm32f4xx_hal_flash_ramfunc.o
LOAD ./Drivers/STM32F4xx_HAL_Driver/Src/stm32f4xx_hal_gpio.o
LOAD ./Drivers/STM32F4xx_HAL_Driver/Src/stm32f4xx_hal_pwr.o
LOAD ./Drivers/STM32F4xx_HAL_Driver/Src/stm32f4xx_hal_pwr_ex.o
LOAD ./Drivers/STM32F4xx_HAL_Driver/Src/stm32f4xx_hal_rcc.o
LOAD ./Drivers/STM32F4xx_HAL_Driver/Src/stm32f4xx_hal_rcc_ex.o
LOAD ./Drivers/STM32F4xx_HAL_Driver/Src/stm32f4xx_hal_tim.o
LOAD ./Drivers/STM32F4xx_HAL_Driver/Src/stm32f4xx_hal_tim_ex.o
LOAD ./Drivers/STM32F4xx_HAL_Driver/Src/stm32f4xx_hal_uart.o
START GROUP
LOAD E:/Program_file/STM32CubeIDE_1.16.1/STM32CubeIDE/plugins/com.st.stm32cube.ide.mcu.externaltools.gnu-tools-for-stm32.12.3.rel1.win32_1.0.200.202406191623/tools/bin/../lib/gcc/arm-none-eabi/12.3.1/../../../../arm-none-eabi/lib/thumb/v7e-m+fp/hard\libstdc++_nano.a
LOAD E:/Program_file/STM32CubeIDE_1.16.1/STM32CubeIDE/plugins/com.st.stm32cube.ide.mcu.externaltools.gnu-tools-for-stm32.12.3.rel1.win32_1.0.200.202406191623/tools/bin/../lib/gcc/arm-none-eabi/12.3.1/../../../../arm-none-eabi/lib/thumb/v7e-m+fp/hard\libsupc++_nano.a
END GROUP
LOAD E:/Program_file/STM32CubeIDE_1.16.1/STM32CubeIDE/plugins/com.st.stm32cube.ide.mcu.externaltools.gnu-tools-for-stm32.12.3.rel1.win32_1.0.200.202406191623/tools/bin/../lib/gcc/arm-none-eabi/12.3.1/../../../../arm-none-eabi/lib/thumb/v7e-m+fp/hard\libstdc++_nano.a
LOAD E:/Program_file/STM32CubeIDE_1.16.1/STM32CubeIDE/plugins/com.st.stm32cube.ide.mcu.externaltools.gnu-tools-for-stm32.12.3.rel1.win32_1.0.200.202406191623/tools/bin/../lib/gcc/arm-none-eabi/12.3.1/../../../../arm-none-eabi/lib/thumb/v7e-m+fp/hard\libm.a
LOAD E:/Program_file/STM32CubeIDE_1.16.1/STM32CubeIDE/plugins/com.st.stm32cube.ide.mcu.externaltools.gnu-tools-for-stm32.12.3.rel1.win32_1.0.200.202406191623/tools/bin/../lib/gcc/arm-none-eabi/12.3.1/../../../../arm-none-eabi/lib/thumb/v7e-m+fp/hard\libc_nano.a
START GROUP
LOAD E:/Program_file/STM32CubeIDE_1.16.1/STM32CubeIDE/plugins/com.st.stm32cube.ide.mcu.externaltools.gnu-tools-for-stm32.12.3.rel1.win32_1.0.200.202406191623/tools/bin/../lib/gcc/arm-none-eabi/12.3.1/thumb/v7e-m+fp/hard\libgcc.a
LOAD E:/Program_file/STM32CubeIDE_1.16.1/STM32CubeIDE/plugins/com.st.stm32cube.ide.mcu.externaltools.gnu-tools-for-stm32.12.3.rel1.win32_1.0.200.202406191623/tools/bin/../lib/gcc/arm-none-eabi/12.3.1/../../../../arm-none-eabi/lib/thumb/v7e-m+fp/hard\libc_nano.a
END GROUP
START GROUP
LOAD E:/Program_file/STM32CubeIDE_1.16.1/STM32CubeIDE/plugins/com.st.stm32cube.ide.mcu.externaltools.gnu-tools-for-stm32.12.3.rel1.win32_1.0.200.202406191623/tools/bin/../lib/gcc/arm-none-eabi/12.3.1/thumb/v7e-m+fp/hard\libgcc.a
LOAD E:/Program_file/STM32CubeIDE_1.16.1/STM32CubeIDE/plugins/com.st.stm32cube.ide.mcu.externaltools.gnu-tools-for-stm32.12.3.rel1.win32_1.0.200.202406191623/tools/bin/../lib/gcc/arm-none-eabi/12.3.1/../../../../arm-none-eabi/lib/thumb/v7e-m+fp/hard\libc_nano.a
END GROUP
LOAD E:/Program_file/STM32CubeIDE_1.16.1/STM32CubeIDE/plugins/com.st.stm32cube.ide.mcu.externaltools.gnu-tools-for-stm32.12.3.rel1.win32_1.0.200.202406191623/tools/bin/../lib/gcc/arm-none-eabi/12.3.1/thumb/v7e-m+fp/hard/crtend.o
LOAD E:/Program_file/STM32CubeIDE_1.16.1/STM32CubeIDE/plugins/com.st.stm32cube.ide.mcu.externaltools.gnu-tools-for-stm32.12.3.rel1.win32_1.0.200.202406191623/tools/bin/../lib/gcc/arm-none-eabi/12.3.1/thumb/v7e-m+fp/hard/crtn.o
                0x20020000                        _estack = (ORIGIN (RAM) + LENGTH (RAM))
                0x00000200                        _Min_Heap_Size = 0x200
                0x00000400                        _Min_Stack_Size = 0x400

.isr_vector     0x08000000      0x198
                0x08000000                        . = ALIGN (0x4)
 *(.isr_vector)
 .isr_vector    0x08000000      0x198 ./Core/Startup/startup_stm32f411vetx.o
                0x08000000                g_pfnVectors
                0x08000198                        . = ALIGN (0x4)

.text           0x08000198     0x8b90
                0x08000198                        . = ALIGN (0x4)
 *(.text)
 .text          0x08000198       0x40 E:/Program_file/STM32CubeIDE_1.16.1/STM32CubeIDE/plugins/com.st.stm32cube.ide.mcu.externaltools.gnu-tools-for-stm32.12.3.rel1.win32_1.0.200.202406191623/tools/bin/../lib/gcc/arm-none-eabi/12.3.1/thumb/v7e-m+fp/hard/crtbegin.o
 .text          0x080001d8       0x10 E:/Program_file/STM32CubeIDE_1.16.1/STM32CubeIDE/plugins/com.st.stm32cube.ide.mcu.externaltools.gnu-tools-for-stm32.12.3.rel1.win32_1.0.200.202406191623/tools/bin/../lib/gcc/arm-none-eabi/12.3.1/../../../../arm-none-eabi/lib/thumb/v7e-m+fp/hard\libc_nano.a(libc_a-strlen.o)
                0x080001d8                strlen
 .text          0x080001e8      0x378 E:/Program_file/STM32CubeIDE_1.16.1/STM32CubeIDE/plugins/com.st.stm32cube.ide.mcu.externaltools.gnu-tools-for-stm32.12.3.rel1.win32_1.0.200.202406191623/tools/bin/../lib/gcc/arm-none-eabi/12.3.1/thumb/v7e-m+fp/hard\libgcc.a(_arm_addsubdf3.o)
                0x080001e8                __aeabi_drsub
                0x080001f0                __aeabi_dsub
                0x080001f0                __subdf3
                0x080001f4                __aeabi_dadd
                0x080001f4                __adddf3
                0x0800046c                __floatunsidf
                0x0800046c                __aeabi_ui2d
                0x0800048c                __floatsidf
                0x0800048c                __aeabi_i2d
                0x080004b0                __aeabi_f2d
                0x080004b0                __extendsfdf2
                0x080004f4                __floatundidf
                0x080004f4                __aeabi_ul2d
                0x08000504                __floatdidf
                0x08000504                __aeabi_l2d
 .text          0x08000560      0x424 E:/Program_file/STM32CubeIDE_1.16.1/STM32CubeIDE/plugins/com.st.stm32cube.ide.mcu.externaltools.gnu-tools-for-stm32.12.3.rel1.win32_1.0.200.202406191623/tools/bin/../lib/gcc/arm-none-eabi/12.3.1/thumb/v7e-m+fp/hard\libgcc.a(_arm_muldivdf3.o)
                0x08000560                __aeabi_dmul
                0x08000560                __muldf3
                0x080007b4                __divdf3
                0x080007b4                __aeabi_ddiv
 .text          0x08000984      0x110 E:/Program_file/STM32CubeIDE_1.16.1/STM32CubeIDE/plugins/com.st.stm32cube.ide.mcu.externaltools.gnu-tools-for-stm32.12.3.rel1.win32_1.0.200.202406191623/tools/bin/../lib/gcc/arm-none-eabi/12.3.1/thumb/v7e-m+fp/hard\libgcc.a(_arm_cmpdf2.o)
                0x08000984                __gtdf2
                0x08000984                __gedf2
                0x0800098c                __ltdf2
                0x0800098c                __ledf2
                0x08000994                __nedf2
                0x08000994                __eqdf2
                0x08000994                __cmpdf2
                0x08000a10                __aeabi_cdrcmple
                0x08000a20                __aeabi_cdcmpeq
                0x08000a20                __aeabi_cdcmple
                0x08000a30                __aeabi_dcmpeq
                0x08000a44                __aeabi_dcmplt
                0x08000a58                __aeabi_dcmple
                0x08000a6c                __aeabi_dcmpge
                0x08000a80                __aeabi_dcmpgt
 .text          0x08000a94       0x50 E:/Program_file/STM32CubeIDE_1.16.1/STM32CubeIDE/plugins/com.st.stm32cube.ide.mcu.externaltools.gnu-tools-for-stm32.12.3.rel1.win32_1.0.200.202406191623/tools/bin/../lib/gcc/arm-none-eabi/12.3.1/thumb/v7e-m+fp/hard\libgcc.a(_arm_fixdfsi.o)
                0x08000a94                __aeabi_d2iz
                0x08000a94                __fixdfsi
 .text          0x08000ae4       0xa0 E:/Program_file/STM32CubeIDE_1.16.1/STM32CubeIDE/plugins/com.st.stm32cube.ide.mcu.externaltools.gnu-tools-for-stm32.12.3.rel1.win32_1.0.200.202406191623/tools/bin/../lib/gcc/arm-none-eabi/12.3.1/thumb/v7e-m+fp/hard\libgcc.a(_arm_truncdfsf2.o)
                0x08000ae4                __truncdfsf2
                0x08000ae4                __aeabi_d2f
 .text          0x08000b84       0x30 E:/Program_file/STM32CubeIDE_1.16.1/STM32CubeIDE/plugins/com.st.stm32cube.ide.mcu.externaltools.gnu-tools-for-stm32.12.3.rel1.win32_1.0.200.202406191623/tools/bin/../lib/gcc/arm-none-eabi/12.3.1/thumb/v7e-m+fp/hard\libgcc.a(_aeabi_uldivmod.o)
                0x08000b84                __aeabi_uldivmod
 .text          0x08000bb4      0x2bc E:/Program_file/STM32CubeIDE_1.16.1/STM32CubeIDE/plugins/com.st.stm32cube.ide.mcu.externaltools.gnu-tools-for-stm32.12.3.rel1.win32_1.0.200.202406191623/tools/bin/../lib/gcc/arm-none-eabi/12.3.1/thumb/v7e-m+fp/hard\libgcc.a(_udivmoddi4.o)
                0x08000bb4                __udivmoddi4
 .text          0x08000e70        0x4 E:/Program_file/STM32CubeIDE_1.16.1/STM32CubeIDE/plugins/com.st.stm32cube.ide.mcu.externaltools.gnu-tools-for-stm32.12.3.rel1.win32_1.0.200.202406191623/tools/bin/../lib/gcc/arm-none-eabi/12.3.1/thumb/v7e-m+fp/hard\libgcc.a(_dvmd_tls.o)
                0x08000e70                __aeabi_idiv0
                0x08000e70                __aeabi_ldiv0
 *(.text*)
 .text.main     0x08000e74       0x58 ./Core/Src/main.o
                0x08000e74                main
 .text._Z18SystemClock_Configv
                0x08000ecc       0xe4 ./Core/Src/main.o
                0x08000ecc                SystemClock_Config()
 .text._ZL12MX_TIM1_Initv
                0x08000fb0       0xc0 ./Core/Src/main.o
 .text._ZL12MX_TIM2_Initv
                0x08001070      0x17c ./Core/Src/main.o
 .text._ZL19MX_USART2_UART_Initv
                0x080011ec       0x5c ./Core/Src/main.o
 .text._ZL11MX_DMA_Initv
                0x08001248       0x50 ./Core/Src/main.o
 .text._ZL12MX_GPIO_Initv
                0x08001298      0x138 ./Core/Src/main.o
 .text.Error_Handler
                0x080013d0        0xc ./Core/Src/main.o
                0x080013d0                Error_Handler
 .text._ZSt3absd
                0x080013dc       0x28 ./Core/Src/mainpp.o
                0x080013dc                std::abs(double)
 .text._ZSt4fabsf
                0x08001404       0x20 ./Core/Src/mainpp.o
                0x08001404                std::fabs(float)
 .text._ZN3ros4TimeC2Ev
                0x08001424       0x22 ./Core/Src/mainpp.o
                0x08001424                ros::Time::Time()
                0x08001424                ros::Time::Time()
 *fill*         0x08001446        0x2 
 .text._ZN3ros3MsgC2Ev
                0x08001448       0x20 ./Core/Src/mainpp.o
                0x08001448                ros::Msg::Msg()
                0x08001448                ros::Msg::Msg()
 .text._ZN8std_msgs4TimeC2Ev
                0x08001468       0x30 ./Core/Src/mainpp.o
                0x08001468                std_msgs::Time::Time()
                0x08001468                std_msgs::Time::Time()
 .text._ZNK8std_msgs4Time9serializeEPh
                0x08001498       0xb0 ./Core/Src/mainpp.o
                0x08001498                std_msgs::Time::serialize(unsigned char*) const
 .text._ZN8std_msgs4Time11deserializeEPh
                0x08001548       0xc8 ./Core/Src/mainpp.o
                0x08001548                std_msgs::Time::deserialize(unsigned char*)
 .text._ZN8std_msgs4Time7getTypeEv
                0x08001610       0x1c ./Core/Src/mainpp.o
                0x08001610                std_msgs::Time::getType()
 .text._ZN8std_msgs4Time6getMD5Ev
                0x0800162c       0x1c ./Core/Src/mainpp.o
                0x0800162c                std_msgs::Time::getMD5()
 .text._ZN14rosserial_msgs9TopicInfoC2Ev
                0x08001648       0x48 ./Core/Src/mainpp.o
                0x08001648                rosserial_msgs::TopicInfo::TopicInfo()
                0x08001648                rosserial_msgs::TopicInfo::TopicInfo()
 .text._ZNK14rosserial_msgs9TopicInfo9serializeEPh
                0x08001690      0x136 ./Core/Src/mainpp.o
                0x08001690                rosserial_msgs::TopicInfo::serialize(unsigned char*) const
 .text._ZN14rosserial_msgs9TopicInfo11deserializeEPh
                0x080017c6      0x1d0 ./Core/Src/mainpp.o
                0x080017c6                rosserial_msgs::TopicInfo::deserialize(unsigned char*)
 *fill*         0x08001996        0x2 
 .text._ZN14rosserial_msgs9TopicInfo7getTypeEv
                0x08001998       0x1c ./Core/Src/mainpp.o
                0x08001998                rosserial_msgs::TopicInfo::getType()
 .text._ZN14rosserial_msgs9TopicInfo6getMD5Ev
                0x080019b4       0x1c ./Core/Src/mainpp.o
                0x080019b4                rosserial_msgs::TopicInfo::getMD5()
 .text._ZN14rosserial_msgs3LogC2Ev
                0x080019d0       0x34 ./Core/Src/mainpp.o
                0x080019d0                rosserial_msgs::Log::Log()
                0x080019d0                rosserial_msgs::Log::Log()
 .text._ZNK14rosserial_msgs3Log9serializeEPh
                0x08001a04       0x64 ./Core/Src/mainpp.o
                0x08001a04                rosserial_msgs::Log::serialize(unsigned char*) const
 .text._ZN14rosserial_msgs3Log11deserializeEPh
                0x08001a68       0x90 ./Core/Src/mainpp.o
                0x08001a68                rosserial_msgs::Log::deserialize(unsigned char*)
 .text._ZN14rosserial_msgs3Log7getTypeEv
                0x08001af8       0x1c ./Core/Src/mainpp.o
                0x08001af8                rosserial_msgs::Log::getType()
 .text._ZN14rosserial_msgs3Log6getMD5Ev
                0x08001b14       0x1c ./Core/Src/mainpp.o
                0x08001b14                rosserial_msgs::Log::getMD5()
 .text._ZN14rosserial_msgs20RequestParamResponseC2Ev
                0x08001b30       0x5c ./Core/Src/mainpp.o
                0x08001b30                rosserial_msgs::RequestParamResponse::RequestParamResponse()
                0x08001b30                rosserial_msgs::RequestParamResponse::RequestParamResponse()
 .text._ZNK14rosserial_msgs20RequestParamResponse9serializeEPh
                0x08001b8c      0x222 ./Core/Src/mainpp.o
                0x08001b8c                rosserial_msgs::RequestParamResponse::serialize(unsigned char*) const
 .text._ZN14rosserial_msgs20RequestParamResponse11deserializeEPh
                0x08001dae      0x2e2 ./Core/Src/mainpp.o
                0x08001dae                rosserial_msgs::RequestParamResponse::deserialize(unsigned char*)
 .text._ZN14rosserial_msgs20RequestParamResponse7getTypeEv
                0x08002090       0x1c ./Core/Src/mainpp.o
                0x08002090                rosserial_msgs::RequestParamResponse::getType()
 .text._ZN14rosserial_msgs20RequestParamResponse6getMD5Ev
                0x080020ac       0x1c ./Core/Src/mainpp.o
                0x080020ac                rosserial_msgs::RequestParamResponse::getMD5()
 .text._ZN3ros9PublisherC2EPKcPNS_3MsgEi
                0x080020c8       0x2e ./Core/Src/mainpp.o
                0x080020c8                ros::Publisher::Publisher(char const*, ros::Msg*, int)
                0x080020c8                ros::Publisher::Publisher(char const*, ros::Msg*, int)
 .text._ZN3ros9Publisher7publishEPKNS_3MsgE
                0x080020f6       0x28 ./Core/Src/mainpp.o
                0x080020f6                ros::Publisher::publish(ros::Msg const*)
 .text._ZN3ros9Publisher15getEndpointTypeEv
                0x0800211e       0x18 ./Core/Src/mainpp.o
                0x0800211e                ros::Publisher::getEndpointType()
 .text._ZN13STM32Hardware10getRdmaIndEv
                0x08002136       0x26 ./Core/Src/mainpp.o
                0x08002136                STM32Hardware::getRdmaInd()
 .text._ZN13STM32HardwareC2Ev
                0x0800215c       0x38 ./Core/Src/mainpp.o
                0x0800215c                STM32Hardware::STM32Hardware()
                0x0800215c                STM32Hardware::STM32Hardware()
 .text._ZN13STM32Hardware4initEv
                0x08002194       0x16 ./Core/Src/mainpp.o
                0x08002194                STM32Hardware::init()
 .text._ZN13STM32Hardware10reset_rbufEv
                0x080021aa       0x22 ./Core/Src/mainpp.o
                0x080021aa                STM32Hardware::reset_rbuf()
 .text._ZN13STM32Hardware4readEv
                0x080021cc       0x5a ./Core/Src/mainpp.o
                0x080021cc                STM32Hardware::read()
 *fill*         0x08002226        0x2 
 .text._ZN13STM32Hardware5flushEv
                0x08002228       0xbc ./Core/Src/mainpp.o
                0x08002228                STM32Hardware::flush()
 .text._ZN13STM32Hardware5writeEPhi
                0x080022e4       0x8c ./Core/Src/mainpp.o
                0x080022e4                STM32Hardware::write(unsigned char*, int)
 .text._ZN13STM32Hardware4timeEv
                0x08002370       0x16 ./Core/Src/mainpp.o
                0x08002370                STM32Hardware::time()
 *fill*         0x08002386        0x2 
 .text._ZN8std_msgs5Int16C2Ev
                0x08002388       0x2c ./Core/Src/mainpp.o
                0x08002388                std_msgs::Int16::Int16()
                0x08002388                std_msgs::Int16::Int16()
 .text._ZNK8std_msgs5Int169serializeEPh
                0x080023b4       0x48 ./Core/Src/mainpp.o
                0x080023b4                std_msgs::Int16::serialize(unsigned char*) const
 .text._ZN8std_msgs5Int1611deserializeEPh
                0x080023fc       0x58 ./Core/Src/mainpp.o
                0x080023fc                std_msgs::Int16::deserialize(unsigned char*)
 .text._ZN8std_msgs5Int167getTypeEv
                0x08002454       0x1c ./Core/Src/mainpp.o
                0x08002454                std_msgs::Int16::getType()
 .text._ZN8std_msgs5Int166getMD5Ev
                0x08002470       0x1c ./Core/Src/mainpp.o
                0x08002470                std_msgs::Int16::getMD5()
 .text._ZN8std_msgs7Float64C2Ev
                0x0800248c       0x34 ./Core/Src/mainpp.o
                0x0800248c                std_msgs::Float64::Float64()
                0x0800248c                std_msgs::Float64::Float64()
 .text._ZNK8std_msgs7Float649serializeEPh
                0x080024c0      0x10a ./Core/Src/mainpp.o
                0x080024c0                std_msgs::Float64::serialize(unsigned char*) const
 .text._ZN8std_msgs7Float6411deserializeEPh
                0x080025ca      0x206 ./Core/Src/mainpp.o
                0x080025ca                std_msgs::Float64::deserialize(unsigned char*)
 .text._ZN8std_msgs7Float647getTypeEv
                0x080027d0       0x1c ./Core/Src/mainpp.o
                0x080027d0                std_msgs::Float64::getType()
 .text._ZN8std_msgs7Float646getMD5Ev
                0x080027ec       0x1c ./Core/Src/mainpp.o
                0x080027ec                std_msgs::Float64::getMD5()
 .text._ZN13geometry_msgs7Vector3C2Ev
                0x08002808       0x50 ./Core/Src/mainpp.o
                0x08002808                geometry_msgs::Vector3::Vector3()
                0x08002808                geometry_msgs::Vector3::Vector3()
 .text._ZNK13geometry_msgs7Vector39serializeEPh
                0x08002858      0x2e6 ./Core/Src/mainpp.o
                0x08002858                geometry_msgs::Vector3::serialize(unsigned char*) const
 .text._ZN13geometry_msgs7Vector311deserializeEPh
                0x08002b3e      0x6be ./Core/Src/mainpp.o
                0x08002b3e                geometry_msgs::Vector3::deserialize(unsigned char*)
 .text._ZN13geometry_msgs7Vector37getTypeEv
                0x080031fc       0x1c ./Core/Src/mainpp.o
                0x080031fc                geometry_msgs::Vector3::getType()
 .text._ZN13geometry_msgs7Vector36getMD5Ev
                0x08003218       0x1c ./Core/Src/mainpp.o
                0x08003218                geometry_msgs::Vector3::getMD5()
 .text._ZN13geometry_msgs5TwistC2Ev
                0x08003234       0x38 ./Core/Src/mainpp.o
                0x08003234                geometry_msgs::Twist::Twist()
                0x08003234                geometry_msgs::Twist::Twist()
 .text._ZNK13geometry_msgs5Twist9serializeEPh
                0x0800326c       0x4c ./Core/Src/mainpp.o
                0x0800326c                geometry_msgs::Twist::serialize(unsigned char*) const
 .text._ZN13geometry_msgs5Twist11deserializeEPh
                0x080032b8       0x4c ./Core/Src/mainpp.o
                0x080032b8                geometry_msgs::Twist::deserialize(unsigned char*)
 .text._ZN13geometry_msgs5Twist7getTypeEv
                0x08003304       0x1c ./Core/Src/mainpp.o
                0x08003304                geometry_msgs::Twist::getType()
 .text._ZN13geometry_msgs5Twist6getMD5Ev
                0x08003320       0x1c ./Core/Src/mainpp.o
                0x08003320                geometry_msgs::Twist::getMD5()
 .text._ZN3ros15NodeHandleBase_C2Ev
                0x0800333c       0x20 ./Core/Src/mainpp.o
                0x0800333c                ros::NodeHandleBase_::NodeHandleBase_()
                0x0800333c                ros::NodeHandleBase_::NodeHandleBase_()
 .text._ZN3ros11NodeHandle_I13STM32HardwareLi25ELi25ELi512ELi512EEC2Ev
                0x0800335c       0xf0 ./Core/Src/mainpp.o
                0x0800335c                ros::NodeHandle_<STM32Hardware, 25, 25, 512, 512>::NodeHandle_()
                0x0800335c                ros::NodeHandle_<STM32Hardware, 25, 25, 512, 512>::NodeHandle_()
 .text.HAL_UART_TxCpltCallback
                0x0800344c       0x24 ./Core/Src/mainpp.o
                0x0800344c                HAL_UART_TxCpltCallback
 .text.HAL_UART_RxCpltCallback
                0x08003470       0x24 ./Core/Src/mainpp.o
                0x08003470                HAL_UART_RxCpltCallback
 .text.HAL_GPIO_EXTI_Callback
                0x08003494      0x15c ./Core/Src/mainpp.o
                0x08003494                HAL_GPIO_EXTI_Callback
 .text._Z19calc_vel_left_wheelv
                0x080035f0      0x124 ./Core/Src/mainpp.o
                0x080035f0                calc_vel_left_wheel()
 *fill*         0x08003714        0x4 
 .text._Z20calc_vel_right_wheelv
                0x08003718      0x124 ./Core/Src/mainpp.o
                0x08003718                calc_vel_right_wheel()
 .text._Z13robot_forwardii
                0x0800383c       0x36 ./Core/Src/mainpp.o
                0x0800383c                robot_forward(int, int)
 .text._Z14robot_backwardii
                0x08003872       0x36 ./Core/Src/mainpp.o
                0x08003872                robot_backward(int, int)
 .text._Z14robot_turnleftii
                0x080038a8       0x36 ./Core/Src/mainpp.o
                0x080038a8                robot_turnleft(int, int)
 .text._Z15robot_turnrightii
                0x080038de       0x36 ./Core/Src/mainpp.o
                0x080038de                robot_turnright(int, int)
 .text._Z10robot_stopv
                0x08003914       0x2e ./Core/Src/mainpp.o
                0x08003914                robot_stop()
 *fill*         0x08003942        0x2 
 .text._Z21calc_left_wheel_queryRKN8std_msgs5Int16E
                0x08003944       0x5c ./Core/Src/mainpp.o
                0x08003944                calc_left_wheel_query(std_msgs::Int16 const&)
 .text._Z22calc_right_wheel_queryRKN8std_msgs5Int16E
                0x080039a0       0x5c ./Core/Src/mainpp.o
                0x080039a0                calc_right_wheel_query(std_msgs::Int16 const&)
 .text._Z8gain_dirii
                0x080039fc       0x88 ./Core/Src/mainpp.o
                0x080039fc                gain_dir(int, int)
 .text._Z14set_pwm_valuesidd
                0x08003a84      0x21c ./Core/Src/mainpp.o
                0x08003a84                set_pwm_values(int, double, double)
 .text.setup    0x08003ca0       0x6c ./Core/Src/mainpp.o
                0x08003ca0                setup
 *fill*         0x08003d0c        0x4 
 .text.loop     0x08003d10      0x48c ./Core/Src/mainpp.o
                0x08003d10                loop
 .text._ZN3ros3Msg8varToArrIPhmEEvT_T0_
                0x0800419c       0x3e ./Core/Src/mainpp.o
                0x0800419c                void ros::Msg::varToArr<unsigned char*, unsigned long>(unsigned char*, unsigned long)
 .text._ZN3ros3Msg8arrToVarImPhEEvRT_T0_
                0x080041da       0x4c ./Core/Src/mainpp.o
                0x080041da                void ros::Msg::arrToVar<unsigned long, unsigned char*>(unsigned long&, unsigned char*)
 .text._ZN3ros11NodeHandle_I13STM32HardwareLi25ELi25ELi512ELi512EE11getHardwareEv
                0x08004226       0x18 ./Core/Src/mainpp.o
                0x08004226                ros::NodeHandle_<STM32Hardware, 25, 25, 512, 512>::getHardware()
 *fill*         0x0800423e        0x2 
 .text._ZN3ros11Subscriber_C2Ev
                0x08004240       0x20 ./Core/Src/mainpp.o
                0x08004240                ros::Subscriber_::Subscriber_()
                0x08004240                ros::Subscriber_::Subscriber_()
 .text._ZN3ros10SubscriberIN8std_msgs5Int16EvEC2EPKcPFvRKS2_Ei
                0x08004260       0x48 ./Core/Src/mainpp.o
                0x08004260                ros::Subscriber<std_msgs::Int16, void>::Subscriber(char const*, void (*)(std_msgs::Int16 const&), int)
                0x08004260                ros::Subscriber<std_msgs::Int16, void>::Subscriber(char const*, void (*)(std_msgs::Int16 const&), int)
 .text._ZN3ros11NodeHandle_I13STM32HardwareLi25ELi25ELi512ELi512EE8initNodeEv
                0x080042a8       0x3a ./Core/Src/mainpp.o
                0x080042a8                ros::NodeHandle_<STM32Hardware, 25, 25, 512, 512>::initNode()
 .text._ZN3ros11NodeHandle_I13STM32HardwareLi25ELi25ELi512ELi512EE9advertiseERNS_9PublisherE
                0x080042e2       0x60 ./Core/Src/mainpp.o
                0x080042e2                ros::NodeHandle_<STM32Hardware, 25, 25, 512, 512>::advertise(ros::Publisher&)
 .text._ZN3ros11NodeHandle_I13STM32HardwareLi25ELi25ELi512ELi512EE9subscribeERNS_11Subscriber_E
                0x08004342       0x56 ./Core/Src/mainpp.o
                0x08004342                ros::NodeHandle_<STM32Hardware, 25, 25, 512, 512>::subscribe(ros::Subscriber_&)
 .text._ZN3ros11NodeHandle_I13STM32HardwareLi25ELi25ELi512ELi512EE8spinOnceEv
                0x08004398      0x3b2 ./Core/Src/mainpp.o
                0x08004398                ros::NodeHandle_<STM32Hardware, 25, 25, 512, 512>::spinOnce()
 .text._ZN3ros11NodeHandle_I13STM32HardwareLi25ELi25ELi512ELi512EE15requestSyncTimeEv
                0x0800474a       0x3c ./Core/Src/mainpp.o
                0x0800474a                ros::NodeHandle_<STM32Hardware, 25, 25, 512, 512>::requestSyncTime()
 .text._ZN3ros11NodeHandle_I13STM32HardwareLi25ELi25ELi512ELi512EE15negotiateTopicsEv
                0x08004786      0x1be ./Core/Src/mainpp.o
                0x08004786                ros::NodeHandle_<STM32Hardware, 25, 25, 512, 512>::negotiateTopics()
 .text._ZN3ros11NodeHandle_I13STM32HardwareLi25ELi25ELi512ELi512EE8syncTimeEPh
                0x08004944       0x98 ./Core/Src/mainpp.o
                0x08004944                ros::NodeHandle_<STM32Hardware, 25, 25, 512, 512>::syncTime(unsigned char*)
 .text._ZN3ros11NodeHandle_I13STM32HardwareLi25ELi25ELi512ELi512EE7publishEiPKNS_3MsgE
                0x080049dc      0x128 ./Core/Src/mainpp.o
                0x080049dc                ros::NodeHandle_<STM32Hardware, 25, 25, 512, 512>::publish(int, ros::Msg const*)
 .text._ZN3ros11NodeHandle_I13STM32HardwareLi25ELi25ELi512ELi512EE6setNowERKNS_4TimeE
                0x08004b04       0x80 ./Core/Src/mainpp.o
                0x08004b04                ros::NodeHandle_<STM32Hardware, 25, 25, 512, 512>::setNow(ros::Time const&)
 .text._ZN3ros11NodeHandle_I13STM32HardwareLi25ELi25ELi512ELi512EE8logerrorEPKc
                0x08004b84       0x1c ./Core/Src/mainpp.o
                0x08004b84                ros::NodeHandle_<STM32Hardware, 25, 25, 512, 512>::logerror(char const*)
 .text._ZN3ros11NodeHandle_I13STM32HardwareLi25ELi25ELi512ELi512EE3logEcPKc
                0x08004ba0       0x38 ./Core/Src/mainpp.o
                0x08004ba0                ros::NodeHandle_<STM32Hardware, 25, 25, 512, 512>::log(char, char const*)
 .text._Z41__static_initialization_and_destruction_0ii
                0x08004bd8       0xf4 ./Core/Src/mainpp.o
 .text._ZN3ros10SubscriberIN8std_msgs5Int16EvE8callbackEPh
                0x08004ccc       0x2a ./Core/Src/mainpp.o
                0x08004ccc                ros::Subscriber<std_msgs::Int16, void>::callback(unsigned char*)
 .text._ZN3ros10SubscriberIN8std_msgs5Int16EvE15getEndpointTypeEv
                0x08004cf6       0x18 ./Core/Src/mainpp.o
                0x08004cf6                ros::Subscriber<std_msgs::Int16, void>::getEndpointType()
 .text._ZN3ros10SubscriberIN8std_msgs5Int16EvE10getMsgTypeEv
                0x08004d0e       0x1c ./Core/Src/mainpp.o
                0x08004d0e                ros::Subscriber<std_msgs::Int16, void>::getMsgType()
 .text._ZN3ros10SubscriberIN8std_msgs5Int16EvE9getMsgMD5Ev
                0x08004d2a       0x1c ./Core/Src/mainpp.o
                0x08004d2a                ros::Subscriber<std_msgs::Int16, void>::getMsgMD5()
 .text._ZN3ros11NodeHandle_I13STM32HardwareLi25ELi25ELi512ELi512EE9connectedEv
                0x08004d46       0x1a ./Core/Src/mainpp.o
                0x08004d46                ros::NodeHandle_<STM32Hardware, 25, 25, 512, 512>::connected()
 .text._GLOBAL__sub_I_nh
                0x08004d60       0x10 ./Core/Src/mainpp.o
 .text.HAL_MspInit
                0x08004d70       0x50 ./Core/Src/stm32f4xx_hal_msp.o
                0x08004d70                HAL_MspInit
 .text.HAL_TIM_Base_MspInit
                0x08004dc0       0x6c ./Core/Src/stm32f4xx_hal_msp.o
                0x08004dc0                HAL_TIM_Base_MspInit
 .text.HAL_TIM_MspPostInit
                0x08004e2c       0x70 ./Core/Src/stm32f4xx_hal_msp.o
                0x08004e2c                HAL_TIM_MspPostInit
 .text.HAL_UART_MspInit
                0x08004e9c      0x16c ./Core/Src/stm32f4xx_hal_msp.o
                0x08004e9c                HAL_UART_MspInit
 .text.NMI_Handler
                0x08005008        0x8 ./Core/Src/stm32f4xx_it.o
                0x08005008                NMI_Handler
 .text.HardFault_Handler
                0x08005010        0x8 ./Core/Src/stm32f4xx_it.o
                0x08005010                HardFault_Handler
 .text.MemManage_Handler
                0x08005018        0x8 ./Core/Src/stm32f4xx_it.o
                0x08005018                MemManage_Handler
 .text.BusFault_Handler
                0x08005020        0x8 ./Core/Src/stm32f4xx_it.o
                0x08005020                BusFault_Handler
 .text.UsageFault_Handler
                0x08005028        0x8 ./Core/Src/stm32f4xx_it.o
                0x08005028                UsageFault_Handler
 .text.SVC_Handler
                0x08005030        0xe ./Core/Src/stm32f4xx_it.o
                0x08005030                SVC_Handler
 .text.DebugMon_Handler
                0x0800503e        0xe ./Core/Src/stm32f4xx_it.o
                0x0800503e                DebugMon_Handler
 .text.PendSV_Handler
                0x0800504c        0xe ./Core/Src/stm32f4xx_it.o
                0x0800504c                PendSV_Handler
 .text.SysTick_Handler
                0x0800505a        0xc ./Core/Src/stm32f4xx_it.o
                0x0800505a                SysTick_Handler
 *fill*         0x08005066        0x2 
 .text.DMA1_Stream5_IRQHandler
                0x08005068       0x14 ./Core/Src/stm32f4xx_it.o
                0x08005068                DMA1_Stream5_IRQHandler
 .text.DMA1_Stream6_IRQHandler
                0x0800507c       0x14 ./Core/Src/stm32f4xx_it.o
                0x0800507c                DMA1_Stream6_IRQHandler
 .text.EXTI9_5_IRQHandler
                0x08005090       0x10 ./Core/Src/stm32f4xx_it.o
                0x08005090                EXTI9_5_IRQHandler
 .text.USART2_IRQHandler
                0x080050a0       0x14 ./Core/Src/stm32f4xx_it.o
                0x080050a0                USART2_IRQHandler
 .text.EXTI15_10_IRQHandler
                0x080050b4       0x10 ./Core/Src/stm32f4xx_it.o
                0x080050b4                EXTI15_10_IRQHandler
 .text._sbrk    0x080050c4       0x6c ./Core/Src/sysmem.o
                0x080050c4                _sbrk
 .text.SystemInit
                0x08005130       0x24 ./Core/Src/system_stm32f4xx.o
                0x08005130                SystemInit
 .text._ZN3ros16normalizeSecNSecERmS0_
                0x08005154       0x58 ./Core/Src/time.o
                0x08005154                ros::normalizeSecNSec(unsigned long&, unsigned long&)
 .text.Reset_Handler
                0x080051ac       0x50 ./Core/Startup/startup_stm32f411vetx.o
                0x080051ac                Reset_Handler
 .text.Default_Handler
                0x080051fc        0x2 ./Core/Startup/startup_stm32f411vetx.o
                0x080051fc                RTC_Alarm_IRQHandler
                0x080051fc                EXTI2_IRQHandler
                0x080051fc                SPI4_IRQHandler
                0x080051fc                TIM1_CC_IRQHandler
                0x080051fc                DMA2_Stream5_IRQHandler
                0x080051fc                PVD_IRQHandler
                0x080051fc                SDIO_IRQHandler
                0x080051fc                TAMP_STAMP_IRQHandler
                0x080051fc                EXTI3_IRQHandler
                0x080051fc                TIM1_UP_TIM10_IRQHandler
                0x080051fc                I2C3_ER_IRQHandler
                0x080051fc                EXTI0_IRQHandler
                0x080051fc                I2C2_EV_IRQHandler
                0x080051fc                DMA1_Stream2_IRQHandler
                0x080051fc                FPU_IRQHandler
                0x080051fc                DMA2_Stream2_IRQHandler
                0x080051fc                SPI1_IRQHandler
                0x080051fc                TIM1_BRK_TIM9_IRQHandler
                0x080051fc                DMA2_Stream3_IRQHandler
                0x080051fc                USART6_IRQHandler
                0x080051fc                DMA2_Stream0_IRQHandler
                0x080051fc                TIM4_IRQHandler
                0x080051fc                I2C1_EV_IRQHandler
                0x080051fc                DMA1_Stream1_IRQHandler
                0x080051fc                TIM3_IRQHandler
                0x080051fc                RCC_IRQHandler
                0x080051fc                Default_Handler
                0x080051fc                ADC_IRQHandler
                0x080051fc                DMA1_Stream7_IRQHandler
                0x080051fc                SPI5_IRQHandler
                0x080051fc                TIM5_IRQHandler
                0x080051fc                DMA2_Stream7_IRQHandler
                0x080051fc                I2C3_EV_IRQHandler
                0x080051fc                RTC_WKUP_IRQHandler
                0x080051fc                SPI2_IRQHandler
                0x080051fc                DMA1_Stream0_IRQHandler
                0x080051fc                EXTI4_IRQHandler
                0x080051fc                WWDG_IRQHandler
                0x080051fc                TIM2_IRQHandler
                0x080051fc                OTG_FS_WKUP_IRQHandler
                0x080051fc                TIM1_TRG_COM_TIM11_IRQHandler
                0x080051fc                EXTI1_IRQHandler
                0x080051fc                I2C2_ER_IRQHandler
                0x080051fc                DMA2_Stream1_IRQHandler
                0x080051fc                FLASH_IRQHandler
                0x080051fc                DMA2_Stream4_IRQHandler
                0x080051fc                USART1_IRQHandler
                0x080051fc                OTG_FS_IRQHandler
                0x080051fc                SPI3_IRQHandler
                0x080051fc                DMA1_Stream4_IRQHandler
                0x080051fc                I2C1_ER_IRQHandler
                0x080051fc                DMA2_Stream6_IRQHandler
                0x080051fc                DMA1_Stream3_IRQHandler
 *fill*         0x080051fe        0x2 
 .text.HAL_Init
                0x08005200       0x44 ./Drivers/STM32F4xx_HAL_Driver/Src/stm32f4xx_hal.o
                0x08005200                HAL_Init
 .text.HAL_InitTick
                0x08005244       0x60 ./Drivers/STM32F4xx_HAL_Driver/Src/stm32f4xx_hal.o
                0x08005244                HAL_InitTick
 .text.HAL_IncTick
                0x080052a4       0x28 ./Drivers/STM32F4xx_HAL_Driver/Src/stm32f4xx_hal.o
                0x080052a4                HAL_IncTick
 .text.HAL_GetTick
                0x080052cc       0x18 ./Drivers/STM32F4xx_HAL_Driver/Src/stm32f4xx_hal.o
                0x080052cc                HAL_GetTick
 .text.__NVIC_SetPriorityGrouping
                0x080052e4       0x48 ./Drivers/STM32F4xx_HAL_Driver/Src/stm32f4xx_hal_cortex.o
 .text.__NVIC_GetPriorityGrouping
                0x0800532c       0x1c ./Drivers/STM32F4xx_HAL_Driver/Src/stm32f4xx_hal_cortex.o
 .text.__NVIC_EnableIRQ
                0x08005348       0x3c ./Drivers/STM32F4xx_HAL_Driver/Src/stm32f4xx_hal_cortex.o
 .text.__NVIC_SetPriority
                0x08005384       0x54 ./Drivers/STM32F4xx_HAL_Driver/Src/stm32f4xx_hal_cortex.o
 .text.NVIC_EncodePriority
                0x080053d8       0x66 ./Drivers/STM32F4xx_HAL_Driver/Src/stm32f4xx_hal_cortex.o
 *fill*         0x0800543e        0x2 
 .text.SysTick_Config
                0x08005440       0x44 ./Drivers/STM32F4xx_HAL_Driver/Src/stm32f4xx_hal_cortex.o
 .text.HAL_NVIC_SetPriorityGrouping
                0x08005484       0x16 ./Drivers/STM32F4xx_HAL_Driver/Src/stm32f4xx_hal_cortex.o
                0x08005484                HAL_NVIC_SetPriorityGrouping
 .text.HAL_NVIC_SetPriority
                0x0800549a       0x38 ./Drivers/STM32F4xx_HAL_Driver/Src/stm32f4xx_hal_cortex.o
                0x0800549a                HAL_NVIC_SetPriority
 .text.HAL_NVIC_EnableIRQ
                0x080054d2       0x1c ./Drivers/STM32F4xx_HAL_Driver/Src/stm32f4xx_hal_cortex.o
                0x080054d2                HAL_NVIC_EnableIRQ
 .text.HAL_SYSTICK_Config
                0x080054ee       0x18 ./Drivers/STM32F4xx_HAL_Driver/Src/stm32f4xx_hal_cortex.o
                0x080054ee                HAL_SYSTICK_Config
 *fill*         0x08005506        0x2 
 .text.HAL_DMA_Init
                0x08005508      0x15c ./Drivers/STM32F4xx_HAL_Driver/Src/stm32f4xx_hal_dma.o
                0x08005508                HAL_DMA_Init
 .text.HAL_DMA_Start_IT
                0x08005664       0xb0 ./Drivers/STM32F4xx_HAL_Driver/Src/stm32f4xx_hal_dma.o
                0x08005664                HAL_DMA_Start_IT
 .text.HAL_DMA_Abort
                0x08005714       0xe0 ./Drivers/STM32F4xx_HAL_Driver/Src/stm32f4xx_hal_dma.o
                0x08005714                HAL_DMA_Abort
 .text.HAL_DMA_Abort_IT
                0x080057f4       0x44 ./Drivers/STM32F4xx_HAL_Driver/Src/stm32f4xx_hal_dma.o
                0x080057f4                HAL_DMA_Abort_IT
 .text.HAL_DMA_IRQHandler
                0x08005838      0x314 ./Drivers/STM32F4xx_HAL_Driver/Src/stm32f4xx_hal_dma.o
                0x08005838                HAL_DMA_IRQHandler
 .text.DMA_SetConfig
                0x08005b4c       0x5c ./Drivers/STM32F4xx_HAL_Driver/Src/stm32f4xx_hal_dma.o
 .text.DMA_CalcBaseAndBitshift
                0x08005ba8       0x6c ./Drivers/STM32F4xx_HAL_Driver/Src/stm32f4xx_hal_dma.o
 .text.DMA_CheckFifoParam
                0x08005c14       0xf8 ./Drivers/STM32F4xx_HAL_Driver/Src/stm32f4xx_hal_dma.o
 .text.HAL_GPIO_Init
                0x08005d0c      0x308 ./Drivers/STM32F4xx_HAL_Driver/Src/stm32f4xx_hal_gpio.o
                0x08005d0c                HAL_GPIO_Init
 .text.HAL_GPIO_ReadPin
                0x08006014       0x30 ./Drivers/STM32F4xx_HAL_Driver/Src/stm32f4xx_hal_gpio.o
                0x08006014                HAL_GPIO_ReadPin
 .text.HAL_GPIO_WritePin
                0x08006044       0x32 ./Drivers/STM32F4xx_HAL_Driver/Src/stm32f4xx_hal_gpio.o
                0x08006044                HAL_GPIO_WritePin
 *fill*         0x08006076        0x2 
 .text.HAL_GPIO_EXTI_IRQHandler
                0x08006078       0x30 ./Drivers/STM32F4xx_HAL_Driver/Src/stm32f4xx_hal_gpio.o
                0x08006078                HAL_GPIO_EXTI_IRQHandler
 .text.HAL_RCC_OscConfig
                0x080060a8      0x4f0 ./Drivers/STM32F4xx_HAL_Driver/Src/stm32f4xx_hal_rcc.o
                0x080060a8                HAL_RCC_OscConfig
 .text.HAL_RCC_ClockConfig
                0x08006598      0x1cc ./Drivers/STM32F4xx_HAL_Driver/Src/stm32f4xx_hal_rcc.o
                0x08006598                HAL_RCC_ClockConfig
 .text.HAL_RCC_GetSysClockFreq
                0x08006764      0x18c ./Drivers/STM32F4xx_HAL_Driver/Src/stm32f4xx_hal_rcc.o
                0x08006764                HAL_RCC_GetSysClockFreq
 .text.HAL_RCC_GetHCLKFreq
                0x080068f0       0x18 ./Drivers/STM32F4xx_HAL_Driver/Src/stm32f4xx_hal_rcc.o
                0x080068f0                HAL_RCC_GetHCLKFreq
 .text.HAL_RCC_GetPCLK1Freq
                0x08006908       0x28 ./Drivers/STM32F4xx_HAL_Driver/Src/stm32f4xx_hal_rcc.o
                0x08006908                HAL_RCC_GetPCLK1Freq
 .text.HAL_RCC_GetPCLK2Freq
                0x08006930       0x28 ./Drivers/STM32F4xx_HAL_Driver/Src/stm32f4xx_hal_rcc.o
                0x08006930                HAL_RCC_GetPCLK2Freq
 .text.HAL_TIM_Base_Init
                0x08006958       0x9e ./Drivers/STM32F4xx_HAL_Driver/Src/stm32f4xx_hal_tim.o
                0x08006958                HAL_TIM_Base_Init
 *fill*         0x080069f6        0x2 
 .text.HAL_TIM_Base_Start
                0x080069f8       0xb4 ./Drivers/STM32F4xx_HAL_Driver/Src/stm32f4xx_hal_tim.o
                0x080069f8                HAL_TIM_Base_Start
 .text.HAL_TIM_PWM_Init
                0x08006aac       0x9e ./Drivers/STM32F4xx_HAL_Driver/Src/stm32f4xx_hal_tim.o
                0x08006aac                HAL_TIM_PWM_Init
 .text.HAL_TIM_PWM_MspInit
                0x08006b4a       0x14 ./Drivers/STM32F4xx_HAL_Driver/Src/stm32f4xx_hal_tim.o
                0x08006b4a                HAL_TIM_PWM_MspInit
 *fill*         0x08006b5e        0x2 
 .text.HAL_TIM_PWM_Start
                0x08006b60      0x160 ./Drivers/STM32F4xx_HAL_Driver/Src/stm32f4xx_hal_tim.o
                0x08006b60                HAL_TIM_PWM_Start
 .text.HAL_TIM_PWM_ConfigChannel
                0x08006cc0      0x184 ./Drivers/STM32F4xx_HAL_Driver/Src/stm32f4xx_hal_tim.o
                0x08006cc0                HAL_TIM_PWM_ConfigChannel
 .text.HAL_TIM_ConfigClockSource
                0x08006e44      0x18e ./Drivers/STM32F4xx_HAL_Driver/Src/stm32f4xx_hal_tim.o
                0x08006e44                HAL_TIM_ConfigClockSource
 *fill*         0x08006fd2        0x2 
 .text.TIM_Base_SetConfig
                0x08006fd4      0x118 ./Drivers/STM32F4xx_HAL_Driver/Src/stm32f4xx_hal_tim.o
                0x08006fd4                TIM_Base_SetConfig
 .text.TIM_OC1_SetConfig
                0x080070ec       0xcc ./Drivers/STM32F4xx_HAL_Driver/Src/stm32f4xx_hal_tim.o
 .text.TIM_OC2_SetConfig
                0x080071b8       0xd8 ./Drivers/STM32F4xx_HAL_Driver/Src/stm32f4xx_hal_tim.o
                0x080071b8                TIM_OC2_SetConfig
 .text.TIM_OC3_SetConfig
                0x08007290       0xd4 ./Drivers/STM32F4xx_HAL_Driver/Src/stm32f4xx_hal_tim.o
 .text.TIM_OC4_SetConfig
                0x08007364       0xa0 ./Drivers/STM32F4xx_HAL_Driver/Src/stm32f4xx_hal_tim.o
 .text.TIM_TI1_ConfigInputStage
                0x08007404       0x5e ./Drivers/STM32F4xx_HAL_Driver/Src/stm32f4xx_hal_tim.o
 .text.TIM_TI2_ConfigInputStage
                0x08007462       0x60 ./Drivers/STM32F4xx_HAL_Driver/Src/stm32f4xx_hal_tim.o
 .text.TIM_ITRx_SetConfig
                0x080074c2       0x36 ./Drivers/STM32F4xx_HAL_Driver/Src/stm32f4xx_hal_tim.o
 .text.TIM_ETR_SetConfig
                0x080074f8       0x40 ./Drivers/STM32F4xx_HAL_Driver/Src/stm32f4xx_hal_tim.o
                0x080074f8                TIM_ETR_SetConfig
 .text.TIM_CCxChannelCmd
                0x08007538       0x4a ./Drivers/STM32F4xx_HAL_Driver/Src/stm32f4xx_hal_tim.o
                0x08007538                TIM_CCxChannelCmd
 *fill*         0x08007582        0x2 
 .text.HAL_TIMEx_MasterConfigSynchronization
                0x08007584       0xdc ./Drivers/STM32F4xx_HAL_Driver/Src/stm32f4xx_hal_tim_ex.o
                0x08007584                HAL_TIMEx_MasterConfigSynchronization
 .text.HAL_UART_Init
                0x08007660       0xa0 ./Drivers/STM32F4xx_HAL_Driver/Src/stm32f4xx_hal_uart.o
                0x08007660                HAL_UART_Init
 .text.HAL_UART_Transmit_DMA
                0x08007700       0xe0 ./Drivers/STM32F4xx_HAL_Driver/Src/stm32f4xx_hal_uart.o
                0x08007700                HAL_UART_Transmit_DMA
 .text.HAL_UART_Receive_DMA
                0x080077e0       0x4a ./Drivers/STM32F4xx_HAL_Driver/Src/stm32f4xx_hal_uart.o
                0x080077e0                HAL_UART_Receive_DMA
 *fill*         0x0800782a        0x2 
 .text.HAL_UART_IRQHandler
                0x0800782c      0x524 ./Drivers/STM32F4xx_HAL_Driver/Src/stm32f4xx_hal_uart.o
                0x0800782c                HAL_UART_IRQHandler
 .text.HAL_UART_TxHalfCpltCallback
                0x08007d50       0x14 ./Drivers/STM32F4xx_HAL_Driver/Src/stm32f4xx_hal_uart.o
                0x08007d50                HAL_UART_TxHalfCpltCallback
 .text.HAL_UART_RxHalfCpltCallback
                0x08007d64       0x14 ./Drivers/STM32F4xx_HAL_Driver/Src/stm32f4xx_hal_uart.o
                0x08007d64                HAL_UART_RxHalfCpltCallback
 .text.HAL_UART_ErrorCallback
                0x08007d78       0x14 ./Drivers/STM32F4xx_HAL_Driver/Src/stm32f4xx_hal_uart.o
                0x08007d78                HAL_UART_ErrorCallback
 .text.HAL_UARTEx_RxEventCallback
                0x08007d8c       0x18 ./Drivers/STM32F4xx_HAL_Driver/Src/stm32f4xx_hal_uart.o
                0x08007d8c                HAL_UARTEx_RxEventCallback
 .text.UART_DMATransmitCplt
                0x08007da4       0x9a ./Drivers/STM32F4xx_HAL_Driver/Src/stm32f4xx_hal_uart.o
 .text.UART_DMATxHalfCplt
                0x08007e3e       0x1c ./Drivers/STM32F4xx_HAL_Driver/Src/stm32f4xx_hal_uart.o
 .text.UART_DMAReceiveCplt
                0x08007e5a      0x12c ./Drivers/STM32F4xx_HAL_Driver/Src/stm32f4xx_hal_uart.o
 .text.UART_DMARxHalfCplt
                0x08007f86       0x3c ./Drivers/STM32F4xx_HAL_Driver/Src/stm32f4xx_hal_uart.o
 .text.UART_DMAError
                0x08007fc2       0x94 ./Drivers/STM32F4xx_HAL_Driver/Src/stm32f4xx_hal_uart.o
 *fill*         0x08008056        0x2 
 .text.UART_Start_Receive_DMA
                0x08008058      0x134 ./Drivers/STM32F4xx_HAL_Driver/Src/stm32f4xx_hal_uart.o
                0x08008058                UART_Start_Receive_DMA
 .text.UART_EndTxTransfer
                0x0800818c       0x50 ./Drivers/STM32F4xx_HAL_Driver/Src/stm32f4xx_hal_uart.o
 .text.UART_EndRxTransfer
                0x080081dc       0xc6 ./Drivers/STM32F4xx_HAL_Driver/Src/stm32f4xx_hal_uart.o
 .text.UART_DMAAbortOnError
                0x080082a2       0x28 ./Drivers/STM32F4xx_HAL_Driver/Src/stm32f4xx_hal_uart.o
 .text.UART_Transmit_IT
                0x080082ca       0xa0 ./Drivers/STM32F4xx_HAL_Driver/Src/stm32f4xx_hal_uart.o
 .text.UART_EndTransmit_IT
                0x0800836a       0x30 ./Drivers/STM32F4xx_HAL_Driver/Src/stm32f4xx_hal_uart.o
 .text.UART_Receive_IT
                0x0800839a      0x17c ./Drivers/STM32F4xx_HAL_Driver/Src/stm32f4xx_hal_uart.o
 *fill*         0x08008516        0x2 
 .text.UART_SetConfig
                0x08008518      0x4e8 ./Drivers/STM32F4xx_HAL_Driver/Src/stm32f4xx_hal_uart.o
 .text.realloc  0x08008a00       0x10 E:/Program_file/STM32CubeIDE_1.16.1/STM32CubeIDE/plugins/com.st.stm32cube.ide.mcu.externaltools.gnu-tools-for-stm32.12.3.rel1.win32_1.0.200.202406191623/tools/bin/../lib/gcc/arm-none-eabi/12.3.1/../../../../arm-none-eabi/lib/thumb/v7e-m+fp/hard\libc_nano.a(libc_a-realloc.o)
                0x08008a00                realloc
 .text._realloc_r
                0x08008a10       0x5c E:/Program_file/STM32CubeIDE_1.16.1/STM32CubeIDE/plugins/com.st.stm32cube.ide.mcu.externaltools.gnu-tools-for-stm32.12.3.rel1.win32_1.0.200.202406191623/tools/bin/../lib/gcc/arm-none-eabi/12.3.1/../../../../arm-none-eabi/lib/thumb/v7e-m+fp/hard\libc_nano.a(libc_a-reallocr.o)
                0x08008a10                _realloc_r
 .text.memset   0x08008a6c       0x10 E:/Program_file/STM32CubeIDE_1.16.1/STM32CubeIDE/plugins/com.st.stm32cube.ide.mcu.externaltools.gnu-tools-for-stm32.12.3.rel1.win32_1.0.200.202406191623/tools/bin/../lib/gcc/arm-none-eabi/12.3.1/../../../../arm-none-eabi/lib/thumb/v7e-m+fp/hard\libc_nano.a(libc_a-memset.o)
                0x08008a6c                memset
 .text.__errno  0x08008a7c        0xc E:/Program_file/STM32CubeIDE_1.16.1/STM32CubeIDE/plugins/com.st.stm32cube.ide.mcu.externaltools.gnu-tools-for-stm32.12.3.rel1.win32_1.0.200.202406191623/tools/bin/../lib/gcc/arm-none-eabi/12.3.1/../../../../arm-none-eabi/lib/thumb/v7e-m+fp/hard\libc_nano.a(libc_a-errno.o)
                0x08008a7c                __errno
 .text.__libc_init_array
                0x08008a88       0x48 E:/Program_file/STM32CubeIDE_1.16.1/STM32CubeIDE/plugins/com.st.stm32cube.ide.mcu.externaltools.gnu-tools-for-stm32.12.3.rel1.win32_1.0.200.202406191623/tools/bin/../lib/gcc/arm-none-eabi/12.3.1/../../../../arm-none-eabi/lib/thumb/v7e-m+fp/hard\libc_nano.a(libc_a-init.o)
                0x08008a88                __libc_init_array
 .text.__retarget_lock_acquire_recursive
                0x08008ad0        0x2 E:/Program_file/STM32CubeIDE_1.16.1/STM32CubeIDE/plugins/com.st.stm32cube.ide.mcu.externaltools.gnu-tools-for-stm32.12.3.rel1.win32_1.0.200.202406191623/tools/bin/../lib/gcc/arm-none-eabi/12.3.1/../../../../arm-none-eabi/lib/thumb/v7e-m+fp/hard\libc_nano.a(libc_a-lock.o)
                0x08008ad0                __retarget_lock_acquire_recursive
 .text.__retarget_lock_release_recursive
                0x08008ad2        0x2 E:/Program_file/STM32CubeIDE_1.16.1/STM32CubeIDE/plugins/com.st.stm32cube.ide.mcu.externaltools.gnu-tools-for-stm32.12.3.rel1.win32_1.0.200.202406191623/tools/bin/../lib/gcc/arm-none-eabi/12.3.1/../../../../arm-none-eabi/lib/thumb/v7e-m+fp/hard\libc_nano.a(libc_a-lock.o)
                0x08008ad2                __retarget_lock_release_recursive
 .text.memcpy   0x08008ad4       0x1c E:/Program_file/STM32CubeIDE_1.16.1/STM32CubeIDE/plugins/com.st.stm32cube.ide.mcu.externaltools.gnu-tools-for-stm32.12.3.rel1.win32_1.0.200.202406191623/tools/bin/../lib/gcc/arm-none-eabi/12.3.1/../../../../arm-none-eabi/lib/thumb/v7e-m+fp/hard\libc_nano.a(libc_a-memcpy-stub.o)
                0x08008ad4                memcpy
 .text._free_r  0x08008af0       0x94 E:/Program_file/STM32CubeIDE_1.16.1/STM32CubeIDE/plugins/com.st.stm32cube.ide.mcu.externaltools.gnu-tools-for-stm32.12.3.rel1.win32_1.0.200.202406191623/tools/bin/../lib/gcc/arm-none-eabi/12.3.1/../../../../arm-none-eabi/lib/thumb/v7e-m+fp/hard\libc_nano.a(libc_a-freer.o)
                0x08008af0                _free_r
 .text.sbrk_aligned
                0x08008b84       0x44 E:/Program_file/STM32CubeIDE_1.16.1/STM32CubeIDE/plugins/com.st.stm32cube.ide.mcu.externaltools.gnu-tools-for-stm32.12.3.rel1.win32_1.0.200.202406191623/tools/bin/../lib/gcc/arm-none-eabi/12.3.1/../../../../arm-none-eabi/lib/thumb/v7e-m+fp/hard\libc_nano.a(libc_a-mallocr.o)
 .text._malloc_r
                0x08008bc8      0x100 E:/Program_file/STM32CubeIDE_1.16.1/STM32CubeIDE/plugins/com.st.stm32cube.ide.mcu.externaltools.gnu-tools-for-stm32.12.3.rel1.win32_1.0.200.202406191623/tools/bin/../lib/gcc/arm-none-eabi/12.3.1/../../../../arm-none-eabi/lib/thumb/v7e-m+fp/hard\libc_nano.a(libc_a-mallocr.o)
                0x08008bc8                _malloc_r
 .text.__malloc_lock
                0x08008cc8        0xc E:/Program_file/STM32CubeIDE_1.16.1/STM32CubeIDE/plugins/com.st.stm32cube.ide.mcu.externaltools.gnu-tools-for-stm32.12.3.rel1.win32_1.0.200.202406191623/tools/bin/../lib/gcc/arm-none-eabi/12.3.1/../../../../arm-none-eabi/lib/thumb/v7e-m+fp/hard\libc_nano.a(libc_a-mlock.o)
                0x08008cc8                __malloc_lock
 .text.__malloc_unlock
                0x08008cd4        0xc E:/Program_file/STM32CubeIDE_1.16.1/STM32CubeIDE/plugins/com.st.stm32cube.ide.mcu.externaltools.gnu-tools-for-stm32.12.3.rel1.win32_1.0.200.202406191623/tools/bin/../lib/gcc/arm-none-eabi/12.3.1/../../../../arm-none-eabi/lib/thumb/v7e-m+fp/hard\libc_nano.a(libc_a-mlock.o)
                0x08008cd4                __malloc_unlock
 .text._malloc_usable_size_r
                0x08008ce0       0x10 E:/Program_file/STM32CubeIDE_1.16.1/STM32CubeIDE/plugins/com.st.stm32cube.ide.mcu.externaltools.gnu-tools-for-stm32.12.3.rel1.win32_1.0.200.202406191623/tools/bin/../lib/gcc/arm-none-eabi/12.3.1/../../../../arm-none-eabi/lib/thumb/v7e-m+fp/hard\libc_nano.a(libc_a-msizer.o)
                0x08008ce0                _malloc_usable_size_r
 .text._sbrk_r  0x08008cf0       0x20 E:/Program_file/STM32CubeIDE_1.16.1/STM32CubeIDE/plugins/com.st.stm32cube.ide.mcu.externaltools.gnu-tools-for-stm32.12.3.rel1.win32_1.0.200.202406191623/tools/bin/../lib/gcc/arm-none-eabi/12.3.1/../../../../arm-none-eabi/lib/thumb/v7e-m+fp/hard\libc_nano.a(libc_a-sbrkr.o)
                0x08008cf0                _sbrk_r
 *(.glue_7)
 .glue_7        0x08008d10        0x0 linker stubs
 *(.glue_7t)
 .glue_7t       0x08008d10        0x0 linker stubs
 *(.eh_frame)
 .eh_frame      0x08008d10        0x0 E:/Program_file/STM32CubeIDE_1.16.1/STM32CubeIDE/plugins/com.st.stm32cube.ide.mcu.externaltools.gnu-tools-for-stm32.12.3.rel1.win32_1.0.200.202406191623/tools/bin/../lib/gcc/arm-none-eabi/12.3.1/thumb/v7e-m+fp/hard/crtbegin.o
 *(.init)
 .init          0x08008d10        0x4 E:/Program_file/STM32CubeIDE_1.16.1/STM32CubeIDE/plugins/com.st.stm32cube.ide.mcu.externaltools.gnu-tools-for-stm32.12.3.rel1.win32_1.0.200.202406191623/tools/bin/../lib/gcc/arm-none-eabi/12.3.1/thumb/v7e-m+fp/hard/crti.o
                0x08008d10                _init
 .init          0x08008d14        0x8 E:/Program_file/STM32CubeIDE_1.16.1/STM32CubeIDE/plugins/com.st.stm32cube.ide.mcu.externaltools.gnu-tools-for-stm32.12.3.rel1.win32_1.0.200.202406191623/tools/bin/../lib/gcc/arm-none-eabi/12.3.1/thumb/v7e-m+fp/hard/crtn.o
 *(.fini)
 .fini          0x08008d1c        0x4 E:/Program_file/STM32CubeIDE_1.16.1/STM32CubeIDE/plugins/com.st.stm32cube.ide.mcu.externaltools.gnu-tools-for-stm32.12.3.rel1.win32_1.0.200.202406191623/tools/bin/../lib/gcc/arm-none-eabi/12.3.1/thumb/v7e-m+fp/hard/crti.o
                0x08008d1c                _fini
 .fini          0x08008d20        0x8 E:/Program_file/STM32CubeIDE_1.16.1/STM32CubeIDE/plugins/com.st.stm32cube.ide.mcu.externaltools.gnu-tools-for-stm32.12.3.rel1.win32_1.0.200.202406191623/tools/bin/../lib/gcc/arm-none-eabi/12.3.1/thumb/v7e-m+fp/hard/crtn.o
                0x08008d28                        . = ALIGN (0x4)
                0x08008d28                        _etext = .

.vfp11_veneer   0x08008d28        0x0
 .vfp11_veneer  0x08008d28        0x0 linker stubs

.v4_bx          0x08008d28        0x0
 .v4_bx         0x08008d28        0x0 linker stubs

.iplt           0x08008d28        0x0
 .iplt          0x08008d28        0x0 E:/Program_file/STM32CubeIDE_1.16.1/STM32CubeIDE/plugins/com.st.stm32cube.ide.mcu.externaltools.gnu-tools-for-stm32.12.3.rel1.win32_1.0.200.202406191623/tools/bin/../lib/gcc/arm-none-eabi/12.3.1/thumb/v7e-m+fp/hard/crtbegin.o

.rodata         0x08008d28      0x3c8
                0x08008d28                        . = ALIGN (0x4)
 *(.rodata)
 .rodata        0x08008d28      0x25a ./Core/Src/mainpp.o
 *(.rodata*)
 *fill*         0x08008f82        0x2 
 .rodata._ZN14rosserial_msgsL12REQUESTPARAME
                0x08008f84       0x1c ./Core/Src/mainpp.o
 .rodata._ZTVN3ros10SubscriberIN8std_msgs5Int16EvEE
                0x08008fa0       0x18 ./Core/Src/mainpp.o
                0x08008fa0                vtable for ros::Subscriber<std_msgs::Int16, void>
 .rodata._ZTVN3ros11NodeHandle_I13STM32HardwareLi25ELi25ELi512ELi512EEE
                0x08008fb8       0x14 ./Core/Src/mainpp.o
                0x08008fb8                vtable for ros::NodeHandle_<STM32Hardware, 25, 25, 512, 512>
 .rodata._ZTVN13geometry_msgs5TwistE
                0x08008fcc       0x18 ./Core/Src/mainpp.o
                0x08008fcc                vtable for geometry_msgs::Twist
 .rodata._ZTVN13geometry_msgs7Vector3E
                0x08008fe4       0x18 ./Core/Src/mainpp.o
                0x08008fe4                vtable for geometry_msgs::Vector3
 .rodata._ZTVN8std_msgs7Float64E
                0x08008ffc       0x18 ./Core/Src/mainpp.o
                0x08008ffc                vtable for std_msgs::Float64
 .rodata._ZTVN8std_msgs5Int16E
                0x08009014       0x18 ./Core/Src/mainpp.o
                0x08009014                vtable for std_msgs::Int16
 .rodata._ZTVN3ros11Subscriber_E
                0x0800902c       0x18 ./Core/Src/mainpp.o
                0x0800902c                vtable for ros::Subscriber_
 .rodata._ZTVN3ros15NodeHandleBase_E
                0x08009044       0x14 ./Core/Src/mainpp.o
                0x08009044                vtable for ros::NodeHandleBase_
 .rodata._ZTVN14rosserial_msgs20RequestParamResponseE
                0x08009058       0x18 ./Core/Src/mainpp.o
                0x08009058                vtable for rosserial_msgs::RequestParamResponse
 .rodata._ZTVN14rosserial_msgs3LogE
                0x08009070       0x18 ./Core/Src/mainpp.o
                0x08009070                vtable for rosserial_msgs::Log
 .rodata._ZTVN14rosserial_msgs9TopicInfoE
                0x08009088       0x18 ./Core/Src/mainpp.o
                0x08009088                vtable for rosserial_msgs::TopicInfo
 .rodata._ZTVN8std_msgs4TimeE
                0x080090a0       0x18 ./Core/Src/mainpp.o
                0x080090a0                vtable for std_msgs::Time
 .rodata._ZTVN3ros3MsgE
                0x080090b8       0x18 ./Core/Src/mainpp.o
                0x080090b8                vtable for ros::Msg
 .rodata.AHBPrescTable
                0x080090d0       0x10 ./Core/Src/system_stm32f4xx.o
                0x080090d0                AHBPrescTable
 .rodata.APBPrescTable
                0x080090e0        0x8 ./Core/Src/system_stm32f4xx.o
                0x080090e0                APBPrescTable
 .rodata.flagBitshiftOffset.0
                0x080090e8        0x8 ./Drivers/STM32F4xx_HAL_Driver/Src/stm32f4xx_hal_dma.o
                0x080090f0                        . = ALIGN (0x4)

.ARM.extab      0x080090f0        0x0
                0x080090f0                        . = ALIGN (0x4)
 *(.ARM.extab* .gnu.linkonce.armextab.*)
                0x080090f0                        . = ALIGN (0x4)

.ARM            0x080090f0        0x8
                0x080090f0                        . = ALIGN (0x4)
                0x080090f0                        __exidx_start = .
 *(.ARM.exidx*)
 .ARM.exidx     0x080090f0        0x8 E:/Program_file/STM32CubeIDE_1.16.1/STM32CubeIDE/plugins/com.st.stm32cube.ide.mcu.externaltools.gnu-tools-for-stm32.12.3.rel1.win32_1.0.200.202406191623/tools/bin/../lib/gcc/arm-none-eabi/12.3.1/../../../../arm-none-eabi/lib/thumb/v7e-m+fp/hard\libc_nano.a(libc_a-strlen.o)
 .ARM.exidx     0x080090f8        0x0 E:/Program_file/STM32CubeIDE_1.16.1/STM32CubeIDE/plugins/com.st.stm32cube.ide.mcu.externaltools.gnu-tools-for-stm32.12.3.rel1.win32_1.0.200.202406191623/tools/bin/../lib/gcc/arm-none-eabi/12.3.1/thumb/v7e-m+fp/hard\libgcc.a(_udivmoddi4.o)
                                  0x8 (size before relaxing)
                0x080090f8                        __exidx_end = .
                0x080090f8                        . = ALIGN (0x4)

.preinit_array  0x080090f8        0x0
                0x080090f8                        . = ALIGN (0x4)
                0x080090f8                        PROVIDE (__preinit_array_start = .)
 *(.preinit_array*)
                0x080090f8                        PROVIDE (__preinit_array_end = .)
                0x080090f8                        . = ALIGN (0x4)

.init_array     0x080090f8        0x8
                0x080090f8                        . = ALIGN (0x4)
                0x080090f8                        PROVIDE (__init_array_start = .)
 *(SORT_BY_NAME(.init_array.*))
 *(.init_array*)
 .init_array    0x080090f8        0x4 E:/Program_file/STM32CubeIDE_1.16.1/STM32CubeIDE/plugins/com.st.stm32cube.ide.mcu.externaltools.gnu-tools-for-stm32.12.3.rel1.win32_1.0.200.202406191623/tools/bin/../lib/gcc/arm-none-eabi/12.3.1/thumb/v7e-m+fp/hard/crtbegin.o
 .init_array    0x080090fc        0x4 ./Core/Src/mainpp.o
                0x08009100                        PROVIDE (__init_array_end = .)
                0x08009100                        . = ALIGN (0x4)

.fini_array     0x08009100        0x4
                0x08009100                        . = ALIGN (0x4)
                [!provide]                        PROVIDE (__fini_array_start = .)
 *(SORT_BY_NAME(.fini_array.*))
 *(.fini_array*)
 .fini_array    0x08009100        0x4 E:/Program_file/STM32CubeIDE_1.16.1/STM32CubeIDE/plugins/com.st.stm32cube.ide.mcu.externaltools.gnu-tools-for-stm32.12.3.rel1.win32_1.0.200.202406191623/tools/bin/../lib/gcc/arm-none-eabi/12.3.1/thumb/v7e-m+fp/hard/crtbegin.o
                [!provide]                        PROVIDE (__fini_array_end = .)
                0x08009104                        . = ALIGN (0x4)
                0x08009104                        _sidata = LOADADDR (.data)

.rel.dyn        0x08009104        0x0
 .rel.iplt      0x08009104        0x0 E:/Program_file/STM32CubeIDE_1.16.1/STM32CubeIDE/plugins/com.st.stm32cube.ide.mcu.externaltools.gnu-tools-for-stm32.12.3.rel1.win32_1.0.200.202406191623/tools/bin/../lib/gcc/arm-none-eabi/12.3.1/thumb/v7e-m+fp/hard/crtbegin.o

.data           0x20000000       0x64 load address 0x08009104
                0x20000000                        . = ALIGN (0x4)
                0x20000000                        _sdata = .
 *(.data)
 *(.data*)
 .data.Direction_left
                0x20000000        0x4 ./Core/Src/mainpp.o
                0x20000000                Direction_left
 .data.Direction_right
                0x20000004        0x4 ./Core/Src/mainpp.o
                0x20000004                Direction_right
 .data.SystemCoreClock
                0x20000008        0x4 ./Core/Src/system_stm32f4xx.o
                0x20000008                SystemCoreClock
 .data.uwTickPrio
                0x2000000c        0x4 ./Drivers/STM32F4xx_HAL_Driver/Src/stm32f4xx_hal.o
                0x2000000c                uwTickPrio
 .data.uwTickFreq
                0x20000010        0x1 ./Drivers/STM32F4xx_HAL_Driver/Src/stm32f4xx_hal.o
                0x20000010                uwTickFreq
 *fill*         0x20000011        0x3 
 .data._impure_ptr
                0x20000014        0x4 E:/Program_file/STM32CubeIDE_1.16.1/STM32CubeIDE/plugins/com.st.stm32cube.ide.mcu.externaltools.gnu-tools-for-stm32.12.3.rel1.win32_1.0.200.202406191623/tools/bin/../lib/gcc/arm-none-eabi/12.3.1/../../../../arm-none-eabi/lib/thumb/v7e-m+fp/hard\libc_nano.a(libc_a-impure.o)
                0x20000014                _impure_ptr
 .data._impure_data
                0x20000018       0x4c E:/Program_file/STM32CubeIDE_1.16.1/STM32CubeIDE/plugins/com.st.stm32cube.ide.mcu.externaltools.gnu-tools-for-stm32.12.3.rel1.win32_1.0.200.202406191623/tools/bin/../lib/gcc/arm-none-eabi/12.3.1/../../../../arm-none-eabi/lib/thumb/v7e-m+fp/hard\libc_nano.a(libc_a-impure.o)
                0x20000018                _impure_data
 *(.RamFunc)
 *(.RamFunc*)
                0x20000064                        . = ALIGN (0x4)
                0x20000064                        _edata = .

.igot.plt       0x20000064        0x0 load address 0x08009168
 .igot.plt      0x20000064        0x0 E:/Program_file/STM32CubeIDE_1.16.1/STM32CubeIDE/plugins/com.st.stm32cube.ide.mcu.externaltools.gnu-tools-for-stm32.12.3.rel1.win32_1.0.200.202406191623/tools/bin/../lib/gcc/arm-none-eabi/12.3.1/thumb/v7e-m+fp/hard/crtbegin.o
                0x20000064                        . = ALIGN (0x4)

.bss            0x20000068      0xdfc load address 0x08009168
                0x20000068                        _sbss = .
                0x20000068                        __bss_start__ = _sbss
 *(.bss)
 .bss           0x20000068       0x1c E:/Program_file/STM32CubeIDE_1.16.1/STM32CubeIDE/plugins/com.st.stm32cube.ide.mcu.externaltools.gnu-tools-for-stm32.12.3.rel1.win32_1.0.200.202406191623/tools/bin/../lib/gcc/arm-none-eabi/12.3.1/thumb/v7e-m+fp/hard/crtbegin.o
 *(.bss*)
 .bss.htim1     0x20000084       0x48 ./Core/Src/main.o
                0x20000084                htim1
 .bss.htim2     0x200000cc       0x48 ./Core/Src/main.o
                0x200000cc                htim2
 .bss.huart2    0x20000114       0x48 ./Core/Src/main.o
                0x20000114                huart2
 .bss.hdma_usart2_rx
                0x2000015c       0x60 ./Core/Src/main.o
                0x2000015c                hdma_usart2_rx
 .bss.hdma_usart2_tx
                0x200001bc       0x60 ./Core/Src/main.o
                0x200001bc                hdma_usart2_tx
 .bss._ZZN13STM32Hardware5flushEvE5mutex
                0x2000021c        0x1 ./Core/Src/mainpp.o
                0x2000021c                STM32Hardware::flush()::mutex
 *fill*         0x2000021d        0x3 
 .bss.nh        0x20000220      0x93c ./Core/Src/mainpp.o
                0x20000220                nh
 .bss.right_wheel_tick_count
                0x20000b5c        0x8 ./Core/Src/mainpp.o
                0x20000b5c                right_wheel_tick_count
 .bss.rightPub  0x20000b64       0x14 ./Core/Src/mainpp.o
                0x20000b64                rightPub
 .bss.left_wheel_tick_count
                0x20000b78        0x8 ./Core/Src/mainpp.o
                0x20000b78                left_wheel_tick_count
 .bss.leftPub   0x20000b80       0x14 ./Core/Src/mainpp.o
                0x20000b80                leftPub
 *fill*         0x20000b94        0x4 
 .bss.left_wheel_vel
                0x20000b98       0x10 ./Core/Src/mainpp.o
                0x20000b98                left_wheel_vel
 .bss.leftVelPub
                0x20000ba8       0x14 ./Core/Src/mainpp.o
                0x20000ba8                leftVelPub
 *fill*         0x20000bbc        0x4 
 .bss.right_wheel_vel
                0x20000bc0       0x10 ./Core/Src/mainpp.o
                0x20000bc0                right_wheel_vel
 .bss.rightVelPub
                0x20000bd0       0x14 ./Core/Src/mainpp.o
                0x20000bd0                rightVelPub
 *fill*         0x20000be4        0x4 
 .bss.core_data
                0x20000be8       0x48 ./Core/Src/mainpp.o
                0x20000be8                core_data
 .bss.CoreData  0x20000c30       0x14 ./Core/Src/mainpp.o
                0x20000c30                CoreData
 .bss.pos_left  0x20000c44        0x4 ./Core/Src/mainpp.o
                0x20000c44                pos_left
 .bss.pos_right
                0x20000c48        0x4 ./Core/Src/mainpp.o
                0x20000c48                pos_right
 .bss.previousMillis
                0x20000c4c        0x4 ./Core/Src/mainpp.o
                0x20000c4c                previousMillis
 .bss.currentMillis
                0x20000c50        0x4 ./Core/Src/mainpp.o
                0x20000c50                currentMillis
 *fill*         0x20000c54        0x4 
 .bss.velLeftWheel
                0x20000c58        0x8 ./Core/Src/mainpp.o
                0x20000c58                velLeftWheel
 .bss.velRightWheel
                0x20000c60        0x8 ./Core/Src/mainpp.o
                0x20000c60                velRightWheel
 .bss.pwmLeftReq
                0x20000c68        0x8 ./Core/Src/mainpp.o
                0x20000c68                pwmLeftReq
 .bss.pwmRightReq
                0x20000c70        0x8 ./Core/Src/mainpp.o
                0x20000c70                pwmRightReq
 .bss.vel_left  0x20000c78        0x8 ./Core/Src/mainpp.o
                0x20000c78                vel_left
 .bss.vel_right
                0x20000c80        0x8 ./Core/Src/mainpp.o
                0x20000c80                vel_right
 .bss.lastCmdVelReceived
                0x20000c88        0x8 ./Core/Src/mainpp.o
                0x20000c88                lastCmdVelReceived
 .bss.is_recv_left_wheel
                0x20000c90        0x4 ./Core/Src/mainpp.o
                0x20000c90                is_recv_left_wheel
 .bss.is_recv_right_wheel
                0x20000c94        0x4 ./Core/Src/mainpp.o
                0x20000c94                is_recv_right_wheel
 .bss.robot_dir
                0x20000c98        0x4 ./Core/Src/mainpp.o
                0x20000c98                robot_dir
 .bss.prevT     0x20000c9c        0x4 ./Core/Src/mainpp.o
                0x20000c9c                prevT
 .bss.eintegral_r
                0x20000ca0        0x4 ./Core/Src/mainpp.o
                0x20000ca0                eintegral_r
 .bss.eintegral_l
                0x20000ca4        0x4 ./Core/Src/mainpp.o
                0x20000ca4                eintegral_l
 .bss.pwmout1   0x20000ca8        0x4 ./Core/Src/mainpp.o
                0x20000ca8                pwmout1
 .bss.pwmout2   0x20000cac        0x4 ./Core/Src/mainpp.o
                0x20000cac                pwmout2
 .bss.pre_robot_dir
                0x20000cb0        0x4 ./Core/Src/mainpp.o
                0x20000cb0                pre_robot_dir
 *fill*         0x20000cb4        0x4 
 .bss._ZZ19calc_vel_left_wheelvE8prevTime
                0x20000cb8        0x8 ./Core/Src/mainpp.o
 .bss._ZZ19calc_vel_left_wheelvE13prevLeftCount
                0x20000cc0        0x4 ./Core/Src/mainpp.o
 *fill*         0x20000cc4        0x4 
 .bss._ZZ20calc_vel_right_wheelvE8prevTime
                0x20000cc8        0x8 ./Core/Src/mainpp.o
 .bss._ZZ20calc_vel_right_wheelvE14prevRightCount
                0x20000cd0        0x4 ./Core/Src/mainpp.o
 .bss._ZZ14set_pwm_valuesiddE10pwmLeftOut
                0x20000cd4        0x4 ./Core/Src/mainpp.o
 .bss._ZZ14set_pwm_valuesiddE11pwmRightOut
                0x20000cd8        0x4 ./Core/Src/mainpp.o
 .bss.left_wheel_query
                0x20000cdc       0x1c ./Core/Src/mainpp.o
                0x20000cdc                left_wheel_query
 .bss.right_wheel_query
                0x20000cf8       0x1c ./Core/Src/mainpp.o
                0x20000cf8                right_wheel_query
 .bss.__sbrk_heap_end
                0x20000d14        0x4 ./Core/Src/sysmem.o
 .bss.uwTick    0x20000d18        0x4 ./Drivers/STM32F4xx_HAL_Driver/Src/stm32f4xx_hal.o
                0x20000d18                uwTick
 .bss.__sf      0x20000d1c      0x138 E:/Program_file/STM32CubeIDE_1.16.1/STM32CubeIDE/plugins/com.st.stm32cube.ide.mcu.externaltools.gnu-tools-for-stm32.12.3.rel1.win32_1.0.200.202406191623/tools/bin/../lib/gcc/arm-none-eabi/12.3.1/../../../../arm-none-eabi/lib/thumb/v7e-m+fp/hard\libc_nano.a(libc_a-findfp.o)
                0x20000d1c                __sf
 .bss.errno     0x20000e54        0x4 E:/Program_file/STM32CubeIDE_1.16.1/STM32CubeIDE/plugins/com.st.stm32cube.ide.mcu.externaltools.gnu-tools-for-stm32.12.3.rel1.win32_1.0.200.202406191623/tools/bin/../lib/gcc/arm-none-eabi/12.3.1/../../../../arm-none-eabi/lib/thumb/v7e-m+fp/hard\libc_nano.a(libc_a-reent.o)
                0x20000e54                errno
 .bss.__lock___malloc_recursive_mutex
                0x20000e58        0x1 E:/Program_file/STM32CubeIDE_1.16.1/STM32CubeIDE/plugins/com.st.stm32cube.ide.mcu.externaltools.gnu-tools-for-stm32.12.3.rel1.win32_1.0.200.202406191623/tools/bin/../lib/gcc/arm-none-eabi/12.3.1/../../../../arm-none-eabi/lib/thumb/v7e-m+fp/hard\libc_nano.a(libc_a-lock.o)
                0x20000e58                __lock___malloc_recursive_mutex
 *fill*         0x20000e59        0x3 
 .bss.__malloc_sbrk_start
                0x20000e5c        0x4 E:/Program_file/STM32CubeIDE_1.16.1/STM32CubeIDE/plugins/com.st.stm32cube.ide.mcu.externaltools.gnu-tools-for-stm32.12.3.rel1.win32_1.0.200.202406191623/tools/bin/../lib/gcc/arm-none-eabi/12.3.1/../../../../arm-none-eabi/lib/thumb/v7e-m+fp/hard\libc_nano.a(libc_a-mallocr.o)
                0x20000e5c                __malloc_sbrk_start
 .bss.__malloc_free_list
                0x20000e60        0x4 E:/Program_file/STM32CubeIDE_1.16.1/STM32CubeIDE/plugins/com.st.stm32cube.ide.mcu.externaltools.gnu-tools-for-stm32.12.3.rel1.win32_1.0.200.202406191623/tools/bin/../lib/gcc/arm-none-eabi/12.3.1/../../../../arm-none-eabi/lib/thumb/v7e-m+fp/hard\libc_nano.a(libc_a-mallocr.o)
                0x20000e60                __malloc_free_list
 *(COMMON)
                0x20000e64                        . = ALIGN (0x4)
                0x20000e64                        _ebss = .
                0x20000e64                        __bss_end__ = _ebss

._user_heap_stack
                0x20000e64      0x604 load address 0x08009168
                0x20000e68                        . = ALIGN (0x8)
 *fill*         0x20000e64        0x4 
                [!provide]                        PROVIDE (end = .)
                0x20000e68                        PROVIDE (_end = .)
                0x20001068                        . = (. + _Min_Heap_Size)
 *fill*         0x20000e68      0x200 
                0x20001468                        . = (. + _Min_Stack_Size)
 *fill*         0x20001068      0x400 
                0x20001468                        . = ALIGN (0x8)

/DISCARD/
 libc.a(*)
 libm.a(*)
 libgcc.a(*)

.ARM.attributes
                0x00000000       0x30
 *(.ARM.attributes)
 .ARM.attributes
                0x00000000       0x22 E:/Program_file/STM32CubeIDE_1.16.1/STM32CubeIDE/plugins/com.st.stm32cube.ide.mcu.externaltools.gnu-tools-for-stm32.12.3.rel1.win32_1.0.200.202406191623/tools/bin/../lib/gcc/arm-none-eabi/12.3.1/thumb/v7e-m+fp/hard/crti.o
 .ARM.attributes
                0x00000022       0x34 E:/Program_file/STM32CubeIDE_1.16.1/STM32CubeIDE/plugins/com.st.stm32cube.ide.mcu.externaltools.gnu-tools-for-stm32.12.3.rel1.win32_1.0.200.202406191623/tools/bin/../lib/gcc/arm-none-eabi/12.3.1/thumb/v7e-m+fp/hard/crtbegin.o
 .ARM.attributes
                0x00000056       0x34 ./Core/Src/main.o
 .ARM.attributes
                0x0000008a       0x34 ./Core/Src/mainpp.o
 .ARM.attributes
                0x000000be       0x34 ./Core/Src/stm32f4xx_hal_msp.o
 .ARM.attributes
                0x000000f2       0x34 ./Core/Src/stm32f4xx_it.o
 .ARM.attributes
                0x00000126       0x34 ./Core/Src/sysmem.o
 .ARM.attributes
                0x0000015a       0x34 ./Core/Src/system_stm32f4xx.o
 .ARM.attributes
                0x0000018e       0x34 ./Core/Src/time.o
 .ARM.attributes
                0x000001c2       0x21 ./Core/Startup/startup_stm32f411vetx.o
 .ARM.attributes
                0x000001e3       0x34 ./Drivers/STM32F4xx_HAL_Driver/Src/stm32f4xx_hal.o
 .ARM.attributes
                0x00000217       0x34 ./Drivers/STM32F4xx_HAL_Driver/Src/stm32f4xx_hal_cortex.o
 .ARM.attributes
                0x0000024b       0x34 ./Drivers/STM32F4xx_HAL_Driver/Src/stm32f4xx_hal_dma.o
 .ARM.attributes
                0x0000027f       0x34 ./Drivers/STM32F4xx_HAL_Driver/Src/stm32f4xx_hal_gpio.o
 .ARM.attributes
                0x000002b3       0x34 ./Drivers/STM32F4xx_HAL_Driver/Src/stm32f4xx_hal_rcc.o
 .ARM.attributes
                0x000002e7       0x34 ./Drivers/STM32F4xx_HAL_Driver/Src/stm32f4xx_hal_tim.o
 .ARM.attributes
                0x0000031b       0x34 ./Drivers/STM32F4xx_HAL_Driver/Src/stm32f4xx_hal_tim_ex.o
 .ARM.attributes
                0x0000034f       0x34 ./Drivers/STM32F4xx_HAL_Driver/Src/stm32f4xx_hal_uart.o
 .ARM.attributes
                0x00000383       0x34 E:/Program_file/STM32CubeIDE_1.16.1/STM32CubeIDE/plugins/com.st.stm32cube.ide.mcu.externaltools.gnu-tools-for-stm32.12.3.rel1.win32_1.0.200.202406191623/tools/bin/../lib/gcc/arm-none-eabi/12.3.1/../../../../arm-none-eabi/lib/thumb/v7e-m+fp/hard\libc_nano.a(libc_a-realloc.o)
 .ARM.attributes
                0x000003b7       0x34 E:/Program_file/STM32CubeIDE_1.16.1/STM32CubeIDE/plugins/com.st.stm32cube.ide.mcu.externaltools.gnu-tools-for-stm32.12.3.rel1.win32_1.0.200.202406191623/tools/bin/../lib/gcc/arm-none-eabi/12.3.1/../../../../arm-none-eabi/lib/thumb/v7e-m+fp/hard\libc_nano.a(libc_a-reallocr.o)
 .ARM.attributes
                0x000003eb       0x34 E:/Program_file/STM32CubeIDE_1.16.1/STM32CubeIDE/plugins/com.st.stm32cube.ide.mcu.externaltools.gnu-tools-for-stm32.12.3.rel1.win32_1.0.200.202406191623/tools/bin/../lib/gcc/arm-none-eabi/12.3.1/../../../../arm-none-eabi/lib/thumb/v7e-m+fp/hard\libc_nano.a(libc_a-findfp.o)
 .ARM.attributes
                0x0000041f       0x34 E:/Program_file/STM32CubeIDE_1.16.1/STM32CubeIDE/plugins/com.st.stm32cube.ide.mcu.externaltools.gnu-tools-for-stm32.12.3.rel1.win32_1.0.200.202406191623/tools/bin/../lib/gcc/arm-none-eabi/12.3.1/../../../../arm-none-eabi/lib/thumb/v7e-m+fp/hard\libc_nano.a(libc_a-memset.o)
 .ARM.attributes
                0x00000453       0x34 E:/Program_file/STM32CubeIDE_1.16.1/STM32CubeIDE/plugins/com.st.stm32cube.ide.mcu.externaltools.gnu-tools-for-stm32.12.3.rel1.win32_1.0.200.202406191623/tools/bin/../lib/gcc/arm-none-eabi/12.3.1/../../../../arm-none-eabi/lib/thumb/v7e-m+fp/hard\libc_nano.a(libc_a-reent.o)
 .ARM.attributes
                0x00000487       0x34 E:/Program_file/STM32CubeIDE_1.16.1/STM32CubeIDE/plugins/com.st.stm32cube.ide.mcu.externaltools.gnu-tools-for-stm32.12.3.rel1.win32_1.0.200.202406191623/tools/bin/../lib/gcc/arm-none-eabi/12.3.1/../../../../arm-none-eabi/lib/thumb/v7e-m+fp/hard\libc_nano.a(libc_a-impure.o)
 .ARM.attributes
                0x000004bb       0x34 E:/Program_file/STM32CubeIDE_1.16.1/STM32CubeIDE/plugins/com.st.stm32cube.ide.mcu.externaltools.gnu-tools-for-stm32.12.3.rel1.win32_1.0.200.202406191623/tools/bin/../lib/gcc/arm-none-eabi/12.3.1/../../../../arm-none-eabi/lib/thumb/v7e-m+fp/hard\libc_nano.a(libc_a-errno.o)
 .ARM.attributes
                0x000004ef       0x34 E:/Program_file/STM32CubeIDE_1.16.1/STM32CubeIDE/plugins/com.st.stm32cube.ide.mcu.externaltools.gnu-tools-for-stm32.12.3.rel1.win32_1.0.200.202406191623/tools/bin/../lib/gcc/arm-none-eabi/12.3.1/../../../../arm-none-eabi/lib/thumb/v7e-m+fp/hard\libc_nano.a(libc_a-init.o)
 .ARM.attributes
                0x00000523       0x34 E:/Program_file/STM32CubeIDE_1.16.1/STM32CubeIDE/plugins/com.st.stm32cube.ide.mcu.externaltools.gnu-tools-for-stm32.12.3.rel1.win32_1.0.200.202406191623/tools/bin/../lib/gcc/arm-none-eabi/12.3.1/../../../../arm-none-eabi/lib/thumb/v7e-m+fp/hard\libc_nano.a(libc_a-lock.o)
 .ARM.attributes
                0x00000557       0x34 E:/Program_file/STM32CubeIDE_1.16.1/STM32CubeIDE/plugins/com.st.stm32cube.ide.mcu.externaltools.gnu-tools-for-stm32.12.3.rel1.win32_1.0.200.202406191623/tools/bin/../lib/gcc/arm-none-eabi/12.3.1/../../../../arm-none-eabi/lib/thumb/v7e-m+fp/hard\libc_nano.a(libc_a-memcpy-stub.o)
 .ARM.attributes
                0x0000058b       0x17 E:/Program_file/STM32CubeIDE_1.16.1/STM32CubeIDE/plugins/com.st.stm32cube.ide.mcu.externaltools.gnu-tools-for-stm32.12.3.rel1.win32_1.0.200.202406191623/tools/bin/../lib/gcc/arm-none-eabi/12.3.1/../../../../arm-none-eabi/lib/thumb/v7e-m+fp/hard\libc_nano.a(libc_a-strlen.o)
 .ARM.attributes
                0x000005a2       0x34 E:/Program_file/STM32CubeIDE_1.16.1/STM32CubeIDE/plugins/com.st.stm32cube.ide.mcu.externaltools.gnu-tools-for-stm32.12.3.rel1.win32_1.0.200.202406191623/tools/bin/../lib/gcc/arm-none-eabi/12.3.1/../../../../arm-none-eabi/lib/thumb/v7e-m+fp/hard\libc_nano.a(libc_a-freer.o)
 .ARM.attributes
                0x000005d6       0x34 E:/Program_file/STM32CubeIDE_1.16.1/STM32CubeIDE/plugins/com.st.stm32cube.ide.mcu.externaltools.gnu-tools-for-stm32.12.3.rel1.win32_1.0.200.202406191623/tools/bin/../lib/gcc/arm-none-eabi/12.3.1/../../../../arm-none-eabi/lib/thumb/v7e-m+fp/hard\libc_nano.a(libc_a-mallocr.o)
 .ARM.attributes
                0x0000060a       0x34 E:/Program_file/STM32CubeIDE_1.16.1/STM32CubeIDE/plugins/com.st.stm32cube.ide.mcu.externaltools.gnu-tools-for-stm32.12.3.rel1.win32_1.0.200.202406191623/tools/bin/../lib/gcc/arm-none-eabi/12.3.1/../../../../arm-none-eabi/lib/thumb/v7e-m+fp/hard\libc_nano.a(libc_a-mlock.o)
 .ARM.attributes
                0x0000063e       0x34 E:/Program_file/STM32CubeIDE_1.16.1/STM32CubeIDE/plugins/com.st.stm32cube.ide.mcu.externaltools.gnu-tools-for-stm32.12.3.rel1.win32_1.0.200.202406191623/tools/bin/../lib/gcc/arm-none-eabi/12.3.1/../../../../arm-none-eabi/lib/thumb/v7e-m+fp/hard\libc_nano.a(libc_a-msizer.o)
 .ARM.attributes
                0x00000672       0x34 E:/Program_file/STM32CubeIDE_1.16.1/STM32CubeIDE/plugins/com.st.stm32cube.ide.mcu.externaltools.gnu-tools-for-stm32.12.3.rel1.win32_1.0.200.202406191623/tools/bin/../lib/gcc/arm-none-eabi/12.3.1/../../../../arm-none-eabi/lib/thumb/v7e-m+fp/hard\libc_nano.a(libc_a-sbrkr.o)
 .ARM.attributes
                0x000006a6       0x22 E:/Program_file/STM32CubeIDE_1.16.1/STM32CubeIDE/plugins/com.st.stm32cube.ide.mcu.externaltools.gnu-tools-for-stm32.12.3.rel1.win32_1.0.200.202406191623/tools/bin/../lib/gcc/arm-none-eabi/12.3.1/thumb/v7e-m+fp/hard\libgcc.a(_arm_addsubdf3.o)
 .ARM.attributes
                0x000006c8       0x22 E:/Program_file/STM32CubeIDE_1.16.1/STM32CubeIDE/plugins/com.st.stm32cube.ide.mcu.externaltools.gnu-tools-for-stm32.12.3.rel1.win32_1.0.200.202406191623/tools/bin/../lib/gcc/arm-none-eabi/12.3.1/thumb/v7e-m+fp/hard\libgcc.a(_arm_muldivdf3.o)
 .ARM.attributes
                0x000006ea       0x22 E:/Program_file/STM32CubeIDE_1.16.1/STM32CubeIDE/plugins/com.st.stm32cube.ide.mcu.externaltools.gnu-tools-for-stm32.12.3.rel1.win32_1.0.200.202406191623/tools/bin/../lib/gcc/arm-none-eabi/12.3.1/thumb/v7e-m+fp/hard\libgcc.a(_arm_cmpdf2.o)
 .ARM.attributes
                0x0000070c       0x22 E:/Program_file/STM32CubeIDE_1.16.1/STM32CubeIDE/plugins/com.st.stm32cube.ide.mcu.externaltools.gnu-tools-for-stm32.12.3.rel1.win32_1.0.200.202406191623/tools/bin/../lib/gcc/arm-none-eabi/12.3.1/thumb/v7e-m+fp/hard\libgcc.a(_arm_fixdfsi.o)
 .ARM.attributes
                0x0000072e       0x22 E:/Program_file/STM32CubeIDE_1.16.1/STM32CubeIDE/plugins/com.st.stm32cube.ide.mcu.externaltools.gnu-tools-for-stm32.12.3.rel1.win32_1.0.200.202406191623/tools/bin/../lib/gcc/arm-none-eabi/12.3.1/thumb/v7e-m+fp/hard\libgcc.a(_arm_truncdfsf2.o)
 .ARM.attributes
                0x00000750       0x22 E:/Program_file/STM32CubeIDE_1.16.1/STM32CubeIDE/plugins/com.st.stm32cube.ide.mcu.externaltools.gnu-tools-for-stm32.12.3.rel1.win32_1.0.200.202406191623/tools/bin/../lib/gcc/arm-none-eabi/12.3.1/thumb/v7e-m+fp/hard\libgcc.a(_aeabi_uldivmod.o)
 .ARM.attributes
                0x00000772       0x34 E:/Program_file/STM32CubeIDE_1.16.1/STM32CubeIDE/plugins/com.st.stm32cube.ide.mcu.externaltools.gnu-tools-for-stm32.12.3.rel1.win32_1.0.200.202406191623/tools/bin/../lib/gcc/arm-none-eabi/12.3.1/thumb/v7e-m+fp/hard\libgcc.a(_udivmoddi4.o)
 .ARM.attributes
                0x000007a6       0x22 E:/Program_file/STM32CubeIDE_1.16.1/STM32CubeIDE/plugins/com.st.stm32cube.ide.mcu.externaltools.gnu-tools-for-stm32.12.3.rel1.win32_1.0.200.202406191623/tools/bin/../lib/gcc/arm-none-eabi/12.3.1/thumb/v7e-m+fp/hard\libgcc.a(_dvmd_tls.o)
 .ARM.attributes
                0x000007c8       0x22 E:/Program_file/STM32CubeIDE_1.16.1/STM32CubeIDE/plugins/com.st.stm32cube.ide.mcu.externaltools.gnu-tools-for-stm32.12.3.rel1.win32_1.0.200.202406191623/tools/bin/../lib/gcc/arm-none-eabi/12.3.1/thumb/v7e-m+fp/hard/crtn.o
OUTPUT(f411vet6_with_motor_encoder_wihros.elf elf32-littlearm)
LOAD linker stubs
LOAD E:/Program_file/STM32CubeIDE_1.16.1/STM32CubeIDE/plugins/com.st.stm32cube.ide.mcu.externaltools.gnu-tools-for-stm32.12.3.rel1.win32_1.0.200.202406191623/tools/bin/../lib/gcc/arm-none-eabi/12.3.1/../../../../arm-none-eabi/lib/thumb/v7e-m+fp/hard\libc.a
LOAD E:/Program_file/STM32CubeIDE_1.16.1/STM32CubeIDE/plugins/com.st.stm32cube.ide.mcu.externaltools.gnu-tools-for-stm32.12.3.rel1.win32_1.0.200.202406191623/tools/bin/../lib/gcc/arm-none-eabi/12.3.1/../../../../arm-none-eabi/lib/thumb/v7e-m+fp/hard\libm.a
LOAD E:/Program_file/STM32CubeIDE_1.16.1/STM32CubeIDE/plugins/com.st.stm32cube.ide.mcu.externaltools.gnu-tools-for-stm32.12.3.rel1.win32_1.0.200.202406191623/tools/bin/../lib/gcc/arm-none-eabi/12.3.1/thumb/v7e-m+fp/hard\libgcc.a

.debug_info     0x00000000    0x15a06
 .debug_info    0x00000000     0x1b83 ./Core/Src/main.o
 .debug_info    0x00001b83     0x6bd8 ./Core/Src/mainpp.o
 .debug_info    0x0000875b      0xfa1 ./Core/Src/stm32f4xx_hal_msp.o
 .debug_info    0x000096fc      0x6bd ./Core/Src/stm32f4xx_it.o
 .debug_info    0x00009db9      0x168 ./Core/Src/sysmem.o
 .debug_info    0x00009f21      0x53e ./Core/Src/system_stm32f4xx.o
 .debug_info    0x0000a45f     0x1928 ./Core/Src/time.o
 .debug_info    0x0000bd87       0x30 ./Core/Startup/startup_stm32f411vetx.o
 .debug_info    0x0000bdb7      0x8c4 ./Drivers/STM32F4xx_HAL_Driver/Src/stm32f4xx_hal.o
 .debug_info    0x0000c67b      0xcfc ./Drivers/STM32F4xx_HAL_Driver/Src/stm32f4xx_hal_cortex.o
 .debug_info    0x0000d377      0x8e6 ./Drivers/STM32F4xx_HAL_Driver/Src/stm32f4xx_hal_dma.o
 .debug_info    0x0000dc5d      0x6f9 ./Drivers/STM32F4xx_HAL_Driver/Src/stm32f4xx_hal_gpio.o
 .debug_info    0x0000e356      0x8f0 ./Drivers/STM32F4xx_HAL_Driver/Src/stm32f4xx_hal_rcc.o
 .debug_info    0x0000ec46     0x2996 ./Drivers/STM32F4xx_HAL_Driver/Src/stm32f4xx_hal_tim.o
 .debug_info    0x000115dc     0x14d4 ./Drivers/STM32F4xx_HAL_Driver/Src/stm32f4xx_hal_tim_ex.o
 .debug_info    0x00012ab0     0x2f56 ./Drivers/STM32F4xx_HAL_Driver/Src/stm32f4xx_hal_uart.o

.debug_abbrev   0x00000000     0x2a0f
 .debug_abbrev  0x00000000      0x354 ./Core/Src/main.o
 .debug_abbrev  0x00000354      0x992 ./Core/Src/mainpp.o
 .debug_abbrev  0x00000ce6      0x268 ./Core/Src/stm32f4xx_hal_msp.o
 .debug_abbrev  0x00000f4e      0x1b1 ./Core/Src/stm32f4xx_it.o
 .debug_abbrev  0x000010ff       0xbc ./Core/Src/sysmem.o
 .debug_abbrev  0x000011bb      0x11a ./Core/Src/system_stm32f4xx.o
 .debug_abbrev  0x000012d5      0x2c8 ./Core/Src/time.o
 .debug_abbrev  0x0000159d       0x24 ./Core/Startup/startup_stm32f411vetx.o
 .debug_abbrev  0x000015c1      0x24b ./Drivers/STM32F4xx_HAL_Driver/Src/stm32f4xx_hal.o
 .debug_abbrev  0x0000180c      0x31d ./Drivers/STM32F4xx_HAL_Driver/Src/stm32f4xx_hal_cortex.o
 .debug_abbrev  0x00001b29      0x221 ./Drivers/STM32F4xx_HAL_Driver/Src/stm32f4xx_hal_dma.o
 .debug_abbrev  0x00001d4a      0x1d3 ./Drivers/STM32F4xx_HAL_Driver/Src/stm32f4xx_hal_gpio.o
 .debug_abbrev  0x00001f1d      0x2b6 ./Drivers/STM32F4xx_HAL_Driver/Src/stm32f4xx_hal_rcc.o
 .debug_abbrev  0x000021d3      0x28b ./Drivers/STM32F4xx_HAL_Driver/Src/stm32f4xx_hal_tim.o
 .debug_abbrev  0x0000245e      0x296 ./Drivers/STM32F4xx_HAL_Driver/Src/stm32f4xx_hal_tim_ex.o
 .debug_abbrev  0x000026f4      0x31b ./Drivers/STM32F4xx_HAL_Driver/Src/stm32f4xx_hal_uart.o

.debug_aranges  0x00000000      0xfc8
 .debug_aranges
                0x00000000       0x58 ./Core/Src/main.o
 .debug_aranges
                0x00000058      0x318 ./Core/Src/mainpp.o
 .debug_aranges
                0x00000370       0x48 ./Core/Src/stm32f4xx_hal_msp.o
 .debug_aranges
                0x000003b8       0x88 ./Core/Src/stm32f4xx_it.o
 .debug_aranges
                0x00000440       0x20 ./Core/Src/sysmem.o
 .debug_aranges
                0x00000460       0x28 ./Core/Src/system_stm32f4xx.o
 .debug_aranges
                0x00000488       0x48 ./Core/Src/time.o
 .debug_aranges
                0x000004d0       0x28 ./Core/Startup/startup_stm32f411vetx.o
 .debug_aranges
                0x000004f8       0xf0 ./Drivers/STM32F4xx_HAL_Driver/Src/stm32f4xx_hal.o
 .debug_aranges
                0x000005e8      0x130 ./Drivers/STM32F4xx_HAL_Driver/Src/stm32f4xx_hal_cortex.o
 .debug_aranges
                0x00000718       0x90 ./Drivers/STM32F4xx_HAL_Driver/Src/stm32f4xx_hal_dma.o
 .debug_aranges
                0x000007a8       0x58 ./Drivers/STM32F4xx_HAL_Driver/Src/stm32f4xx_hal_gpio.o
 .debug_aranges
                0x00000800       0x88 ./Drivers/STM32F4xx_HAL_Driver/Src/stm32f4xx_hal_rcc.o
 .debug_aranges
                0x00000888      0x3d0 ./Drivers/STM32F4xx_HAL_Driver/Src/stm32f4xx_hal_tim.o
 .debug_aranges
                0x00000c58      0x168 ./Drivers/STM32F4xx_HAL_Driver/Src/stm32f4xx_hal_tim_ex.o
 .debug_aranges
                0x00000dc0      0x208 ./Drivers/STM32F4xx_HAL_Driver/Src/stm32f4xx_hal_uart.o

.debug_rnglists
                0x00000000      0xc60
 .debug_rnglists
                0x00000000       0x41 ./Core/Src/main.o
 .debug_rnglists
                0x00000041      0x276 ./Core/Src/mainpp.o
 .debug_rnglists
                0x000002b7       0x32 ./Core/Src/stm32f4xx_hal_msp.o
 .debug_rnglists
                0x000002e9       0x61 ./Core/Src/stm32f4xx_it.o
 .debug_rnglists
                0x0000034a       0x13 ./Core/Src/sysmem.o
 .debug_rnglists
                0x0000035d       0x1a ./Core/Src/system_stm32f4xx.o
 .debug_rnglists
                0x00000377       0x31 ./Core/Src/time.o
 .debug_rnglists
                0x000003a8       0x19 ./Core/Startup/startup_stm32f411vetx.o
 .debug_rnglists
                0x000003c1       0xaf ./Drivers/STM32F4xx_HAL_Driver/Src/stm32f4xx_hal.o
 .debug_rnglists
                0x00000470       0xe0 ./Drivers/STM32F4xx_HAL_Driver/Src/stm32f4xx_hal_cortex.o
 .debug_rnglists
                0x00000550       0x70 ./Drivers/STM32F4xx_HAL_Driver/Src/stm32f4xx_hal_dma.o
 .debug_rnglists
                0x000005c0       0x3f ./Drivers/STM32F4xx_HAL_Driver/Src/stm32f4xx_hal_gpio.o
 .debug_rnglists
                0x000005ff       0x66 ./Drivers/STM32F4xx_HAL_Driver/Src/stm32f4xx_hal_rcc.o
 .debug_rnglists
                0x00000665      0x31a ./Drivers/STM32F4xx_HAL_Driver/Src/stm32f4xx_hal_tim.o
 .debug_rnglists
                0x0000097f      0x125 ./Drivers/STM32F4xx_HAL_Driver/Src/stm32f4xx_hal_tim_ex.o
 .debug_rnglists
                0x00000aa4      0x1bc ./Drivers/STM32F4xx_HAL_Driver/Src/stm32f4xx_hal_uart.o

.debug_macro    0x00000000    0x1768f
 .debug_macro   0x00000000      0x36d ./Core/Src/main.o
 .debug_macro   0x0000036d      0x29b ./Core/Src/main.o
 .debug_macro   0x00000608       0x2e ./Core/Src/main.o
 .debug_macro   0x00000636       0x28 ./Core/Src/main.o
 .debug_macro   0x0000065e       0x8e ./Core/Src/main.o
 .debug_macro   0x000006ec       0x51 ./Core/Src/main.o
 .debug_macro   0x0000073d       0x1c ./Core/Src/main.o
 .debug_macro   0x00000759       0x22 ./Core/Src/main.o
 .debug_macro   0x0000077b       0xfb ./Core/Src/main.o
 .debug_macro   0x00000876     0x1011 ./Core/Src/main.o
 .debug_macro   0x00001887      0x11f ./Core/Src/main.o
 .debug_macro   0x000019a6     0xb953 ./Core/Src/main.o
 .debug_macro   0x0000d2f9       0x6d ./Core/Src/main.o
 .debug_macro   0x0000d366     0x369a ./Core/Src/main.o
 .debug_macro   0x00010a00       0x5c ./Core/Src/main.o
 .debug_macro   0x00010a5c      0x45c ./Core/Src/main.o
 .debug_macro   0x00010eb8      0x9e9 ./Core/Src/main.o
 .debug_macro   0x000118a1      0x115 ./Core/Src/main.o
 .debug_macro   0x000119b6      0x11b ./Core/Src/main.o
 .debug_macro   0x00011ad1       0xa5 ./Core/Src/main.o
 .debug_macro   0x00011b76      0x15f ./Core/Src/main.o
 .debug_macro   0x00011cd5      0x287 ./Core/Src/main.o
 .debug_macro   0x00011f5c       0x5f ./Core/Src/main.o
 .debug_macro   0x00011fbb      0x236 ./Core/Src/main.o
 .debug_macro   0x000121f1      0x132 ./Core/Src/main.o
 .debug_macro   0x00012323      0x264 ./Core/Src/main.o
 .debug_macro   0x00012587       0x2e ./Core/Src/main.o
 .debug_macro   0x000125b5      0x127 ./Core/Src/main.o
 .debug_macro   0x000126dc       0x85 ./Core/Src/main.o
 .debug_macro   0x00012761       0x89 ./Core/Src/main.o
 .debug_macro   0x000127ea      0x8ed ./Core/Src/main.o
 .debug_macro   0x000130d7       0x47 ./Core/Src/main.o
 .debug_macro   0x0001311e      0x2aa ./Core/Src/main.o
 .debug_macro   0x000133c8      0x126 ./Core/Src/main.o
 .debug_macro   0x000134ee       0x61 ./Core/Src/main.o
 .debug_macro   0x0001354f       0x16 ./Core/Src/main.o
 .debug_macro   0x00013565       0x10 ./Core/Src/main.o
 .debug_macro   0x00013575       0x16 ./Core/Src/main.o
 .debug_macro   0x0001358b       0x16 ./Core/Src/main.o
 .debug_macro   0x000135a1      0x138 ./Core/Src/main.o
 .debug_macro   0x000136d9       0x16 ./Core/Src/main.o
 .debug_macro   0x000136ef       0x20 ./Core/Src/main.o
 .debug_macro   0x0001370f       0x10 ./Core/Src/main.o
 .debug_macro   0x0001371f       0x1c ./Core/Src/main.o
 .debug_macro   0x0001373b       0xde ./Core/Src/main.o
 .debug_macro   0x00013819      0x45f ./Core/Src/mainpp.o
 .debug_macro   0x00013c78       0x10 ./Core/Src/mainpp.o
 .debug_macro   0x00013c88      0x3cd ./Core/Src/mainpp.o
 .debug_macro   0x00014055       0x10 ./Core/Src/mainpp.o