Add Component: Footprint Not Found HDR2X25 (Primary)
Add Component: Footprint Not Found HDR2X25 (Primary)
Added Net: Name=3V
Added Net: Name=5V
Added Net: Name=BOOT0
Added Net: Name=GND
Added Net: Name=NRST
Added Net: Name=PA0
Added Net: Name=PA1
Added Net: Name=PA2
Added Net: Name=PA3
Added Net: Name=PA4
Added Net: Name=PA5
Added Net: Name=PA6
Added Net: Name=PA7
Added Net: Name=PA8
Added Net: Name=PA9
Added Net: Name=PA10
Added Net: Name=PA13
Added Net: Name=PA14
Added Net: Name=PA15
Added Net: Name=PB0
Added Net: Name=PB1
Added Net: Name=PB2
Added Net: Name=PB3
Added Net: Name=PB4
Added Net: Name=PB5
Added Net: Name=PB6
Added Net: Name=PB7
Added Net: Name=PB8
Added Net: Name=PB9
Added Net: Name=PB10
Added Net: Name=PB12
Added Net: Name=PB13
Added Net: Name=PB14
Added Net: Name=PB15
Added Net: Name=PC0
Added Net: Name=PC1
Added Net: Name=PC2
Added Net: Name=PC3
Added Net: Name=PC4
Added Net: Name=PC5
Added Net: Name=PC6
Added Net: Name=PC7
Added Net: Name=PC8
Added Net: Name=PC9
Added Net: Name=PC10
Added Net: Name=PC11
Added Net: Name=PC12
Added Net: Name=PC13
Added Net: Name=PC14
Added Net: Name=PC15
Added Net: Name=PD0
Added Net: Name=PD1
Added Net: Name=PD2
Added Net: Name=PD3
Added Net: Name=PD4
Added Net: Name=PD5
Added Net: Name=PD6
Added Net: Name=PD7
Added Net: Name=PD8
Added Net: Name=PD9
Added Net: Name=PD10
Added Net: Name=PD11
Added Net: Name=PD12
Added Net: Name=PD13
Added Net: Name=PD14
Added Net: Name=PD15
Added Net: Name=PE0
Added Net: Name=PE1
Added Net: Name=PE2
Added Net: Name=PE3
Added Net: Name=PE4
Added Net: Name=PE5
Added Net: Name=PE6
Added Net: Name=PE7
Added Net: Name=PE8
Added Net: Name=PE9
Added Net: Name=PE10
Added Net: Name=PE11
Added Net: Name=PE12
Added Net: Name=PE13
Added Net: Name=PE14
Added Net: Name=PE15
Added Net: Name=PH0
Added Net: Name=PH1
Added Net: Name=VDD
Added Class: Name=Sheet1
Added Room: Name=Sheet1
