Linked: (/home/thanh/catkin_ws/devel/.private/turtlebot3_msgs/include/turtlebot3_msgs/SensorState.h, /home/thanh/catkin_ws/devel/include/turtlebot3_msgs/SensorState.h)
Linked: (/home/thanh/catkin_ws/devel/.private/turtlebot3_msgs/include/turtlebot3_msgs/VersionInfo.h, /home/thanh/catkin_ws/devel/include/turtlebot3_msgs/VersionInfo.h)
Linked: (/home/thanh/catkin_ws/devel/.private/turtlebot3_msgs/include/turtlebot3_msgs/Sound.h, /home/thanh/catkin_ws/devel/include/turtlebot3_msgs/Sound.h)
Linked: (/home/thanh/catkin_ws/devel/.private/turtlebot3_msgs/lib/pkgconfig/turtlebot3_msgs.pc, /home/thanh/catkin_ws/devel/lib/pkgconfig/turtlebot3_msgs.pc)
Linked: (/home/thanh/catkin_ws/devel/.private/turtlebot3_msgs/lib/python3/dist-packages/turtlebot3_msgs/__init__.py, /home/thanh/catkin_ws/devel/lib/python3/dist-packages/turtlebot3_msgs/__init__.py)
Linked: (/home/thanh/catkin_ws/devel/.private/turtlebot3_msgs/lib/python3/dist-packages/turtlebot3_msgs/msg/_SensorState.py, /home/thanh/catkin_ws/devel/lib/python3/dist-packages/turtlebot3_msgs/msg/_SensorState.py)
Linked: (/home/thanh/catkin_ws/devel/.private/turtlebot3_msgs/lib/python3/dist-packages/turtlebot3_msgs/msg/_VersionInfo.py, /home/thanh/catkin_ws/devel/lib/python3/dist-packages/turtlebot3_msgs/msg/_VersionInfo.py)
Linked: (/home/thanh/catkin_ws/devel/.private/turtlebot3_msgs/lib/python3/dist-packages/turtlebot3_msgs/msg/__init__.py, /home/thanh/catkin_ws/devel/lib/python3/dist-packages/turtlebot3_msgs/msg/__init__.py)
Linked: (/home/thanh/catkin_ws/devel/.private/turtlebot3_msgs/lib/python3/dist-packages/turtlebot3_msgs/msg/_Sound.py, /home/thanh/catkin_ws/devel/lib/python3/dist-packages/turtlebot3_msgs/msg/_Sound.py)
Linked: (/home/thanh/catkin_ws/devel/.private/turtlebot3_msgs/share/roseus/ros/turtlebot3_msgs/manifest.l, /home/thanh/catkin_ws/devel/share/roseus/ros/turtlebot3_msgs/manifest.l)
Linked: (/home/thanh/catkin_ws/devel/.private/turtlebot3_msgs/share/roseus/ros/turtlebot3_msgs/msg/Sound.l, /home/thanh/catkin_ws/devel/share/roseus/ros/turtlebot3_msgs/msg/Sound.l)
Linked: (/home/thanh/catkin_ws/devel/.private/turtlebot3_msgs/share/roseus/ros/turtlebot3_msgs/msg/VersionInfo.l, /home/thanh/catkin_ws/devel/share/roseus/ros/turtlebot3_msgs/msg/VersionInfo.l)
Linked: (/home/thanh/catkin_ws/devel/.private/turtlebot3_msgs/share/roseus/ros/turtlebot3_msgs/msg/SensorState.l, /home/thanh/catkin_ws/devel/share/roseus/ros/turtlebot3_msgs/msg/SensorState.l)
Linked: (/home/thanh/catkin_ws/devel/.private/turtlebot3_msgs/share/common-lisp/ros/turtlebot3_msgs/msg/turtlebot3_msgs-msg.asd, /home/thanh/catkin_ws/devel/share/common-lisp/ros/turtlebot3_msgs/msg/turtlebot3_msgs-msg.asd)
Linked: (/home/thanh/catkin_ws/devel/.private/turtlebot3_msgs/share/common-lisp/ros/turtlebot3_msgs/msg/Sound.lisp, /home/thanh/catkin_ws/devel/share/common-lisp/ros/turtlebot3_msgs/msg/Sound.lisp)
Linked: (/home/thanh/catkin_ws/devel/.private/turtlebot3_msgs/share/common-lisp/ros/turtlebot3_msgs/msg/_package_VersionInfo.lisp, /home/thanh/catkin_ws/devel/share/common-lisp/ros/turtlebot3_msgs/msg/_package_VersionInfo.lisp)
Linked: (/home/thanh/catkin_ws/devel/.private/turtlebot3_msgs/share/common-lisp/ros/turtlebot3_msgs/msg/SensorState.lisp, /home/thanh/catkin_ws/devel/share/common-lisp/ros/turtlebot3_msgs/msg/SensorState.lisp)
Linked: (/home/thanh/catkin_ws/devel/.private/turtlebot3_msgs/share/common-lisp/ros/turtlebot3_msgs/msg/_package_Sound.lisp, /home/thanh/catkin_ws/devel/share/common-lisp/ros/turtlebot3_msgs/msg/_package_Sound.lisp)
Linked: (/home/thanh/catkin_ws/devel/.private/turtlebot3_msgs/share/common-lisp/ros/turtlebot3_msgs/msg/_package_SensorState.lisp, /home/thanh/catkin_ws/devel/share/common-lisp/ros/turtlebot3_msgs/msg/_package_SensorState.lisp)
Linked: (/home/thanh/catkin_ws/devel/.private/turtlebot3_msgs/share/common-lisp/ros/turtlebot3_msgs/msg/VersionInfo.lisp, /home/thanh/catkin_ws/devel/share/common-lisp/ros/turtlebot3_msgs/msg/VersionInfo.lisp)
Linked: (/home/thanh/catkin_ws/devel/.private/turtlebot3_msgs/share/common-lisp/ros/turtlebot3_msgs/msg/_package.lisp, /home/thanh/catkin_ws/devel/share/common-lisp/ros/turtlebot3_msgs/msg/_package.lisp)
Linked: (/home/thanh/catkin_ws/devel/.private/turtlebot3_msgs/share/gennodejs/ros/turtlebot3_msgs/_index.js, /home/thanh/catkin_ws/devel/share/gennodejs/ros/turtlebot3_msgs/_index.js)
Linked: (/home/thanh/catkin_ws/devel/.private/turtlebot3_msgs/share/gennodejs/ros/turtlebot3_msgs/msg/VersionInfo.js, /home/thanh/catkin_ws/devel/share/gennodejs/ros/turtlebot3_msgs/msg/VersionInfo.js)
Linked: (/home/thanh/catkin_ws/devel/.private/turtlebot3_msgs/share/gennodejs/ros/turtlebot3_msgs/msg/Sound.js, /home/thanh/catkin_ws/devel/share/gennodejs/ros/turtlebot3_msgs/msg/Sound.js)
Linked: (/home/thanh/catkin_ws/devel/.private/turtlebot3_msgs/share/gennodejs/ros/turtlebot3_msgs/msg/_index.js, /home/thanh/catkin_ws/devel/share/gennodejs/ros/turtlebot3_msgs/msg/_index.js)
Linked: (/home/thanh/catkin_ws/devel/.private/turtlebot3_msgs/share/gennodejs/ros/turtlebot3_msgs/msg/SensorState.js, /home/thanh/catkin_ws/devel/share/gennodejs/ros/turtlebot3_msgs/msg/SensorState.js)
Linked: (/home/thanh/catkin_ws/devel/.private/turtlebot3_msgs/share/turtlebot3_msgs/cmake/turtlebot3_msgs-msg-extras.cmake, /home/thanh/catkin_ws/devel/share/turtlebot3_msgs/cmake/turtlebot3_msgs-msg-extras.cmake)
Linked: (/home/thanh/catkin_ws/devel/.private/turtlebot3_msgs/share/turtlebot3_msgs/cmake/turtlebot3_msgsConfig.cmake, /home/thanh/catkin_ws/devel/share/turtlebot3_msgs/cmake/turtlebot3_msgsConfig.cmake)
Linked: (/home/thanh/catkin_ws/devel/.private/turtlebot3_msgs/share/turtlebot3_msgs/cmake/turtlebot3_msgsConfig-version.cmake, /home/thanh/catkin_ws/devel/share/turtlebot3_msgs/cmake/turtlebot3_msgsConfig-version.cmake)
Linked: (/home/thanh/catkin_ws/devel/.private/turtlebot3_msgs/share/turtlebot3_msgs/cmake/turtlebot3_msgs-msg-paths.cmake, /home/thanh/catkin_ws/devel/share/turtlebot3_msgs/cmake/turtlebot3_msgs-msg-paths.cmake)
